Archive member included because of file (symbol)

.\libstm32f072_16m.a(stm32f0xx_dma.o)
                              bsp/spi_f0.o (DMA_DeInit)
.\libstm32f072_16m.a(stm32f0xx_flash.o)
                              main.o (FLASH_SetLatency)
.\libstm32f072_16m.a(stm32f0xx_gpio.o)
                              bsp/gpio_f0.o (GPIO_Init)
.\libstm32f072_16m.a(stm32f0xx_misc.o)
                              bsp/usart_f0.o (NVIC_Init)
.\libstm32f072_16m.a(stm32f0xx_rcc.o)
                              main.o (RCC_DeInit)
.\libstm32f072_16m.a(stm32f0xx_spi.o)
                              bsp/spi_f0.o (SPI_StructInit)
.\libstm32f072_16m.a(stm32f0xx_syscfg.o)
                              main.o (SYSCFG_MemoryRemapConfig)
.\libstm32f072_16m.a(stm32f0xx_usart.o)
                              bsp/usart_f0.o (USART_DeInit)
c:/yagarto/bin/../lib/gcc/arm-none-eabi/4.9.3/armv6-m\libgcc.a(_thumb1_case_uqi.o)
                              usb/usbd_pwr.o (__gnu_thumb1_case_uqi)
c:/yagarto/bin/../lib/gcc/arm-none-eabi/4.9.3/armv6-m\libgcc.a(_udivsi3.o)
                              c:/yagarto/cmsis_cm0_v150/_usb/usbd_classes/msc/src/usbd_msc_scsi.o (__aeabi_uidiv)
c:/yagarto/bin/../lib/gcc/arm-none-eabi/4.9.3/armv6-m\libgcc.a(_divsi3.o)
                              app/cli.o (__aeabi_idiv)
c:/yagarto/bin/../lib/gcc/arm-none-eabi/4.9.3/armv6-m\libgcc.a(_dvmd_tls.o)
                              c:/yagarto/bin/../lib/gcc/arm-none-eabi/4.9.3/armv6-m\libgcc.a(_udivsi3.o) (__aeabi_idiv0)
c:/yagarto/bin/../lib/gcc/arm-none-eabi/4.9.3/../../../../arm-none-eabi/lib/armv6-m\libc_nano.a(lib_a-memcmp.o)
                              app/dataconfig.o (memcmp)
c:/yagarto/bin/../lib/gcc/arm-none-eabi/4.9.3/../../../../arm-none-eabi/lib/armv6-m\libc_nano.a(lib_a-memcpy.o)
                              main.o (memcpy)
c:/yagarto/bin/../lib/gcc/arm-none-eabi/4.9.3/../../../../arm-none-eabi/lib/armv6-m\libc_nano.a(lib_a-memset.o)
                              app/cli.o (memset)
c:/yagarto/bin/../lib/gcc/arm-none-eabi/4.9.3/../../../../arm-none-eabi/lib/armv6-m\libc_nano.a(lib_a-printf.o)
                              app/cli.o (printf)
c:/yagarto/bin/../lib/gcc/arm-none-eabi/4.9.3/../../../../arm-none-eabi/lib/armv6-m\libc_nano.a(lib_a-puts.o)
                              app/cli.o (puts)
c:/yagarto/bin/../lib/gcc/arm-none-eabi/4.9.3/../../../../arm-none-eabi/lib/armv6-m\libc_nano.a(lib_a-strcasecmp.o)
                              app/cli.o (strcasecmp)
c:/yagarto/bin/../lib/gcc/arm-none-eabi/4.9.3/../../../../arm-none-eabi/lib/armv6-m\libc_nano.a(lib_a-strlen.o)
                              app/cli.o (strlen)
c:/yagarto/bin/../lib/gcc/arm-none-eabi/4.9.3/../../../../arm-none-eabi/lib/armv6-m\libc_nano.a(lib_a-strncpy.o)
                              app/cli.o (strncpy)
c:/yagarto/bin/../lib/gcc/arm-none-eabi/4.9.3/../../../../arm-none-eabi/lib/armv6-m\libc_nano.a(lib_a-strtok.o)
                              app/cli.o (strtok)
c:/yagarto/bin/../lib/gcc/arm-none-eabi/4.9.3/../../../../arm-none-eabi/lib/armv6-m\libc_nano.a(lib_a-strtok_r.o)
                              c:/yagarto/bin/../lib/gcc/arm-none-eabi/4.9.3/../../../../arm-none-eabi/lib/armv6-m\libc_nano.a(lib_a-strtok.o) (__strtok_r)
c:/yagarto/bin/../lib/gcc/arm-none-eabi/4.9.3/../../../../arm-none-eabi/lib/armv6-m\libc_nano.a(lib_a-strtol.o)
                              app/cli.o (strtol)
c:/yagarto/bin/../lib/gcc/arm-none-eabi/4.9.3/../../../../arm-none-eabi/lib/armv6-m\libc_nano.a(lib_a-wbuf.o)
                              c:/yagarto/bin/../lib/gcc/arm-none-eabi/4.9.3/../../../../arm-none-eabi/lib/armv6-m\libc_nano.a(lib_a-puts.o) (__swbuf_r)
c:/yagarto/bin/../lib/gcc/arm-none-eabi/4.9.3/../../../../arm-none-eabi/lib/armv6-m\libc_nano.a(lib_a-wsetup.o)
                              c:/yagarto/bin/../lib/gcc/arm-none-eabi/4.9.3/../../../../arm-none-eabi/lib/armv6-m\libc_nano.a(lib_a-puts.o) (__swsetup_r)
c:/yagarto/bin/../lib/gcc/arm-none-eabi/4.9.3/../../../../arm-none-eabi/lib/armv6-m\libc_nano.a(lib_a-ctype_.o)
                              c:/yagarto/bin/../lib/gcc/arm-none-eabi/4.9.3/../../../../arm-none-eabi/lib/armv6-m\libc_nano.a(lib_a-strcasecmp.o) (__ctype_ptr__)
c:/yagarto/bin/../lib/gcc/arm-none-eabi/4.9.3/../../../../arm-none-eabi/lib/armv6-m\libc_nano.a(lib_a-fflush.o)
                              c:/yagarto/bin/../lib/gcc/arm-none-eabi/4.9.3/../../../../arm-none-eabi/lib/armv6-m\libc_nano.a(lib_a-wbuf.o) (_fflush_r)
c:/yagarto/bin/../lib/gcc/arm-none-eabi/4.9.3/../../../../arm-none-eabi/lib/armv6-m\libc_nano.a(lib_a-findfp.o)
                              c:/yagarto/bin/../lib/gcc/arm-none-eabi/4.9.3/../../../../arm-none-eabi/lib/armv6-m\libc_nano.a(lib_a-printf.o) (__sinit)
c:/yagarto/bin/../lib/gcc/arm-none-eabi/4.9.3/../../../../arm-none-eabi/lib/armv6-m\libc_nano.a(lib_a-fwalk.o)
                              c:/yagarto/bin/../lib/gcc/arm-none-eabi/4.9.3/../../../../arm-none-eabi/lib/armv6-m\libc_nano.a(lib_a-findfp.o) (_fwalk)
[...]
Memory Configuration

Name             Origin             Length             Attributes
FLASH            0x08002800         0x0001d800         xr
RAM              0x20000100         0x00003f00         xrw
MEMORY_B1        0x60000000         0x00000000         xr
*default*        0x00000000         0xffffffff

Linker script and memory map

LOAD c:/yagarto/cmsis_cm0_v150/_startup/startup_stm32f072.o
LOAD bsp_init.o
LOAD main.o
LOAD stm32f0xx_it.o
LOAD _libs/misc.o
LOAD _libs/syscall.o
LOAD app/cli.o
LOAD app/dataconfig.o
LOAD app/key.o
LOAD app/tasks.o
LOAD drv/hc595.o
LOAD drv/spiflash.o
LOAD bsp/gpio_f0.o
LOAD bsp/spi_f0.o
LOAD bsp/usart_f0.o
LOAD usb/usb_bsp.o
LOAD usb/usbd_desc.o
LOAD usb/usbd_pwr.o
LOAD usb/usbd_storage_msd.o
LOAD usb/usbd_usr.o
LOAD thirdparty/flash_eeprom/flash_eeprom.o
LOAD thirdparty/zkey/zkey.o
LOAD thirdparty/ztask/ztask.o
LOAD c:/yagarto/cmsis_cm0_v150/_usb/usbd_core/src/usbd_core.o
LOAD c:/yagarto/cmsis_cm0_v150/_usb/usbd_core/src/usbd_ioreq.o
LOAD c:/yagarto/cmsis_cm0_v150/_usb/usbd_core/src/usbd_req.o
LOAD c:/yagarto/cmsis_cm0_v150/_usb/usbd_drv/src/usb_core.o
LOAD c:/yagarto/cmsis_cm0_v150/_usb/usbd_drv/src/usb_dcd.o
LOAD c:/yagarto/cmsis_cm0_v150/_usb/usbd_drv/src/usb_dcd_int.o
LOAD c:/yagarto/cmsis_cm0_v150/_usb/usbd_classes/msc/src/usbd_msc_bot.o
LOAD c:/yagarto/cmsis_cm0_v150/_usb/usbd_classes/msc/src/usbd_msc_core.o
LOAD c:/yagarto/cmsis_cm0_v150/_usb/usbd_classes/msc/src/usbd_msc_data.o
LOAD c:/yagarto/cmsis_cm0_v150/_usb/usbd_classes/msc/src/usbd_msc_scsi.o
LOAD .\libstm32f072_16m.a
START GROUP
LOAD c:/yagarto/bin/../lib/gcc/arm-none-eabi/4.9.3/armv6-m\libgcc.a
LOAD c:/yagarto/bin/../lib/gcc/arm-none-eabi/4.9.3/../../../../arm-none-eabi/lib/armv6-m\libc_nano.a
END GROUP
START GROUP
LOAD c:/yagarto/bin/../lib/gcc/arm-none-eabi/4.9.3/armv6-m\libgcc.a
LOAD c:/yagarto/bin/../lib/gcc/arm-none-eabi/4.9.3/../../../../arm-none-eabi/lib/armv6-m\libc_nano.a
END GROUP
                0x00000000                _Min_Heap_Size = 0x0
                0x00000400                _Min_Stack_Size = 0x400
                0x20004000                _estack = (ORIGIN (RAM) + 0x3f00)

.isr_vector     0x08002800       0xc4
                0x08002800                . = ALIGN (0x4)
 *(.isr_vector)
 .isr_vector    0x08002800       0xc4 c:/yagarto/cmsis_cm0_v150/_startup/startup_stm32f072.o
                0x08002800                g_pfnVectors
                0x080028c4                . = ALIGN (0x4)

.text           0x080028c4     0x4f64
                0x080028c4                . = ALIGN (0x4)
 *(.text)
 .text          0x080028c4       0x14 c:/yagarto/bin/../lib/gcc/arm-none-eabi/4.9.3/armv6-m\libgcc.a(_thumb1_case_uqi.o)
                0x080028c4                __gnu_thumb1_case_uqi
 .text          0x080028d8      0x120 c:/yagarto/bin/../lib/gcc/arm-none-eabi/4.9.3/armv6-m\libgcc.a(_udivsi3.o)
                0x080028d8                __aeabi_uidiv
                0x080028d8                __udivsi3
                0x080029e4                __aeabi_uidivmod
 .text          0x080029f8      0x1e0 c:/yagarto/bin/../lib/gcc/arm-none-eabi/4.9.3/armv6-m\libgcc.a(_divsi3.o)
                0x080029f8                __divsi3
                0x080029f8                __aeabi_idiv
                0x08002bc4                __aeabi_idivmod
 .text          0x08002bd8        0x4 c:/yagarto/bin/../lib/gcc/arm-none-eabi/4.9.3/armv6-m\libgcc.a(_dvmd_tls.o)
                0x08002bd8                __aeabi_idiv0
                0x08002bd8                __aeabi_ldiv0
 *(.text*)
 .text.Reset_Handler
                0x08002bdc       0x7c c:/yagarto/cmsis_cm0_v150/_startup/startup_stm32f072.o
                0x08002bdc                Reset_Handler
 .text.Default_Handler
                0x08002c58        0x2 c:/yagarto/cmsis_cm0_v150/_startup/startup_stm32f072.o
                0x08002c58                TIM1_CC_IRQHandler
                0x08002c58                TSC_IRQHandler
                0x08002c58                ADC1_COMP_IRQHandler
                0x08002c58                I2C1_IRQHandler
                0x08002c58                RCC_CRS_IRQHandler
                0x08002c58                SPI1_IRQHandler
                0x08002c58                TIM6_DAC_IRQHandler
                0x08002c58                EXTI2_3_IRQHandler
                0x08002c58                I2C2_IRQHandler
                0x08002c58                TIM17_IRQHandler
                0x08002c58                CEC_CAN_IRQHandler
                0x08002c58                RTC_IRQHandler
                0x08002c58                PVD_VDDIO2_IRQHandler
                0x08002c58                DMA1_Channel4_5_6_7_IRQHandler
                0x08002c58                TIM16_IRQHandler
                0x08002c58                TIM3_IRQHandler
                0x08002c58                DMA1_Channel1_IRQHandler
                0x08002c58                Default_Handler
                0x08002c58                TIM14_IRQHandler
                0x08002c58                TIM7_IRQHandler
                0x08002c58                TIM15_IRQHandler
                0x08002c58                EXTI0_1_IRQHandler
                0x08002c58                SPI2_IRQHandler
                0x08002c58                WWDG_IRQHandler
                0x08002c58                TIM2_IRQHandler
                0x08002c58                DMA1_Channel2_3_IRQHandler
                0x08002c58                USART2_IRQHandler
                0x08002c58                FLASH_IRQHandler
                0x08002c58                USART1_IRQHandler
                0x08002c58                TIM1_BRK_UP_TRG_COM_IRQHandler
 *fill*         0x08002c5a        0x2 
 .text.SPI2_SetCS
                0x08002c5c       0x18 bsp_init.o
 .text.SPI1_SetCS
                0x08002c74       0x14 bsp_init.o
 .text.SPI1_WriteByte
                0x08002c88       0x20 bsp_init.o
                0x08002c88                SPI1_WriteByte
 .text.SPI2_WriteByte
                0x08002ca8       0x30 bsp_init.o
                0x08002ca8                SPI2_WriteByte
 .text.BSP_Init
                0x08002cd8       0xc0 bsp_init.o
                0x08002cd8                BSP_Init
 .text.SystemInit
                0x08002d98       0x7c main.o
                0x08002d98                SystemInit
 .text.startup.main
                0x08002e14       0x24 main.o
                0x08002e14                main
 .text.SysTick_Handler
                0x08002e38        0xc stm32f0xx_it.o
                0x08002e38                SysTick_Handler
 .text.USART3_4_IRQHandler
                0x08002e44       0x58 stm32f0xx_it.o
                0x08002e44                USART3_4_IRQHandler
 .text.USB_IRQHandler
                0x08002e9c        0x8 stm32f0xx_it.o
                0x08002e9c                USB_IRQHandler
 .text.EXTI4_15_IRQHandler
                0x08002ea4        0x2 stm32f0xx_it.o
                0x08002ea4                EXTI4_15_IRQHandler
 .text.NMI_Handler
                0x08002ea6        0x2 stm32f0xx_it.o
                0x08002ea6                NMI_Handler
 .text.HardFault_Handler
                0x08002ea8        0x2 stm32f0xx_it.o
                0x08002ea8                HardFault_Handler
 .text.SVC_Handler
                0x08002eaa        0x2 stm32f0xx_it.o
                0x08002eaa                SVC_Handler
 .text.PendSV_Handler
                0x08002eac        0x2 stm32f0xx_it.o
                0x08002eac                PendSV_Handler
 .text._delay_us
                0x08002eae       0x1a _libs/misc.o
                0x08002eae                _delay_us
 .text._delay_ms_loop
                0x08002ec8       0x1a _libs/misc.o
                0x08002ec8                _delay_ms_loop
 *fill*         0x08002ee2        0x2 
 .text._delay_nms_mm
                0x08002ee4       0x14 _libs/misc.o
                0x08002ee4                _delay_nms_mm
 .text._sbrk    0x08002ef8       0x2c _libs/syscall.o
                0x08002ef8                _sbrk
 .text._close   0x08002f24        0x6 _libs/syscall.o
                0x08002f24                _close
 .text._fstat   0x08002f2a        0xa _libs/syscall.o
                0x08002f2a                _fstat
 .text._isatty  0x08002f34        0x4 _libs/syscall.o
                0x08002f34                _isatty
 .text._lseek   0x08002f38        0x4 _libs/syscall.o
                0x08002f38                _lseek
 .text._read    0x08002f3c        0x4 _libs/syscall.o
                0x08002f3c                _read
 .text._write   0x08002f40       0x30 _libs/syscall.o
                0x08002f40                _write
 .text.CLI_Parse
                0x08002f70      0x214 app/cli.o
                0x08002f70                CLI_Parse
 .text.DC_Get   0x08003184        0x8 app/dataconfig.o
                0x08003184                DC_Get
 .text.DC_Config
                0x0800318c       0x1c app/dataconfig.o
                0x0800318c                DC_Config
 .text.DC_Update
                0x080031a8       0x2c app/dataconfig.o
                0x080031a8                DC_Update
 .text.led      0x080031d4       0x14 app/tasks.o
 .text.hello    0x080031e8       0x10 app/tasks.o
 .text.cubic    0x080031f8       0x7c app/tasks.o
 .text.TASKS_Poll
                0x08003274        0x8 app/tasks.o
                0x08003274                TASKS_Poll
 .text.TASKS_Config
                0x0800327c       0x40 app/tasks.o
                0x0800327c                TASKS_Config
 .text.HC595_Init
                0x080032bc       0x14 drv/hc595.o
                0x080032bc                HC595_Init
 .text.HC595_Write
                0x080032d0       0x30 drv/hc595.o
                0x080032d0                HC595_Write
 .text.WriteCmd
                0x08003300       0x20 drv/spiflash.o
 .text.SPIFLASH_ReadStatus
                0x08003320       0x28 drv/spiflash.o
                0x08003320                SPIFLASH_ReadStatus
 .text.SPIFLASH_Init
                0x08003348       0x54 drv/spiflash.o
                0x08003348                SPIFLASH_Init
 .text.SPIFLASH_ReadJedecID
                0x0800339c       0x38 drv/spiflash.o
                0x0800339c                SPIFLASH_ReadJedecID
 .text.SPIFLASH_FastRead
                0x080033d4       0x58 drv/spiflash.o
                0x080033d4                SPIFLASH_FastRead
 .text.SPIFLASH_Write
                0x0800342c       0x7c drv/spiflash.o
                0x0800342c                SPIFLASH_Write
 .text.SPIFLASH_SectorErase
                0x080034a8       0x54 drv/spiflash.o
                0x080034a8                SPIFLASH_SectorErase
 .text.SPIFLASH_LeaveLowPowerMode
                0x080034fc       0x24 drv/spiflash.o
                0x080034fc                SPIFLASH_LeaveLowPowerMode
 .text.GPIO_Config
                0x08003520      0x150 bsp/gpio_f0.o
                0x08003520                GPIO_Config
 .text.SPI1_Write_DMA
                0x08003670       0x44 bsp/spi_f0.o
                0x08003670                SPI1_Write_DMA
 .text.SPI2_Read_DMA
                0x080036b4       0x64 bsp/spi_f0.o
                0x080036b4                SPI2_Read_DMA
 .text.SPI_Config
                0x08003718      0x15c bsp/spi_f0.o
                0x08003718                SPI_Config
 .text.USART_Poll
                0x08003874       0x2c bsp/usart_f0.o
                0x08003874                USART_Poll
 .text.USART_Config
                0x080038a0       0xe8 bsp/usart_f0.o
                0x080038a0                USART_Config
 .text.USART_RX_IDLE_IRQHandler
                0x08003988       0x98 bsp/usart_f0.o
                0x08003988                USART_RX_IDLE_IRQHandler
 .text.USB_BSP_Init
                0x08003a20       0x14 usb/usb_bsp.o
                0x08003a20                USB_BSP_Init
 .text.USB_BSP_EnableInterrupt
                0x08003a34       0x16 usb/usb_bsp.o
                0x08003a34                USB_BSP_EnableInterrupt
 *fill*         0x08003a4a        0x2 
 .text.USBD_USR_DeviceDescriptor
                0x08003a4c        0xc usb/usbd_desc.o
                0x08003a4c                USBD_USR_DeviceDescriptor
 .text.USBD_USR_LangIDStrDescriptor
                0x08003a58        0xc usb/usbd_desc.o
                0x08003a58                USBD_USR_LangIDStrDescriptor
 .text.USBD_USR_SerialStrDescriptor
                0x08003a64        0xc usb/usbd_desc.o
                0x08003a64                USBD_USR_SerialStrDescriptor
 .text.IntToUnicode
                0x08003a70       0x22 usb/usbd_desc.o
 *fill*         0x08003a92        0x2 
 .text.USBD_USR_ProductStrDescriptor
                0x08003a94       0x1c usb/usbd_desc.o
                0x08003a94                USBD_USR_ProductStrDescriptor
 .text.USBD_USR_ManufacturerStrDescriptor
                0x08003ab0       0x1c usb/usbd_desc.o
                0x08003ab0                USBD_USR_ManufacturerStrDescriptor
 .text.USBD_USR_ConfigStrDescriptor
                0x08003acc       0x1c usb/usbd_desc.o
                0x08003acc                USBD_USR_ConfigStrDescriptor
 .text.USBD_USR_InterfaceStrDescriptor
                0x08003ae8       0x1c usb/usbd_desc.o
                0x08003ae8                USBD_USR_InterfaceStrDescriptor
 .text.Get_SerialNum
                0x08003b04       0x3c usb/usbd_desc.o
                0x08003b04                Get_SerialNum
 .text.Suspend  0x08003b40       0x1c usb/usbd_pwr.o
                0x08003b40                Suspend
 .text.Resume_Init
                0x08003b5c       0x18 usb/usbd_pwr.o
                0x08003b5c                Resume_Init
 .text.Resume   0x08003b74       0xa4 usb/usbd_pwr.o
                0x08003b74                Resume
 .text.STORAGE_Init
                0x08003c18        0x4 usb/usbd_storage_msd.o
                0x08003c18                STORAGE_Init
 .text.STORAGE_GetCapacity
                0x08003c1c       0x10 usb/usbd_storage_msd.o
                0x08003c1c                STORAGE_GetCapacity
 .text.STORAGE_IsReady
                0x08003c2c        0x4 usb/usbd_storage_msd.o
                0x08003c2c                STORAGE_IsReady
 .text.STORAGE_IsWriteProtected
                0x08003c30        0x4 usb/usbd_storage_msd.o
                0x08003c30                STORAGE_IsWriteProtected
 .text.STORAGE_GetMaxLun
                0x08003c34        0x4 usb/usbd_storage_msd.o
                0x08003c34                STORAGE_GetMaxLun
 .text.STORAGE_Read
                0x08003c38       0x12 usb/usbd_storage_msd.o
                0x08003c38                STORAGE_Read
 .text.STORAGE_Write
                0x08003c4a       0x1c usb/usbd_storage_msd.o
                0x08003c4a                STORAGE_Write
 .text.USBD_USR_Init
                0x08003c66        0x2 usb/usbd_usr.o
                0x08003c66                USBD_USR_Init
 .text.USBD_USR_DeviceReset
                0x08003c68        0x2 usb/usbd_usr.o
                0x08003c68                USBD_USR_DeviceReset
 .text.USBD_USR_DeviceConfigured
                0x08003c6a        0x2 usb/usbd_usr.o
                0x08003c6a                USBD_USR_DeviceConfigured
 .text.USBD_USR_DeviceSuspended
                0x08003c6c        0x2 usb/usbd_usr.o
                0x08003c6c                USBD_USR_DeviceSuspended
 .text.USBD_USR_DeviceResumed
                0x08003c6e        0x2 usb/usbd_usr.o
                0x08003c6e                USBD_USR_DeviceResumed
 .text.GetFirstEmptyAddr
                0x08003c70       0x24 thirdparty/flash_eeprom/flash_eeprom.o
 .text.FLASH_EEPROM_ReadWord
                0x08003c94       0x38 thirdparty/flash_eeprom/flash_eeprom.o
                0x08003c94                FLASH_EEPROM_ReadWord
 .text.FLASH_EEPROM_ReadData
                0x08003ccc       0x2a thirdparty/flash_eeprom/flash_eeprom.o
                0x08003ccc                FLASH_EEPROM_ReadData
 *fill*         0x08003cf6        0x2 
 .text.Rotate   0x08003cf8       0x54 thirdparty/flash_eeprom/flash_eeprom.o
 .text.FLASH_EEPROM_WriteWord
                0x08003d4c       0x54 thirdparty/flash_eeprom/flash_eeprom.o
                0x08003d4c                FLASH_EEPROM_WriteWord
 .text.FLASH_EEPROM_WriteData
                0x08003da0       0x28 thirdparty/flash_eeprom/flash_eeprom.o
                0x08003da0                FLASH_EEPROM_WriteData
 .text.FLASH_EEPROM_Config
                0x08003dc8        0xc thirdparty/flash_eeprom/flash_eeprom.o
                0x08003dc8                FLASH_EEPROM_Config
 .text.zk_poll  0x08003dd4       0xc0 thirdparty/zkey/zkey.o
                0x08003dd4                zk_poll
 .text.zt_tick  0x08003e94       0x10 thirdparty/ztask/ztask.o
                0x08003e94                zt_tick
 .text.zt_poll  0x08003ea4       0x34 thirdparty/ztask/ztask.o
                0x08003ea4                zt_poll
 .text.zt_stop  0x08003ed8       0x18 thirdparty/ztask/ztask.o
                0x08003ed8                zt_stop
 .text.zt_start
                0x08003ef0       0x18 thirdparty/ztask/ztask.o
                0x08003ef0                zt_start
 .text.zt_bind  0x08003f08       0x30 thirdparty/ztask/ztask.o
                0x08003f08                zt_bind
 .text.zt_setinteval
                0x08003f38       0x14 thirdparty/ztask/ztask.o
                0x08003f38                zt_setinteval
 .text.USBD_Resume
                0x08003f4c       0x16 c:/yagarto/cmsis_cm0_v150/_usb/usbd_core/src/usbd_core.o
 .text.USBD_Suspend
                0x08003f62       0x16 c:/yagarto/cmsis_cm0_v150/_usb/usbd_core/src/usbd_core.o
 .text.USBD_SOF
                0x08003f78       0x14 c:/yagarto/cmsis_cm0_v150/_usb/usbd_core/src/usbd_core.o
 .text.USBD_Reset
                0x08003f8c       0x48 c:/yagarto/cmsis_cm0_v150/_usb/usbd_core/src/usbd_core.o
 .text.USBD_SetupStage
                0x08003fd4       0x4a c:/yagarto/cmsis_cm0_v150/_usb/usbd_core/src/usbd_core.o
 *fill*         0x0800401e        0x2 
 .text.USBD_DataInStage
                0x08004020       0x98 c:/yagarto/cmsis_cm0_v150/_usb/usbd_core/src/usbd_core.o
 .text.USBD_DataOutStage
                0x080040b8       0x64 c:/yagarto/cmsis_cm0_v150/_usb/usbd_core/src/usbd_core.o
 .text.USBD_Init
                0x0800411c       0x38 c:/yagarto/cmsis_cm0_v150/_usb/usbd_core/src/usbd_core.o
                0x0800411c                USBD_Init
 .text.USBD_SetCfg
                0x08004154       0x16 c:/yagarto/cmsis_cm0_v150/_usb/usbd_core/src/usbd_core.o
                0x08004154                USBD_SetCfg
 .text.USBD_ClrCfg
                0x0800416a       0x10 c:/yagarto/cmsis_cm0_v150/_usb/usbd_core/src/usbd_core.o
                0x0800416a                USBD_ClrCfg
 .text.USBD_CtlSendData
                0x0800417a       0x1a c:/yagarto/cmsis_cm0_v150/_usb/usbd_core/src/usbd_ioreq.o
                0x0800417a                USBD_CtlSendData
 .text.USBD_CtlContinueSendData
                0x08004194       0x12 c:/yagarto/cmsis_cm0_v150/_usb/usbd_core/src/usbd_ioreq.o
                0x08004194                USBD_CtlContinueSendData
 .text.USBD_CtlContinueRx
                0x080041a6       0x12 c:/yagarto/cmsis_cm0_v150/_usb/usbd_core/src/usbd_ioreq.o
                0x080041a6                USBD_CtlContinueRx
 .text.USBD_CtlSendStatus
                0x080041b8       0x14 c:/yagarto/cmsis_cm0_v150/_usb/usbd_core/src/usbd_ioreq.o
                0x080041b8                USBD_CtlSendStatus
 .text.USBD_CtlReceiveStatus
                0x080041cc       0x14 c:/yagarto/cmsis_cm0_v150/_usb/usbd_core/src/usbd_ioreq.o
                0x080041cc                USBD_CtlReceiveStatus
 .text.USBD_GetRxCount
                0x080041e0        0xe c:/yagarto/cmsis_cm0_v150/_usb/usbd_core/src/usbd_ioreq.o
                0x080041e0                USBD_GetRxCount
 *fill*         0x080041ee        0x2 
 .text.USBD_StdDevReq
                0x080041f0      0x1dc c:/yagarto/cmsis_cm0_v150/_usb/usbd_core/src/usbd_req.o
                0x080041f0                USBD_StdDevReq
 .text.USBD_StdItfReq
                0x080043cc       0x3e c:/yagarto/cmsis_cm0_v150/_usb/usbd_core/src/usbd_req.o
                0x080043cc                USBD_StdItfReq
 .text.USBD_StdEPReq
                0x0800440a       0xbe c:/yagarto/cmsis_cm0_v150/_usb/usbd_core/src/usbd_req.o
                0x0800440a                USBD_StdEPReq
 .text.USBD_ParseSetupRequest
                0x080044c8       0x30 c:/yagarto/cmsis_cm0_v150/_usb/usbd_core/src/usbd_req.o
                0x080044c8                USBD_ParseSetupRequest
 .text.USBD_CtlError
                0x080044f8        0xa c:/yagarto/cmsis_cm0_v150/_usb/usbd_core/src/usbd_req.o
                0x080044f8                USBD_CtlError
 .text.USBD_GetString
                0x08004502       0x3c c:/yagarto/cmsis_cm0_v150/_usb/usbd_core/src/usbd_req.o
                0x08004502                USBD_GetString
 *fill*         0x0800453e        0x2 
 .text.SetCNTR  0x08004540        0xc c:/yagarto/cmsis_cm0_v150/_usb/usbd_drv/src/usb_core.o
                0x08004540                SetCNTR
 .text.SetISTR  0x0800454c        0xc c:/yagarto/cmsis_cm0_v150/_usb/usbd_drv/src/usb_core.o
                0x0800454c                SetISTR
 .text.SetBTABLE
                0x08004558       0x10 c:/yagarto/cmsis_cm0_v150/_usb/usbd_drv/src/usb_core.o
                0x08004558                SetBTABLE
 .text.GetENDPOINT
                0x08004568       0x10 c:/yagarto/cmsis_cm0_v150/_usb/usbd_drv/src/usb_core.o
                0x08004568                GetENDPOINT
 .text.SetEPType
                0x08004578       0x20 c:/yagarto/cmsis_cm0_v150/_usb/usbd_drv/src/usb_core.o
                0x08004578                SetEPType
 .text.SetEPTxStatus
                0x08004598       0x30 c:/yagarto/cmsis_cm0_v150/_usb/usbd_drv/src/usb_core.o
                0x08004598                SetEPTxStatus
 .text.SetEPRxStatus
                0x080045c8       0x34 c:/yagarto/cmsis_cm0_v150/_usb/usbd_drv/src/usb_core.o
                0x080045c8                SetEPRxStatus
 .text.SetEPDoubleBuff
                0x080045fc       0x20 c:/yagarto/cmsis_cm0_v150/_usb/usbd_drv/src/usb_core.o
                0x080045fc                SetEPDoubleBuff
 .text.ToggleDTOG_RX
                0x0800461c       0x20 c:/yagarto/cmsis_cm0_v150/_usb/usbd_drv/src/usb_core.o
                0x0800461c                ToggleDTOG_RX
 .text.ToggleDTOG_TX
                0x0800463c       0x20 c:/yagarto/cmsis_cm0_v150/_usb/usbd_drv/src/usb_core.o
                0x0800463c                ToggleDTOG_TX
 .text.ClearDTOG_RX
                0x0800465c       0x28 c:/yagarto/cmsis_cm0_v150/_usb/usbd_drv/src/usb_core.o
                0x0800465c                ClearDTOG_RX
 .text.ClearDTOG_TX
                0x08004684       0x28 c:/yagarto/cmsis_cm0_v150/_usb/usbd_drv/src/usb_core.o
                0x08004684                ClearDTOG_TX
 .text.SetEPTxAddr
                0x080046ac       0x20 c:/yagarto/cmsis_cm0_v150/_usb/usbd_drv/src/usb_core.o
                0x080046ac                SetEPTxAddr
 .text.SetEPRxAddr
                0x080046cc       0x20 c:/yagarto/cmsis_cm0_v150/_usb/usbd_drv/src/usb_core.o
                0x080046cc                SetEPRxAddr
 .text.SetEPTxCount
                0x080046ec       0x1c c:/yagarto/cmsis_cm0_v150/_usb/usbd_drv/src/usb_core.o
                0x080046ec                SetEPTxCount
 .text.SetEPRxCount
                0x08004708       0x40 c:/yagarto/cmsis_cm0_v150/_usb/usbd_drv/src/usb_core.o
                0x08004708                SetEPRxCount
 .text.GetEPTxCount
                0x08004748       0x20 c:/yagarto/cmsis_cm0_v150/_usb/usbd_drv/src/usb_core.o
                0x08004748                GetEPTxCount
 .text.GetEPRxCount
                0x08004768       0x20 c:/yagarto/cmsis_cm0_v150/_usb/usbd_drv/src/usb_core.o
                0x08004768                GetEPRxCount
 .text.SetEPDblBuffAddr
                0x08004788       0x34 c:/yagarto/cmsis_cm0_v150/_usb/usbd_drv/src/usb_core.o
                0x08004788                SetEPDblBuffAddr
 .text.SetEPDblBuffCount
                0x080047bc       0x98 c:/yagarto/cmsis_cm0_v150/_usb/usbd_drv/src/usb_core.o
                0x080047bc                SetEPDblBuffCount
 .text.GetEPDblBuf0Count
                0x08004854       0x20 c:/yagarto/cmsis_cm0_v150/_usb/usbd_drv/src/usb_core.o
                0x08004854                GetEPDblBuf0Count
 .text.GetEPDblBuf1Count
                0x08004874       0x20 c:/yagarto/cmsis_cm0_v150/_usb/usbd_drv/src/usb_core.o
                0x08004874                GetEPDblBuf1Count
 .text.FreeUserBuffer
                0x08004894       0x3c c:/yagarto/cmsis_cm0_v150/_usb/usbd_drv/src/usb_core.o
                0x08004894                FreeUserBuffer
 .text.UserToPMABufferCopy
                0x080048d0       0x28 c:/yagarto/cmsis_cm0_v150/_usb/usbd_drv/src/usb_core.o
                0x080048d0                UserToPMABufferCopy
 .text.PMAToUserBufferCopy
                0x080048f8       0x24 c:/yagarto/cmsis_cm0_v150/_usb/usbd_drv/src/usb_core.o
                0x080048f8                PMAToUserBufferCopy
 .text.DCD_Init
                0x0800491c       0x38 c:/yagarto/cmsis_cm0_v150/_usb/usbd_drv/src/usb_dcd.o
                0x0800491c                DCD_Init
 .text.DCD_PMA_Config
                0x08004954       0x2e c:/yagarto/cmsis_cm0_v150/_usb/usbd_drv/src/usb_dcd.o
                0x08004954                DCD_PMA_Config
 .text.DCD_EP_Open
                0x08004982      0x10a c:/yagarto/cmsis_cm0_v150/_usb/usbd_drv/src/usb_dcd.o
                0x08004982                DCD_EP_Open
 .text.DCD_EP_Close
                0x08004a8c       0x86 c:/yagarto/cmsis_cm0_v150/_usb/usbd_drv/src/usb_dcd.o
                0x08004a8c                DCD_EP_Close
 .text.DCD_EP_PrepareRx
                0x08004b12       0x76 c:/yagarto/cmsis_cm0_v150/_usb/usbd_drv/src/usb_dcd.o
                0x08004b12                DCD_EP_PrepareRx
 .text.DCD_EP_Tx
                0x08004b88       0xaa c:/yagarto/cmsis_cm0_v150/_usb/usbd_drv/src/usb_dcd.o
                0x08004b88                DCD_EP_Tx
 *fill*         0x08004c32        0x2 
 .text.DCD_EP_Stall
                0x08004c34       0x68 c:/yagarto/cmsis_cm0_v150/_usb/usbd_drv/src/usb_dcd.o
                0x08004c34                DCD_EP_Stall
 .text.DCD_EP_ClrStall
                0x08004c9c       0x48 c:/yagarto/cmsis_cm0_v150/_usb/usbd_drv/src/usb_dcd.o
                0x08004c9c                DCD_EP_ClrStall
 .text.DCD_EP_SetAddress
                0x08004ce4       0x54 c:/yagarto/cmsis_cm0_v150/_usb/usbd_drv/src/usb_dcd.o
                0x08004ce4                DCD_EP_SetAddress
 .text.DCD_DevConnect
                0x08004d38       0x18 c:/yagarto/cmsis_cm0_v150/_usb/usbd_drv/src/usb_dcd.o
                0x08004d38                DCD_DevConnect
 .text.CTR      0x08004d50      0x318 c:/yagarto/cmsis_cm0_v150/_usb/usbd_drv/src/usb_dcd_int.o
                0x08004d50                CTR
 .text.USB_Istr
                0x08005068       0xe4 c:/yagarto/cmsis_cm0_v150/_usb/usbd_drv/src/usb_dcd_int.o
                0x08005068                USB_Istr
 .text.MSC_BOT_Abort
                0x0800514c       0x44 c:/yagarto/cmsis_cm0_v150/_usb/usbd_classes/msc/src/usbd_msc_bot.o
 .text.MSC_BOT_Init
                0x08005190       0x34 c:/yagarto/cmsis_cm0_v150/_usb/usbd_classes/msc/src/usbd_msc_bot.o
                0x08005190                MSC_BOT_Init
 .text.MSC_BOT_Reset
                0x080051c4       0x28 c:/yagarto/cmsis_cm0_v150/_usb/usbd_classes/msc/src/usbd_msc_bot.o
                0x080051c4                MSC_BOT_Reset
 .text.MSC_BOT_DeInit
                0x080051ec        0xc c:/yagarto/cmsis_cm0_v150/_usb/usbd_classes/msc/src/usbd_msc_bot.o
                0x080051ec                MSC_BOT_DeInit
 .text.MSC_BOT_SendCSW
                0x080051f8       0x38 c:/yagarto/cmsis_cm0_v150/_usb/usbd_classes/msc/src/usbd_msc_bot.o
                0x080051f8                MSC_BOT_SendCSW
 .text.MSC_BOT_DataIn
                0x08005230       0x3c c:/yagarto/cmsis_cm0_v150/_usb/usbd_classes/msc/src/usbd_msc_bot.o
                0x08005230                MSC_BOT_DataIn
 .text.MSC_BOT_DataOut
                0x0800526c       0xd4 c:/yagarto/cmsis_cm0_v150/_usb/usbd_classes/msc/src/usbd_msc_bot.o
                0x0800526c                MSC_BOT_DataOut
 .text.MSC_BOT_CplClrFeature
                0x08005340       0x2c c:/yagarto/cmsis_cm0_v150/_usb/usbd_classes/msc/src/usbd_msc_bot.o
                0x08005340                MSC_BOT_CplClrFeature
 .text.USBD_MSC_GetCfgDesc
                0x0800536c        0xc c:/yagarto/cmsis_cm0_v150/_usb/usbd_classes/msc/src/usbd_msc_core.o
                0x0800536c                USBD_MSC_GetCfgDesc
 .text.USBD_MSC_Init
                0x08005378       0x3c c:/yagarto/cmsis_cm0_v150/_usb/usbd_classes/msc/src/usbd_msc_core.o
                0x08005378                USBD_MSC_Init
 .text.USBD_MSC_DeInit
                0x080053b4       0x1c c:/yagarto/cmsis_cm0_v150/_usb/usbd_classes/msc/src/usbd_msc_core.o
                0x080053b4                USBD_MSC_DeInit
 .text.USBD_MSC_Setup
                0x080053d0       0xa8 c:/yagarto/cmsis_cm0_v150/_usb/usbd_classes/msc/src/usbd_msc_core.o
                0x080053d0                USBD_MSC_Setup
 .text.USBD_MSC_DataIn
                0x08005478        0xa c:/yagarto/cmsis_cm0_v150/_usb/usbd_classes/msc/src/usbd_msc_core.o
                0x08005478                USBD_MSC_DataIn
 .text.USBD_MSC_DataOut
                0x08005482        0xa c:/yagarto/cmsis_cm0_v150/_usb/usbd_classes/msc/src/usbd_msc_core.o
                0x08005482                USBD_MSC_DataOut
 .text.SCSI_SenseCode
                0x0800548c       0x28 c:/yagarto/cmsis_cm0_v150/_usb/usbd_classes/msc/src/usbd_msc_scsi.o
                0x0800548c                SCSI_SenseCode
 .text.SCSI_ProcessCmd
                0x080054b4      0x49c c:/yagarto/cmsis_cm0_v150/_usb/usbd_classes/msc/src/usbd_msc_scsi.o
                0x080054b4                SCSI_ProcessCmd
 .text.DMA_DeInit
                0x08005950       0xf0 .\libstm32f072_16m.a(stm32f0xx_dma.o)
                0x08005950                DMA_DeInit
 .text.DMA_Init
                0x08005a40       0x3c .\libstm32f072_16m.a(stm32f0xx_dma.o)
                0x08005a40                DMA_Init
 .text.DMA_StructInit
                0x08005a7c       0x1a .\libstm32f072_16m.a(stm32f0xx_dma.o)
                0x08005a7c                DMA_StructInit
 *fill*         0x08005a96        0x2 
 .text.DMA_Cmd  0x08005a98       0x1c .\libstm32f072_16m.a(stm32f0xx_dma.o)
                0x08005a98                DMA_Cmd
 .text.DMA_SetCurrDataCounter
                0x08005ab4        0x4 .\libstm32f072_16m.a(stm32f0xx_dma.o)
                0x08005ab4                DMA_SetCurrDataCounter
 .text.DMA_GetCurrDataCounter
                0x08005ab8        0x6 .\libstm32f072_16m.a(stm32f0xx_dma.o)
                0x08005ab8                DMA_GetCurrDataCounter
 *fill*         0x08005abe        0x2 
 .text.DMA_GetFlagStatus
                0x08005ac0       0x20 .\libstm32f072_16m.a(stm32f0xx_dma.o)
                0x08005ac0                DMA_GetFlagStatus
 .text.DMA_ClearFlag
                0x08005ae0       0x18 .\libstm32f072_16m.a(stm32f0xx_dma.o)
                0x08005ae0                DMA_ClearFlag
 .text.FLASH_SetLatency
                0x08005af8       0x14 .\libstm32f072_16m.a(stm32f0xx_flash.o)
                0x08005af8                FLASH_SetLatency
 .text.FLASH_Unlock
                0x08005b0c       0x20 .\libstm32f072_16m.a(stm32f0xx_flash.o)
                0x08005b0c                FLASH_Unlock
 .text.FLASH_Lock
                0x08005b2c       0x10 .\libstm32f072_16m.a(stm32f0xx_flash.o)
                0x08005b2c                FLASH_Lock
 .text.FLASH_GetStatus
                0x08005b3c       0x24 .\libstm32f072_16m.a(stm32f0xx_flash.o)
                0x08005b3c                FLASH_GetStatus
 .text.FLASH_WaitForLastOperation
                0x08005b60       0x24 .\libstm32f072_16m.a(stm32f0xx_flash.o)
                0x08005b60                FLASH_WaitForLastOperation
 .text.FLASH_ErasePage
                0x08005b84       0x38 .\libstm32f072_16m.a(stm32f0xx_flash.o)
                0x08005b84                FLASH_ErasePage
 .text.FLASH_ProgramHalfWord
                0x08005bbc       0x34 .\libstm32f072_16m.a(stm32f0xx_flash.o)
                0x08005bbc                FLASH_ProgramHalfWord
 .text.GPIO_Init
                0x08005bf0       0x78 .\libstm32f072_16m.a(stm32f0xx_gpio.o)
                0x08005bf0                GPIO_Init
 .text.GPIO_StructInit
                0x08005c68       0x18 .\libstm32f072_16m.a(stm32f0xx_gpio.o)
                0x08005c68                GPIO_StructInit
 .text.GPIO_PinAFConfig
                0x08005c80       0x24 .\libstm32f072_16m.a(stm32f0xx_gpio.o)
                0x08005c80                GPIO_PinAFConfig
 .text.NVIC_Init
                0x08005ca4       0x60 .\libstm32f072_16m.a(stm32f0xx_misc.o)
                0x08005ca4                NVIC_Init
 .text.RCC_DeInit
                0x08005d04       0x60 .\libstm32f072_16m.a(stm32f0xx_rcc.o)
                0x08005d04                RCC_DeInit
 .text.RCC_HSEConfig
                0x08005d64       0x10 .\libstm32f072_16m.a(stm32f0xx_rcc.o)
                0x08005d64                RCC_HSEConfig
 .text.RCC_PLLConfig
                0x08005d74       0x20 .\libstm32f072_16m.a(stm32f0xx_rcc.o)
                0x08005d74                RCC_PLLConfig
 .text.RCC_PLLCmd
                0x08005d94       0x24 .\libstm32f072_16m.a(stm32f0xx_rcc.o)
                0x08005d94                RCC_PLLCmd
 .text.RCC_PREDIV1Config
                0x08005db8       0x14 .\libstm32f072_16m.a(stm32f0xx_rcc.o)
                0x08005db8                RCC_PREDIV1Config
 .text.RCC_SYSCLKConfig
                0x08005dcc       0x14 .\libstm32f072_16m.a(stm32f0xx_rcc.o)
                0x08005dcc                RCC_SYSCLKConfig
 .text.RCC_GetSYSCLKSource
                0x08005de0       0x10 .\libstm32f072_16m.a(stm32f0xx_rcc.o)
                0x08005de0                RCC_GetSYSCLKSource
 .text.RCC_HCLKConfig
                0x08005df0       0x14 .\libstm32f072_16m.a(stm32f0xx_rcc.o)
                0x08005df0                RCC_HCLKConfig
 .text.RCC_PCLKConfig
                0x08005e04       0x18 .\libstm32f072_16m.a(stm32f0xx_rcc.o)
                0x08005e04                RCC_PCLKConfig
 .text.RCC_USBCLKConfig
                0x08005e1c       0x18 .\libstm32f072_16m.a(stm32f0xx_rcc.o)
                0x08005e1c                RCC_USBCLKConfig
 .text.RCC_GetClocksFreq
                0x08005e34      0x190 .\libstm32f072_16m.a(stm32f0xx_rcc.o)
                0x08005e34                RCC_GetClocksFreq
 .text.RCC_AHBPeriphClockCmd
                0x08005fc4       0x18 .\libstm32f072_16m.a(stm32f0xx_rcc.o)
                0x08005fc4                RCC_AHBPeriphClockCmd
 .text.RCC_APB2PeriphClockCmd
                0x08005fdc       0x18 .\libstm32f072_16m.a(stm32f0xx_rcc.o)
                0x08005fdc                RCC_APB2PeriphClockCmd
 .text.RCC_APB1PeriphClockCmd
                0x08005ff4       0x18 .\libstm32f072_16m.a(stm32f0xx_rcc.o)
                0x08005ff4                RCC_APB1PeriphClockCmd
 .text.RCC_APB2PeriphResetCmd
                0x0800600c       0x18 .\libstm32f072_16m.a(stm32f0xx_rcc.o)
                0x0800600c                RCC_APB2PeriphResetCmd
 .text.RCC_APB1PeriphResetCmd
                0x08006024       0x18 .\libstm32f072_16m.a(stm32f0xx_rcc.o)
                0x08006024                RCC_APB1PeriphResetCmd
 .text.RCC_GetFlagStatus
                0x0800603c       0x2c .\libstm32f072_16m.a(stm32f0xx_rcc.o)
                0x0800603c                RCC_GetFlagStatus
 .text.RCC_WaitForHSEStartUp
                0x08006068       0x2e .\libstm32f072_16m.a(stm32f0xx_rcc.o)
                0x08006068                RCC_WaitForHSEStartUp
 .text.SPI_StructInit
                0x08006096       0x1c .\libstm32f072_16m.a(stm32f0xx_spi.o)
                0x08006096                SPI_StructInit
 *fill*         0x080060b2        0x2 
 .text.SPI_Init
                0x080060b4       0x54 .\libstm32f072_16m.a(stm32f0xx_spi.o)
                0x080060b4                SPI_Init
 .text.SPI_Cmd  0x08006108       0x12 .\libstm32f072_16m.a(stm32f0xx_spi.o)
                0x08006108                SPI_Cmd
 *fill*         0x0800611a        0x2 
 .text.SPI_RxFIFOThresholdConfig
                0x0800611c       0x14 .\libstm32f072_16m.a(stm32f0xx_spi.o)
                0x0800611c                SPI_RxFIFOThresholdConfig
 .text.SPI_SendData8
                0x08006130        0x4 .\libstm32f072_16m.a(stm32f0xx_spi.o)
                0x08006130                SPI_SendData8
 .text.SPI_ReceiveData8
                0x08006134        0x6 .\libstm32f072_16m.a(stm32f0xx_spi.o)
                0x08006134                SPI_ReceiveData8
 .text.SPI_I2S_DMACmd
                0x0800613a       0x12 .\libstm32f072_16m.a(stm32f0xx_spi.o)
                0x0800613a                SPI_I2S_DMACmd
 .text.SPI_I2S_GetFlagStatus
                0x0800614c        0xc .\libstm32f072_16m.a(stm32f0xx_spi.o)
                0x0800614c                SPI_I2S_GetFlagStatus
 .text.SYSCFG_MemoryRemapConfig
                0x08006158       0x14 .\libstm32f072_16m.a(stm32f0xx_syscfg.o)
                0x08006158                SYSCFG_MemoryRemapConfig
 .text.USART_DeInit
                0x0800616c       0xd4 .\libstm32f072_16m.a(stm32f0xx_usart.o)
                0x0800616c                USART_DeInit
 .text.USART_Init
                0x08006240       0xb8 .\libstm32f072_16m.a(stm32f0xx_usart.o)
                0x08006240                USART_Init
 .text.USART_StructInit
                0x080062f8       0x16 .\libstm32f072_16m.a(stm32f0xx_usart.o)
                0x080062f8                USART_StructInit
 .text.USART_Cmd
                0x0800630e       0x12 .\libstm32f072_16m.a(stm32f0xx_usart.o)
                0x0800630e                USART_Cmd
 .text.USART_SendData
                0x08006320        0x8 .\libstm32f072_16m.a(stm32f0xx_usart.o)
                0x08006320                USART_SendData
 .text.USART_DMACmd
                0x08006328       0x12 .\libstm32f072_16m.a(stm32f0xx_usart.o)
                0x08006328                USART_DMACmd
 .text.USART_ITConfig
                0x0800633a       0x2e .\libstm32f072_16m.a(stm32f0xx_usart.o)
                0x0800633a                USART_ITConfig
 .text.USART_GetFlagStatus
                0x08006368        0xc .\libstm32f072_16m.a(stm32f0xx_usart.o)
                0x08006368                USART_GetFlagStatus
 .text.USART_GetITStatus
                0x08006374       0x3a .\libstm32f072_16m.a(stm32f0xx_usart.o)
                0x08006374                USART_GetITStatus
 .text.USART_ClearITPendingBit
                0x080063ae        0xa .\libstm32f072_16m.a(stm32f0xx_usart.o)
                0x080063ae                USART_ClearITPendingBit
 .text.memcmp   0x080063b8       0x1e c:/yagarto/bin/../lib/gcc/arm-none-eabi/4.9.3/../../../../arm-none-eabi/lib/armv6-m\libc_nano.a(lib_a-memcmp.o)
                0x080063b8                memcmp
 .text.memcpy   0x080063d6       0x12 c:/yagarto/bin/../lib/gcc/arm-none-eabi/4.9.3/../../../../arm-none-eabi/lib/armv6-m\libc_nano.a(lib_a-memcpy.o)
                0x080063d6                memcpy
 .text.memset   0x080063e8       0x10 c:/yagarto/bin/../lib/gcc/arm-none-eabi/4.9.3/../../../../arm-none-eabi/lib/armv6-m\libc_nano.a(lib_a-memset.o)
                0x080063e8                memset
 .text.printf   0x080063f8       0x34 c:/yagarto/bin/../lib/gcc/arm-none-eabi/4.9.3/../../../../arm-none-eabi/lib/armv6-m\libc_nano.a(lib_a-printf.o)
                0x080063f8                iprintf
                0x080063f8                printf
 .text._puts_r  0x0800642c       0xc2 c:/yagarto/bin/../lib/gcc/arm-none-eabi/4.9.3/../../../../arm-none-eabi/lib/armv6-m\libc_nano.a(lib_a-puts.o)
                0x0800642c                _puts_r
 *fill*         0x080064ee        0x2 
 .text.puts     0x080064f0       0x14 c:/yagarto/bin/../lib/gcc/arm-none-eabi/4.9.3/../../../../arm-none-eabi/lib/armv6-m\libc_nano.a(lib_a-puts.o)
                0x080064f0                puts
 .text.strcasecmp
                0x08006504       0x3c c:/yagarto/bin/../lib/gcc/arm-none-eabi/4.9.3/../../../../arm-none-eabi/lib/armv6-m\libc_nano.a(lib_a-strcasecmp.o)
                0x08006504                strcasecmp
 .text.strlen   0x08006540        0xe c:/yagarto/bin/../lib/gcc/arm-none-eabi/4.9.3/../../../../arm-none-eabi/lib/armv6-m\libc_nano.a(lib_a-strlen.o)
                0x08006540                strlen
 .text.strncpy  0x0800654e       0x28 c:/yagarto/bin/../lib/gcc/arm-none-eabi/4.9.3/../../../../arm-none-eabi/lib/armv6-m\libc_nano.a(lib_a-strncpy.o)
                0x0800654e                strncpy
 *fill*         0x08006576        0x2 
 .text.strtok   0x08006578       0x64 c:/yagarto/bin/../lib/gcc/arm-none-eabi/4.9.3/../../../../arm-none-eabi/lib/armv6-m\libc_nano.a(lib_a-strtok.o)
                0x08006578                strtok
 .text.__strtok_r
                0x080065dc       0x5e c:/yagarto/bin/../lib/gcc/arm-none-eabi/4.9.3/../../../../arm-none-eabi/lib/armv6-m\libc_nano.a(lib_a-strtok_r.o)
                0x080065dc                __strtok_r
 *fill*         0x0800663a        0x2 
 .text._strtol_r
                0x0800663c      0x120 c:/yagarto/bin/../lib/gcc/arm-none-eabi/4.9.3/../../../../arm-none-eabi/lib/armv6-m\libc_nano.a(lib_a-strtol.o)
                0x0800663c                _strtol_r
 .text.strtol   0x0800675c       0x1c c:/yagarto/bin/../lib/gcc/arm-none-eabi/4.9.3/../../../../arm-none-eabi/lib/armv6-m\libc_nano.a(lib_a-strtol.o)
                0x0800675c                strtol
 .text.__swbuf_r
                0x08006778       0xb0 c:/yagarto/bin/../lib/gcc/arm-none-eabi/4.9.3/../../../../arm-none-eabi/lib/armv6-m\libc_nano.a(lib_a-wbuf.o)
                0x08006778                __swbuf_r
 .text.__swsetup_r
                0x08006828       0xe8 c:/yagarto/bin/../lib/gcc/arm-none-eabi/4.9.3/../../../../arm-none-eabi/lib/armv6-m\libc_nano.a(lib_a-wsetup.o)
                0x08006828                __swsetup_r
 .text.__sflush_r
                0x08006910      0x112 c:/yagarto/bin/../lib/gcc/arm-none-eabi/4.9.3/../../../../arm-none-eabi/lib/armv6-m\libc_nano.a(lib_a-fflush.o)
                0x08006910                __sflush_r
 *fill*         0x08006a22        0x2 
 .text._fflush_r
                0x08006a24       0x58 c:/yagarto/bin/../lib/gcc/arm-none-eabi/4.9.3/../../../../arm-none-eabi/lib/armv6-m\libc_nano.a(lib_a-fflush.o)
                0x08006a24                _fflush_r
 .text._cleanup_r
                0x08006a7c       0x10 c:/yagarto/bin/../lib/gcc/arm-none-eabi/4.9.3/../../../../arm-none-eabi/lib/armv6-m\libc_nano.a(lib_a-findfp.o)
                0x08006a7c                _cleanup_r
 .text.std.isra.0
                0x08006a8c       0x48 c:/yagarto/bin/../lib/gcc/arm-none-eabi/4.9.3/../../../../arm-none-eabi/lib/armv6-m\libc_nano.a(lib_a-findfp.o)
 .text.__sfmoreglue
                0x08006ad4       0x2c c:/yagarto/bin/../lib/gcc/arm-none-eabi/4.9.3/../../../../arm-none-eabi/lib/armv6-m\libc_nano.a(lib_a-findfp.o)
                0x08006ad4                __sfmoreglue
 .text.__sinit  0x08006b00       0x64 c:/yagarto/bin/../lib/gcc/arm-none-eabi/4.9.3/../../../../arm-none-eabi/lib/armv6-m\libc_nano.a(lib_a-findfp.o)
                0x08006b00                __sinit
 .text.__sfp    0x08006b64       0x7c c:/yagarto/bin/../lib/gcc/arm-none-eabi/4.9.3/../../../../arm-none-eabi/lib/armv6-m\libc_nano.a(lib_a-findfp.o)
                0x08006b64                __sfp
 .text._fwalk_reent
                0x08006be0       0x42 c:/yagarto/bin/../lib/gcc/arm-none-eabi/4.9.3/../../../../arm-none-eabi/lib/armv6-m\libc_nano.a(lib_a-fwalk.o)
                0x08006be0                _fwalk_reent
 *fill*         0x08006c22        0x2 
 .text.__smakebuf_r
                0x08006c24       0xb0 c:/yagarto/bin/../lib/gcc/arm-none-eabi/4.9.3/../../../../arm-none-eabi/lib/armv6-m\libc_nano.a(lib_a-makebuf.o)
                0x08006c24                __smakebuf_r
 .text.malloc   0x08006cd4       0x14 c:/yagarto/bin/../lib/gcc/arm-none-eabi/4.9.3/../../../../arm-none-eabi/lib/armv6-m\libc_nano.a(lib_a-malloc.o)
                0x08006cd4                malloc
 .text._free_r  0x08006ce8       0x8c c:/yagarto/bin/../lib/gcc/arm-none-eabi/4.9.3/../../../../arm-none-eabi/lib/armv6-m\libc_nano.a(lib_a-nano-freer.o)
                0x08006ce8                _free_r
 .text._malloc_r
                0x08006d74       0xb0 c:/yagarto/bin/../lib/gcc/arm-none-eabi/4.9.3/../../../../arm-none-eabi/lib/armv6-m\libc_nano.a(lib_a-nano-mallocr.o)
                0x08006d74                _malloc_r
 .text.__sfputc_r
                0x08006e24       0x2a c:/yagarto/bin/../lib/gcc/arm-none-eabi/4.9.3/../../../../arm-none-eabi/lib/armv6-m\libc_nano.a(lib_a-nano-vfprintf.o)
 .text.__sfputs_r
                0x08006e4e       0x24 c:/yagarto/bin/../lib/gcc/arm-none-eabi/4.9.3/../../../../arm-none-eabi/lib/armv6-m\libc_nano.a(lib_a-nano-vfprintf.o)
                0x08006e4e                __sfputs_r
 *fill*         0x08006e72        0x2 
 .text._vfprintf_r
                0x08006e74      0x220 c:/yagarto/bin/../lib/gcc/arm-none-eabi/4.9.3/../../../../arm-none-eabi/lib/armv6-m\libc_nano.a(lib_a-nano-vfprintf.o)
                0x08006e74                _vfprintf_r
                0x08006e74                _vfiprintf_r
 .text._printf_common
                0x08007094       0xdc c:/yagarto/bin/../lib/gcc/arm-none-eabi/4.9.3/../../../../arm-none-eabi/lib/armv6-m\libc_nano.a(lib_a-nano-vfprintf_i.o)
                0x08007094                _printf_common
 .text._printf_i
                0x08007170      0x230 c:/yagarto/bin/../lib/gcc/arm-none-eabi/4.9.3/../../../../arm-none-eabi/lib/armv6-m\libc_nano.a(lib_a-nano-vfprintf_i.o)
                0x08007170                _printf_i
 .text._sbrk_r  0x080073a0       0x24 c:/yagarto/bin/../lib/gcc/arm-none-eabi/4.9.3/../../../../arm-none-eabi/lib/armv6-m\libc_nano.a(lib_a-sbrkr.o)
                0x080073a0                _sbrk_r
 .text.__sread  0x080073c4       0x28 c:/yagarto/bin/../lib/gcc/arm-none-eabi/4.9.3/../../../../arm-none-eabi/lib/armv6-m\libc_nano.a(lib_a-stdio.o)
                0x080073c4                __sread
 .text.__swrite
                0x080073ec       0x38 c:/yagarto/bin/../lib/gcc/arm-none-eabi/4.9.3/../../../../arm-none-eabi/lib/armv6-m\libc_nano.a(lib_a-stdio.o)
                0x080073ec                __swrite
 .text.__sseek  0x08007424       0x2c c:/yagarto/bin/../lib/gcc/arm-none-eabi/4.9.3/../../../../arm-none-eabi/lib/armv6-m\libc_nano.a(lib_a-stdio.o)
                0x08007424                __sseek
 .text.__sclose
                0x08007450        0xc c:/yagarto/bin/../lib/gcc/arm-none-eabi/4.9.3/../../../../arm-none-eabi/lib/armv6-m\libc_nano.a(lib_a-stdio.o)
                0x08007450                __sclose
 .text._write_r
                0x0800745c       0x28 c:/yagarto/bin/../lib/gcc/arm-none-eabi/4.9.3/../../../../arm-none-eabi/lib/armv6-m\libc_nano.a(lib_a-writer.o)
                0x0800745c                _write_r
 .text._close_r
                0x08007484       0x24 c:/yagarto/bin/../lib/gcc/arm-none-eabi/4.9.3/../../../../arm-none-eabi/lib/armv6-m\libc_nano.a(lib_a-closer.o)
                0x08007484                _close_r
 .text._fstat_r
                0x080074a8       0x24 c:/yagarto/bin/../lib/gcc/arm-none-eabi/4.9.3/../../../../arm-none-eabi/lib/armv6-m\libc_nano.a(lib_a-fstatr.o)
                0x080074a8                _fstat_r
 .text._isatty_r
                0x080074cc       0x24 c:/yagarto/bin/../lib/gcc/arm-none-eabi/4.9.3/../../../../arm-none-eabi/lib/armv6-m\libc_nano.a(lib_a-isattyr.o)
                0x080074cc                _isatty_r
 .text._lseek_r
                0x080074f0       0x28 c:/yagarto/bin/../lib/gcc/arm-none-eabi/4.9.3/../../../../arm-none-eabi/lib/armv6-m\libc_nano.a(lib_a-lseekr.o)
                0x080074f0                _lseek_r
 .text.memchr   0x08007518       0x16 c:/yagarto/bin/../lib/gcc/arm-none-eabi/4.9.3/../../../../arm-none-eabi/lib/armv6-m\libc_nano.a(lib_a-memchr.o)
                0x08007518                memchr
 *fill*         0x0800752e        0x2 
 .text._read_r  0x08007530       0x28 c:/yagarto/bin/../lib/gcc/arm-none-eabi/4.9.3/../../../../arm-none-eabi/lib/armv6-m\libc_nano.a(lib_a-readr.o)
                0x08007530                _read_r
 *(.rodata)
 *(.rodata*)
 .rodata.str1.1
                0x08007558       0x6f app/cli.o
 .rodata.str1.1
                0x080075c7        0xe app/tasks.o
 .rodata.USBD_LangIDDesc
                0x080075d5        0x4 usb/usbd_desc.o
                0x080075d5                USBD_LangIDDesc
 .rodata.USBD_DeviceDesc
                0x080075d9       0x12 usb/usbd_desc.o
                0x080075d9                USBD_DeviceDesc
 .rodata.str1.1
                0x080075eb       0x44 usb/usbd_desc.o
 .rodata.STORAGE_Inquirydata
                0x0800762f       0x24 usb/usbd_storage_msd.o
                0x0800762f                STORAGE_Inquirydata
 .rodata.USBD_MSC_CfgDesc
                0x08007653       0x20 c:/yagarto/cmsis_cm0_v150/_usb/usbd_classes/msc/src/usbd_msc_core.o
                0x08007653                USBD_MSC_CfgDesc
 .rodata.MSC_Page00_Inquiry_Data
                0x08007673        0x7 c:/yagarto/cmsis_cm0_v150/_usb/usbd_classes/msc/src/usbd_msc_data.o
                0x08007673                MSC_Page00_Inquiry_Data
 .rodata.MSC_Mode_Sense10_data
                0x0800767a        0x8 c:/yagarto/cmsis_cm0_v150/_usb/usbd_classes/msc/src/usbd_msc_data.o
                0x0800767a                MSC_Mode_Sense10_data
 .rodata.MSC_Mode_Sense6_data
                0x08007682        0x8 c:/yagarto/cmsis_cm0_v150/_usb/usbd_classes/msc/src/usbd_msc_data.o
                0x08007682                MSC_Mode_Sense6_data
 .rodata._ctype_
                0x0800768a      0x101 c:/yagarto/bin/../lib/gcc/arm-none-eabi/4.9.3/../../../../arm-none-eabi/lib/armv6-m\libc_nano.a(lib_a-ctype_.o)
                0x0800768a                _ctype_
 *fill*         0x0800778b        0x1 
 .rodata.__sf_fake_stdin
                0x0800778c       0x20 c:/yagarto/bin/../lib/gcc/arm-none-eabi/4.9.3/../../../../arm-none-eabi/lib/armv6-m\libc_nano.a(lib_a-findfp.o)
                0x0800778c                __sf_fake_stdin
 .rodata.__sf_fake_stdout
                0x080077ac       0x20 c:/yagarto/bin/../lib/gcc/arm-none-eabi/4.9.3/../../../../arm-none-eabi/lib/armv6-m\libc_nano.a(lib_a-findfp.o)
                0x080077ac                __sf_fake_stdout
 .rodata.__sf_fake_stderr
                0x080077cc       0x20 c:/yagarto/bin/../lib/gcc/arm-none-eabi/4.9.3/../../../../arm-none-eabi/lib/armv6-m\libc_nano.a(lib_a-findfp.o)
                0x080077cc                __sf_fake_stderr
 .rodata.str1.1
                0x080077ec        0x2 c:/yagarto/bin/../lib/gcc/arm-none-eabi/4.9.3/../../../../arm-none-eabi/lib/armv6-m\libc_nano.a(lib_a-impure.o)
 *fill*         0x080077ee        0x2 
 .rodata._global_impure_ptr
                0x080077f0        0x4 c:/yagarto/bin/../lib/gcc/arm-none-eabi/4.9.3/../../../../arm-none-eabi/lib/armv6-m\libc_nano.a(lib_a-impure.o)
                0x080077f0                _global_impure_ptr
 .rodata.str1.1
                0x080077f4       0x11 c:/yagarto/bin/../lib/gcc/arm-none-eabi/4.9.3/../../../../arm-none-eabi/lib/armv6-m\libc_nano.a(lib_a-nano-vfprintf.o)
 .rodata.str1.1
                0x08007805       0x22 c:/yagarto/bin/../lib/gcc/arm-none-eabi/4.9.3/../../../../arm-none-eabi/lib/armv6-m\libc_nano.a(lib_a-nano-vfprintf_i.o)
 *(.glue_7)
 .glue_7        0x00000000        0x0 linker stubs
 *(.glue_7t)
 .glue_7t       0x00000000        0x0 linker stubs
 *(.eh_frame)
 *(.init)
 *(.fini)
                0x08007828                . = ALIGN (0x4)
 *fill*         0x08007827        0x1 
                0x08007828                _etext = .

.vfp11_veneer   0x08007828        0x0
 .vfp11_veneer  0x00000000        0x0 linker stubs

.v4_bx          0x08007828        0x0
 .v4_bx         0x00000000        0x0 linker stubs

.iplt           0x08007828        0x0
 .iplt          0x00000000        0x0 c:/yagarto/cmsis_cm0_v150/_startup/startup_stm32f072.o

.rel.dyn        0x08007828        0x0
 .rel.iplt      0x00000000        0x0 c:/yagarto/cmsis_cm0_v150/_startup/startup_stm32f072.o

.ARM.extab
 *(.ARM.extab* .gnu.linkonce.armextab.*)

.ARM            0x08007828        0x0
                0x08007828                __exidx_start = .
 *(.ARM.exidx*)
                0x08007828                __exidx_end = .

.preinit_array  0x08007828        0x0
                0x08007828                PROVIDE (__preinit_array_start, .)
 *(.preinit_array*)
                0x08007828                PROVIDE (__preinit_array_end, .)

.init_array     0x08007828        0x0
                0x08007828                PROVIDE (__init_array_start, .)
 *(SORT(.init_array.*))
 *(.init_array*)
                0x08007828                PROVIDE (__init_array_end, .)

.fini_array     0x08007828        0x0
                0x08007828                PROVIDE (__fini_array_start, .)
 *(.fini_array*)
 *(SORT(.fini_array.*))
                0x08007828                PROVIDE (__fini_array_end, .)
                0x08007828                _sidata = .

.data           0x20000100      0x130 load address 0x08007828
                0x20000100                . = ALIGN (0x4)
                0x20000100                _sdata = .
 *(.data)
 *(.data*)
 .data.dummy.7775
                0x20000100        0x1 bsp/spi_f0.o
 *fill*         0x20000101        0x3 
 .data.USR_desc
                0x20000104       0x1c usb/usbd_desc.o
                0x20000104                USR_desc
 .data.USBD_StringSerial
                0x20000120       0x1a usb/usbd_desc.o
                0x20000120                USBD_StringSerial
 *fill*         0x2000013a        0x2 
 .data.USBD_STORAGE_fops
                0x2000013c        0x4 usb/usbd_storage_msd.o
                0x2000013c                USBD_STORAGE_fops
 .data.USBD_MICRO_SDIO_fops
                0x20000140       0x20 usb/usbd_storage_msd.o
                0x20000140                USBD_MICRO_SDIO_fops
 .data.USR_cb   0x20000160       0x14 usb/usbd_usr.o
                0x20000160                USR_cb
 .data.USBD_DCD_INT_fops
                0x20000174        0x4 c:/yagarto/cmsis_cm0_v150/_usb/usbd_core/src/usbd_core.o
                0x20000174                USBD_DCD_INT_fops
 .data.USBD_DCD_INT_cb
                0x20000178       0x1c c:/yagarto/cmsis_cm0_v150/_usb/usbd_core/src/usbd_core.o
                0x20000178                USBD_DCD_INT_cb
 .data.USBD_MSC_cb
                0x20000194       0x24 c:/yagarto/cmsis_cm0_v150/_usb/usbd_classes/msc/src/usbd_msc_core.o
                0x20000194                USBD_MSC_cb
 .data.APBAHBPrescTable
                0x200001b8       0x10 .\libstm32f072_16m.a(stm32f0xx_rcc.o)
 .data.__ctype_ptr__
                0x200001c8        0x4 c:/yagarto/bin/../lib/gcc/arm-none-eabi/4.9.3/../../../../arm-none-eabi/lib/armv6-m\libc_nano.a(lib_a-ctype_.o)
                0x200001c8                __ctype_ptr__
 .data.impure_data
                0x200001cc       0x60 c:/yagarto/bin/../lib/gcc/arm-none-eabi/4.9.3/../../../../arm-none-eabi/lib/armv6-m\libc_nano.a(lib_a-impure.o)
 .data._impure_ptr
                0x2000022c        0x4 c:/yagarto/bin/../lib/gcc/arm-none-eabi/4.9.3/../../../../arm-none-eabi/lib/armv6-m\libc_nano.a(lib_a-impure.o)
                0x2000022c                _impure_ptr
                0x20000230                . = ALIGN (0x4)
                0x20000230                _edata = .

.igot.plt       0x20000230        0x0 load address 0x08007958
 .igot.plt      0x00000000        0x0 c:/yagarto/cmsis_cm0_v150/_startup/startup_stm32f072.o
                0x20000230                . = ALIGN (0x4)

.bss            0x20000230     0x14c8 load address 0x08007958
                0x20000230                _sbss = .
                0x20000230                __bss_start__ = _sbss
 *(.bss)
 *(.bss*)
 .bss.cfg.8543  0x20000230       0x10 bsp_init.o
 .bss.scfg.8539
                0x20000240        0xc bsp_init.o
 .bss.s_pHeapEnd.7919
                0x2000024c        0x4 _libs/syscall.o
 .bss.g         0x20000250       0x1c app/dataconfig.o
 .bss.count.8358
                0x2000026c        0x4 app/tasks.o
 .bss.mode.8359
                0x20000270        0x4 app/tasks.o
 .bss.g         0x20000274       0x10 drv/hc595.o
 .bss.g         0x20000284        0xc drv/spiflash.o
 .bss.g         0x20000290      0x208 bsp/usart_f0.o
 .bss.remotewakeupon
                0x20000498        0x4 usb/usbd_pwr.o
                0x20000498                remotewakeupon
 .bss.g         0x2000049c        0x8 thirdparty/flash_eeprom/flash_eeprom.o
 .bss.g         0x200004a4       0x1c thirdparty/zkey/zkey.o
 .bss.g         0x200004c0       0x48 thirdparty/ztask/ztask.o
 .bss.ADDRESS   0x20000508        0x4 c:/yagarto/cmsis_cm0_v150/_usb/usbd_core/src/usbd_req.o
                0x20000508                ADDRESS
 .bss.cfgidx.6938
                0x2000050c        0x1 c:/yagarto/cmsis_cm0_v150/_usb/usbd_core/src/usbd_req.o
 *fill*         0x2000050d        0x3 
 .bss.wInterrupt_Mask
                0x20000510        0x4 c:/yagarto/cmsis_cm0_v150/_usb/usbd_drv/src/usb_dcd.o
                0x20000510                wInterrupt_Mask
 .bss.USBD_MSC_AltSet
                0x20000514        0x1 c:/yagarto/cmsis_cm0_v150/_usb/usbd_classes/msc/src/usbd_msc_core.o
 .bss.USBD_MSC_MaxLun
                0x20000515        0x1 c:/yagarto/cmsis_cm0_v150/_usb/usbd_classes/msc/src/usbd_msc_core.o
 *fill*         0x20000516        0x2 
 .bss.__malloc_sbrk_start
                0x20000518        0x4 c:/yagarto/bin/../lib/gcc/arm-none-eabi/4.9.3/../../../../arm-none-eabi/lib/armv6-m\libc_nano.a(lib_a-nano-mallocr.o)
                0x20000518                __malloc_sbrk_start
 .bss.__malloc_free_list
                0x2000051c        0x4 c:/yagarto/bin/../lib/gcc/arm-none-eabi/4.9.3/../../../../arm-none-eabi/lib/armv6-m\libc_nano.a(lib_a-nano-mallocr.o)
                0x2000051c                __malloc_free_list
 *(COMMON)
 COMMON         0x20000520      0x118 bsp_init.o
                0x20000520                USB_Device_dev
 COMMON         0x20000638        0x4 _libs/misc.o
                0x20000638                g_nms
 COMMON         0x2000063c        0x2 usb/usbd_pwr.o
                0x2000063c                ResumeS
 COMMON         0x2000063e       0x40 c:/yagarto/cmsis_cm0_v150/_usb/usbd_core/src/usbd_req.o
                0x2000063e                USBD_StrDesc
 *fill*         0x2000067e        0x2 
 COMMON         0x20000680     0x1038 c:/yagarto/cmsis_cm0_v150/_usb/usbd_classes/msc/src/usbd_msc_bot.o
                0x20000680                MSC_BOT_Data
                0x20001680                MSC_BOT_Status
                0x20001684                MSC_BOT_cbw
                0x200016a4                MSC_BOT_csw
                0x200016b4                MSC_BOT_State
                0x200016b6                MSC_BOT_DataLen
 COMMON         0x200016b8       0x39 c:/yagarto/cmsis_cm0_v150/_usb/usbd_classes/msc/src/usbd_msc_scsi.o
                0x200016b8                SCSI_blk_nbr
                0x200016bc                SCSI_blk_size
                0x200016c0                SCSI_Sense_Head
                0x200016c4                SCSI_blk_len
                0x200016c8                SCSI_Sense
                0x200016e8                SCSI_blk_addr
                0x200016ec                cdev
                0x200016f0                SCSI_Sense_Tail
 *fill*         0x200016f1        0x3 
 COMMON         0x200016f4        0x4 c:/yagarto/bin/../lib/gcc/arm-none-eabi/4.9.3/../../../../arm-none-eabi/lib/armv6-m\libc_nano.a(lib_a-reent.o)
                0x200016f4                errno
                0x200016f8                . = ALIGN (0x4)
                0x200016f8                _ebss = .
                0x200016f8                __bss_end__ = _ebss

._user_heap_stack
                0x200016f8      0x400 load address 0x08008e20
                0x200016f8                . = ALIGN (0x4)
                0x200016f8                PROVIDE (end, .)
                0x200016f8                PROVIDE (_end, .)
                0x200016f8                . = (. + _Min_Heap_Size)
                0x20001af8                . = (. + _Min_Stack_Size)
 *fill*         0x200016f8      0x400 
                0x20001af8                . = ALIGN (0x4)

.memory_b1_text
 *(.mb1text)
 *(.mb1text*)
 *(.mb1rodata)
 *(.mb1rodata*)

/DISCARD/
 libc.a(*)
 libm.a(*)
 libgcc.a(*)

.ARM.attributes
                0x00000000       0x2d
 *(.ARM.attributes)
 .ARM.attributes
                0x00000000       0x21 c:/yagarto/cmsis_cm0_v150/_startup/startup_stm32f072.o
 .ARM.attributes
                0x00000021       0x31 bsp_init.o
 .ARM.attributes
                0x00000052       0x31 main.o
 .ARM.attributes
                0x00000083       0x31 stm32f0xx_it.o
 .ARM.attributes
                0x000000b4       0x31 _libs/misc.o
 .ARM.attributes
                0x000000e5       0x31 _libs/syscall.o
 .ARM.attributes
                0x00000116       0x31 app/cli.o
 .ARM.attributes
                0x00000147       0x31 app/dataconfig.o
 .ARM.attributes
                0x00000178       0x31 app/tasks.o
 .ARM.attributes
                0x000001a9       0x31 drv/hc595.o
 .ARM.attributes
                0x000001da       0x31 drv/spiflash.o
 .ARM.attributes
                0x0000020b       0x31 bsp/gpio_f0.o
 .ARM.attributes
                0x0000023c       0x31 bsp/spi_f0.o
 .ARM.attributes
                0x0000026d       0x31 bsp/usart_f0.o
 .ARM.attributes
                0x0000029e       0x31 usb/usb_bsp.o
 .ARM.attributes
                0x000002cf       0x31 usb/usbd_desc.o
 .ARM.attributes
                0x00000300       0x31 usb/usbd_pwr.o
 .ARM.attributes
                0x00000331       0x31 usb/usbd_storage_msd.o
 .ARM.attributes
                0x00000362       0x31 usb/usbd_usr.o
 .ARM.attributes
                0x00000393       0x31 thirdparty/flash_eeprom/flash_eeprom.o
 .ARM.attributes
                0x000003c4       0x31 thirdparty/zkey/zkey.o
 .ARM.attributes
                0x000003f5       0x31 thirdparty/ztask/ztask.o
 .ARM.attributes
                0x00000426       0x31 c:/yagarto/cmsis_cm0_v150/_usb/usbd_core/src/usbd_core.o
 .ARM.attributes
                0x00000457       0x31 c:/yagarto/cmsis_cm0_v150/_usb/usbd_core/src/usbd_ioreq.o
 .ARM.attributes
                0x00000488       0x31 c:/yagarto/cmsis_cm0_v150/_usb/usbd_core/src/usbd_req.o
 .ARM.attributes
                0x000004b9       0x31 c:/yagarto/cmsis_cm0_v150/_usb/usbd_drv/src/usb_core.o
 .ARM.attributes
                0x000004ea       0x31 c:/yagarto/cmsis_cm0_v150/_usb/usbd_drv/src/usb_dcd.o
 .ARM.attributes
                0x0000051b       0x31 c:/yagarto/cmsis_cm0_v150/_usb/usbd_drv/src/usb_dcd_int.o
 .ARM.attributes
                0x0000054c       0x31 c:/yagarto/cmsis_cm0_v150/_usb/usbd_classes/msc/src/usbd_msc_bot.o
 .ARM.attributes
                0x0000057d       0x31 c:/yagarto/cmsis_cm0_v150/_usb/usbd_classes/msc/src/usbd_msc_core.o
 .ARM.attributes
                0x000005ae       0x31 c:/yagarto/cmsis_cm0_v150/_usb/usbd_classes/msc/src/usbd_msc_data.o
 .ARM.attributes
                0x000005df       0x31 c:/yagarto/cmsis_cm0_v150/_usb/usbd_classes/msc/src/usbd_msc_scsi.o
 .ARM.attributes
                0x00000610       0x31 .\libstm32f072_16m.a(stm32f0xx_dma.o)
 .ARM.attributes
                0x00000641       0x31 .\libstm32f072_16m.a(stm32f0xx_flash.o)
 .ARM.attributes
                0x00000672       0x31 .\libstm32f072_16m.a(stm32f0xx_gpio.o)
 .ARM.attributes
                0x000006a3       0x31 .\libstm32f072_16m.a(stm32f0xx_misc.o)
 .ARM.attributes
                0x000006d4       0x31 .\libstm32f072_16m.a(stm32f0xx_rcc.o)
 .ARM.attributes
                0x00000705       0x31 .\libstm32f072_16m.a(stm32f0xx_spi.o)
 .ARM.attributes
                0x00000736       0x31 .\libstm32f072_16m.a(stm32f0xx_syscfg.o)
 .ARM.attributes
                0x00000767       0x31 .\libstm32f072_16m.a(stm32f0xx_usart.o)
 .ARM.attributes
                0x00000798       0x1e c:/yagarto/bin/../lib/gcc/arm-none-eabi/4.9.3/armv6-m\libgcc.a(_thumb1_case_uqi.o)
 .ARM.attributes
                0x000007b6       0x1e c:/yagarto/bin/../lib/gcc/arm-none-eabi/4.9.3/armv6-m\libgcc.a(_udivsi3.o)
 .ARM.attributes
                0x000007d4       0x1e c:/yagarto/bin/../lib/gcc/arm-none-eabi/4.9.3/armv6-m\libgcc.a(_divsi3.o)
 .ARM.attributes
                0x000007f2       0x1e c:/yagarto/bin/../lib/gcc/arm-none-eabi/4.9.3/armv6-m\libgcc.a(_dvmd_tls.o)
 .ARM.attributes
                0x00000810       0x2c c:/yagarto/bin/../lib/gcc/arm-none-eabi/4.9.3/../../../../arm-none-eabi/lib/armv6-m\libc_nano.a(lib_a-memcmp.o)
 .ARM.attributes
                0x0000083c       0x2c c:/yagarto/bin/../lib/gcc/arm-none-eabi/4.9.3/../../../../arm-none-eabi/lib/armv6-m\libc_nano.a(lib_a-memcpy.o)
 .ARM.attributes
                0x00000868       0x2c c:/yagarto/bin/../lib/gcc/arm-none-eabi/4.9.3/../../../../arm-none-eabi/lib/armv6-m\libc_nano.a(lib_a-memset.o)
 .ARM.attributes
                0x00000894       0x2c c:/yagarto/bin/../lib/gcc/arm-none-eabi/4.9.3/../../../../arm-none-eabi/lib/armv6-m\libc_nano.a(lib_a-printf.o)
 .ARM.attributes
                0x000008c0       0x2c c:/yagarto/bin/../lib/gcc/arm-none-eabi/4.9.3/../../../../arm-none-eabi/lib/armv6-m\libc_nano.a(lib_a-puts.o)
 .ARM.attributes
                0x000008ec       0x2c c:/yagarto/bin/../lib/gcc/arm-none-eabi/4.9.3/../../../../arm-none-eabi/lib/armv6-m\libc_nano.a(lib_a-strcasecmp.o)
 .ARM.attributes
                0x00000918       0x2c c:/yagarto/bin/../lib/gcc/arm-none-eabi/4.9.3/../../../../arm-none-eabi/lib/armv6-m\libc_nano.a(lib_a-strlen.o)
 .ARM.attributes
                0x00000944       0x2c c:/yagarto/bin/../lib/gcc/arm-none-eabi/4.9.3/../../../../arm-none-eabi/lib/armv6-m\libc_nano.a(lib_a-strncpy.o)
 .ARM.attributes
                0x00000970       0x2c c:/yagarto/bin/../lib/gcc/arm-none-eabi/4.9.3/../../../../arm-none-eabi/lib/armv6-m\libc_nano.a(lib_a-strtok.o)
 .ARM.attributes
                0x0000099c       0x2c c:/yagarto/bin/../lib/gcc/arm-none-eabi/4.9.3/../../../../arm-none-eabi/lib/armv6-m\libc_nano.a(lib_a-strtok_r.o)
 .ARM.attributes
                0x000009c8       0x2c c:/yagarto/bin/../lib/gcc/arm-none-eabi/4.9.3/../../../../arm-none-eabi/lib/armv6-m\libc_nano.a(lib_a-strtol.o)
 .ARM.attributes
                0x000009f4       0x2c c:/yagarto/bin/../lib/gcc/arm-none-eabi/4.9.3/../../../../arm-none-eabi/lib/armv6-m\libc_nano.a(lib_a-wbuf.o)
 .ARM.attributes
                0x00000a20       0x2c c:/yagarto/bin/../lib/gcc/arm-none-eabi/4.9.3/../../../../arm-none-eabi/lib/armv6-m\libc_nano.a(lib_a-wsetup.o)
 .ARM.attributes
                0x00000a4c       0x2c c:/yagarto/bin/../lib/gcc/arm-none-eabi/4.9.3/../../../../arm-none-eabi/lib/armv6-m\libc_nano.a(lib_a-ctype_.o)
 .ARM.attributes
                0x00000a78       0x2c c:/yagarto/bin/../lib/gcc/arm-none-eabi/4.9.3/../../../../arm-none-eabi/lib/armv6-m\libc_nano.a(lib_a-fflush.o)
 .ARM.attributes
                0x00000aa4       0x2c c:/yagarto/bin/../lib/gcc/arm-none-eabi/4.9.3/../../../../arm-none-eabi/lib/armv6-m\libc_nano.a(lib_a-findfp.o)
 .ARM.attributes
                0x00000ad0       0x2c c:/yagarto/bin/../lib/gcc/arm-none-eabi/4.9.3/../../../../arm-none-eabi/lib/armv6-m\libc_nano.a(lib_a-fwalk.o)
 .ARM.attributes
                0x00000afc       0x2c c:/yagarto/bin/../lib/gcc/arm-none-eabi/4.9.3/../../../../arm-none-eabi/lib/armv6-m\libc_nano.a(lib_a-impure.o)
 .ARM.attributes
                0x00000b28       0x2c c:/yagarto/bin/../lib/gcc/arm-none-eabi/4.9.3/../../../../arm-none-eabi/lib/armv6-m\libc_nano.a(lib_a-makebuf.o)
 .ARM.attributes
                0x00000b54       0x2c c:/yagarto/bin/../lib/gcc/arm-none-eabi/4.9.3/../../../../arm-none-eabi/lib/armv6-m\libc_nano.a(lib_a-malloc.o)
 .ARM.attributes
                0x00000b80       0x2c c:/yagarto/bin/../lib/gcc/arm-none-eabi/4.9.3/../../../../arm-none-eabi/lib/armv6-m\libc_nano.a(lib_a-nano-freer.o)
 .ARM.attributes
                0x00000bac       0x2c c:/yagarto/bin/../lib/gcc/arm-none-eabi/4.9.3/../../../../arm-none-eabi/lib/armv6-m\libc_nano.a(lib_a-nano-mallocr.o)
 .ARM.attributes
                0x00000bd8       0x2c c:/yagarto/bin/../lib/gcc/arm-none-eabi/4.9.3/../../../../arm-none-eabi/lib/armv6-m\libc_nano.a(lib_a-nano-vfprintf.o)
 .ARM.attributes
                0x00000c04       0x2c c:/yagarto/bin/../lib/gcc/arm-none-eabi/4.9.3/../../../../arm-none-eabi/lib/armv6-m\libc_nano.a(lib_a-nano-vfprintf_i.o)
 .ARM.attributes
                0x00000c30       0x2c c:/yagarto/bin/../lib/gcc/arm-none-eabi/4.9.3/../../../../arm-none-eabi/lib/armv6-m\libc_nano.a(lib_a-sbrkr.o)
 .ARM.attributes
                0x00000c5c       0x2c c:/yagarto/bin/../lib/gcc/arm-none-eabi/4.9.3/../../../../arm-none-eabi/lib/armv6-m\libc_nano.a(lib_a-stdio.o)
 .ARM.attributes
                0x00000c88       0x2c c:/yagarto/bin/../lib/gcc/arm-none-eabi/4.9.3/../../../../arm-none-eabi/lib/armv6-m\libc_nano.a(lib_a-writer.o)
 .ARM.attributes
                0x00000cb4       0x2c c:/yagarto/bin/../lib/gcc/arm-none-eabi/4.9.3/../../../../arm-none-eabi/lib/armv6-m\libc_nano.a(lib_a-closer.o)
 .ARM.attributes
                0x00000ce0       0x2c c:/yagarto/bin/../lib/gcc/arm-none-eabi/4.9.3/../../../../arm-none-eabi/lib/armv6-m\libc_nano.a(lib_a-fstatr.o)
 .ARM.attributes
                0x00000d0c       0x2c c:/yagarto/bin/../lib/gcc/arm-none-eabi/4.9.3/../../../../arm-none-eabi/lib/armv6-m\libc_nano.a(lib_a-isattyr.o)
 .ARM.attributes
                0x00000d38       0x2c c:/yagarto/bin/../lib/gcc/arm-none-eabi/4.9.3/../../../../arm-none-eabi/lib/armv6-m\libc_nano.a(lib_a-lseekr.o)
 .ARM.attributes
                0x00000d64       0x2c c:/yagarto/bin/../lib/gcc/arm-none-eabi/4.9.3/../../../../arm-none-eabi/lib/armv6-m\libc_nano.a(lib_a-memchr.o)
 .ARM.attributes
                0x00000d90       0x2c c:/yagarto/bin/../lib/gcc/arm-none-eabi/4.9.3/../../../../arm-none-eabi/lib/armv6-m\libc_nano.a(lib_a-readr.o)
 .ARM.attributes
                0x00000dbc       0x2c c:/yagarto/bin/../lib/gcc/arm-none-eabi/4.9.3/../../../../arm-none-eabi/lib/armv6-m\libc_nano.a(lib_a-reent.o)
OUTPUT(main_rom.elf elf32-littlearm)

.debug_line     0x00000000     0x59d4
 .debug_line    0x00000000       0xac c:/yagarto/cmsis_cm0_v150/_startup/startup_stm32f072.o
 .debug_line    0x000000ac      0x32f bsp_init.o
 .debug_line    0x000003db      0x1e8 main.o
 .debug_line    0x000005c3      0x247 stm32f0xx_it.o
 .debug_line    0x0000080a       0x7f _libs/misc.o
 .debug_line    0x00000889      0x210 _libs/syscall.o
 .debug_line    0x00000a99      0x21a app/cli.o
 .debug_line    0x00000cb3      0x111 app/dataconfig.o
 .debug_line    0x00000dc4      0x177 app/tasks.o
 .debug_line    0x00000f3b       0x74 drv/hc595.o
 .debug_line    0x00000faf      0x1f5 drv/spiflash.o
 .debug_line    0x000011a4      0x187 bsp/gpio_f0.o
 .debug_line    0x0000132b      0x1ec bsp/spi_f0.o
 .debug_line    0x00001517      0x22a bsp/usart_f0.o
 .debug_line    0x00001741      0x183 usb/usb_bsp.o
 .debug_line    0x000018c4      0x1dd usb/usbd_desc.o
 .debug_line    0x00001aa1      0x1e5 usb/usbd_pwr.o
 .debug_line    0x00001c86      0x175 usb/usbd_storage_msd.o
 .debug_line    0x00001dfb      0x122 usb/usbd_usr.o
 .debug_line    0x00001f1d      0x1e6 thirdparty/flash_eeprom/flash_eeprom.o
 .debug_line    0x00002103       0x99 thirdparty/zkey/zkey.o
 .debug_line    0x0000219c       0xc7 thirdparty/ztask/ztask.o
 .debug_line    0x00002263      0x2b8 c:/yagarto/cmsis_cm0_v150/_usb/usbd_core/src/usbd_core.o
 .debug_line    0x0000251b      0x1d1 c:/yagarto/cmsis_cm0_v150/_usb/usbd_core/src/usbd_ioreq.o
 .debug_line    0x000026ec      0x27b c:/yagarto/cmsis_cm0_v150/_usb/usbd_core/src/usbd_req.o
 .debug_line    0x00002967      0x720 c:/yagarto/cmsis_cm0_v150/_usb/usbd_drv/src/usb_core.o
 .debug_line    0x00003087      0x2e0 c:/yagarto/cmsis_cm0_v150/_usb/usbd_drv/src/usb_dcd.o
 .debug_line    0x00003367      0x23b c:/yagarto/cmsis_cm0_v150/_usb/usbd_drv/src/usb_dcd_int.o
 .debug_line    0x000035a2      0x29c c:/yagarto/cmsis_cm0_v150/_usb/usbd_classes/msc/src/usbd_msc_bot.o
 .debug_line    0x0000383e      0x25b c:/yagarto/cmsis_cm0_v150/_usb/usbd_classes/msc/src/usbd_msc_core.o
 .debug_line    0x00003a99       0xce c:/yagarto/cmsis_cm0_v150/_usb/usbd_classes/msc/src/usbd_msc_data.o
 .debug_line    0x00003b67      0x2b2 c:/yagarto/cmsis_cm0_v150/_usb/usbd_classes/msc/src/usbd_msc_scsi.o
 .debug_line    0x00003e19      0x255 .\libstm32f072_16m.a(stm32f0xx_dma.o)
 .debug_line    0x0000406e      0x4af .\libstm32f072_16m.a(stm32f0xx_flash.o)
 .debug_line    0x0000451d      0x26c .\libstm32f072_16m.a(stm32f0xx_gpio.o)
 .debug_line    0x00004789      0x168 .\libstm32f072_16m.a(stm32f0xx_misc.o)
 .debug_line    0x000048f1      0x532 .\libstm32f072_16m.a(stm32f0xx_rcc.o)
 .debug_line    0x00004e23      0x42b .\libstm32f072_16m.a(stm32f0xx_spi.o)
 .debug_line    0x0000524e      0x1b9 .\libstm32f072_16m.a(stm32f0xx_syscfg.o)
 .debug_line    0x00005407      0x5cd .\libstm32f072_16m.a(stm32f0xx_usart.o)

.debug_info     0x00000000    0x130a2
 .debug_info    0x00000000       0x92 c:/yagarto/cmsis_cm0_v150/_startup/startup_stm32f072.o
 .debug_info    0x00000092      0xfa9 bsp_init.o
 .debug_info    0x0000103b      0x458 main.o
 .debug_info    0x00001493      0x409 stm32f0xx_it.o
 .debug_info    0x0000189c      0x131 _libs/misc.o
 .debug_info    0x000019cd      0x624 _libs/syscall.o
 .debug_info    0x00001ff1      0xacc app/cli.o
 .debug_info    0x00002abd      0x2ca app/dataconfig.o
 .debug_info    0x00002d87      0x41f app/tasks.o
 .debug_info    0x000031a6      0x210 drv/hc595.o
 .debug_info    0x000033b6      0x86f drv/spiflash.o
 .debug_info    0x00003c25      0x5d0 bsp/gpio_f0.o
 .debug_info    0x000041f5      0x8f9 bsp/spi_f0.o
 .debug_info    0x00004aee      0xb49 bsp/usart_f0.o
 .debug_info    0x00005637      0x775 usb/usb_bsp.o
 .debug_info    0x00005dac      0x556 usb/usbd_desc.o
 .debug_info    0x00006302      0x348 usb/usbd_pwr.o
 .debug_info    0x0000664a      0x484 usb/usbd_storage_msd.o
 .debug_info    0x00006ace      0x192 usb/usbd_usr.o
 .debug_info    0x00006c60      0x4c2 thirdparty/flash_eeprom/flash_eeprom.o
 .debug_info    0x00007122      0x223 thirdparty/zkey/zkey.o
 .debug_info    0x00007345      0x1fa thirdparty/ztask/ztask.o
 .debug_info    0x0000753f      0xd66 c:/yagarto/cmsis_cm0_v150/_usb/usbd_core/src/usbd_core.o
 .debug_info    0x000082a5      0x871 c:/yagarto/cmsis_cm0_v150/_usb/usbd_core/src/usbd_ioreq.o
 .debug_info    0x00008b16      0xd6e c:/yagarto/cmsis_cm0_v150/_usb/usbd_core/src/usbd_req.o
 .debug_info    0x00009884      0xe6a c:/yagarto/cmsis_cm0_v150/_usb/usbd_drv/src/usb_core.o
 .debug_info    0x0000a6ee      0xec3 c:/yagarto/cmsis_cm0_v150/_usb/usbd_drv/src/usb_dcd.o
 .debug_info    0x0000b5b1      0xa5b c:/yagarto/cmsis_cm0_v150/_usb/usbd_drv/src/usb_dcd_int.o
 .debug_info    0x0000c00c      0xc9f c:/yagarto/cmsis_cm0_v150/_usb/usbd_classes/msc/src/usbd_msc_bot.o
 .debug_info    0x0000ccab      0xac0 c:/yagarto/cmsis_cm0_v150/_usb/usbd_classes/msc/src/usbd_msc_core.o
 .debug_info    0x0000d76b       0xe2 c:/yagarto/cmsis_cm0_v150/_usb/usbd_classes/msc/src/usbd_msc_data.o
 .debug_info    0x0000d84d     0x1097 c:/yagarto/cmsis_cm0_v150/_usb/usbd_classes/msc/src/usbd_msc_scsi.o
 .debug_info    0x0000e8e4      0x50d .\libstm32f072_16m.a(stm32f0xx_dma.o)
 .debug_info    0x0000edf1      0xc09 .\libstm32f072_16m.a(stm32f0xx_flash.o)
 .debug_info    0x0000f9fa      0x709 .\libstm32f072_16m.a(stm32f0xx_gpio.o)
 .debug_info    0x00010103      0x3b6 .\libstm32f072_16m.a(stm32f0xx_misc.o)
 .debug_info    0x000104b9      0xb65 .\libstm32f072_16m.a(stm32f0xx_rcc.o)
 .debug_info    0x0001101e      0xc57 .\libstm32f072_16m.a(stm32f0xx_spi.o)
 .debug_info    0x00011c75      0x382 .\libstm32f072_16m.a(stm32f0xx_syscfg.o)
 .debug_info    0x00011ff7     0x10ab .\libstm32f072_16m.a(stm32f0xx_usart.o)

.debug_abbrev   0x00000000     0x46d7
 .debug_abbrev  0x00000000       0x12 c:/yagarto/cmsis_cm0_v150/_startup/startup_stm32f072.o
 .debug_abbrev  0x00000012      0x316 bsp_init.o
 .debug_abbrev  0x00000328      0x17c main.o
 .debug_abbrev  0x000004a4      0x154 stm32f0xx_it.o
 .debug_abbrev  0x000005f8       0xab _libs/misc.o
 .debug_abbrev  0x000006a3      0x1cd _libs/syscall.o
 .debug_abbrev  0x00000870      0x305 app/cli.o
 .debug_abbrev  0x00000b75      0x139 app/dataconfig.o
 .debug_abbrev  0x00000cae      0x1e2 app/tasks.o
 .debug_abbrev  0x00000e90       0xe3 drv/hc595.o
 .debug_abbrev  0x00000f73      0x1c1 drv/spiflash.o
 .debug_abbrev  0x00001134      0x14a bsp/gpio_f0.o
 .debug_abbrev  0x0000127e      0x176 bsp/spi_f0.o
 .debug_abbrev  0x000013f4      0x217 bsp/usart_f0.o
 .debug_abbrev  0x0000160b      0x17a usb/usb_bsp.o
 .debug_abbrev  0x00001785      0x197 usb/usbd_desc.o
 .debug_abbrev  0x0000191c      0x17c usb/usbd_pwr.o
 .debug_abbrev  0x00001a98      0x196 usb/usbd_storage_msd.o
 .debug_abbrev  0x00001c2e       0xc9 usb/usbd_usr.o
 .debug_abbrev  0x00001cf7      0x233 thirdparty/flash_eeprom/flash_eeprom.o
 .debug_abbrev  0x00001f2a      0x105 thirdparty/zkey/zkey.o
 .debug_abbrev  0x0000202f      0x148 thirdparty/ztask/ztask.o
 .debug_abbrev  0x00002177      0x308 c:/yagarto/cmsis_cm0_v150/_usb/usbd_core/src/usbd_core.o
 .debug_abbrev  0x0000247f      0x171 c:/yagarto/cmsis_cm0_v150/_usb/usbd_core/src/usbd_ioreq.o
 .debug_abbrev  0x000025f0      0x365 c:/yagarto/cmsis_cm0_v150/_usb/usbd_core/src/usbd_req.o
 .debug_abbrev  0x00002955      0x209 c:/yagarto/cmsis_cm0_v150/_usb/usbd_drv/src/usb_core.o
 .debug_abbrev  0x00002b5e      0x25a c:/yagarto/cmsis_cm0_v150/_usb/usbd_drv/src/usb_dcd.o
 .debug_abbrev  0x00002db8      0x1f3 c:/yagarto/cmsis_cm0_v150/_usb/usbd_drv/src/usb_dcd_int.o
 .debug_abbrev  0x00002fab      0x228 c:/yagarto/cmsis_cm0_v150/_usb/usbd_classes/msc/src/usbd_msc_bot.o
 .debug_abbrev  0x000031d3      0x206 c:/yagarto/cmsis_cm0_v150/_usb/usbd_classes/msc/src/usbd_msc_core.o
 .debug_abbrev  0x000033d9       0x5b c:/yagarto/cmsis_cm0_v150/_usb/usbd_classes/msc/src/usbd_msc_data.o
 .debug_abbrev  0x00003434      0x321 c:/yagarto/cmsis_cm0_v150/_usb/usbd_classes/msc/src/usbd_msc_scsi.o
 .debug_abbrev  0x00003755      0x1b5 .\libstm32f072_16m.a(stm32f0xx_dma.o)
 .debug_abbrev  0x0000390a      0x275 .\libstm32f072_16m.a(stm32f0xx_flash.o)
 .debug_abbrev  0x00003b7f      0x20a .\libstm32f072_16m.a(stm32f0xx_gpio.o)
 .debug_abbrev  0x00003d89      0x152 .\libstm32f072_16m.a(stm32f0xx_misc.o)
 .debug_abbrev  0x00003edb      0x24c .\libstm32f072_16m.a(stm32f0xx_rcc.o)
 .debug_abbrev  0x00004127      0x21f .\libstm32f072_16m.a(stm32f0xx_spi.o)
 .debug_abbrev  0x00004346      0x18e .\libstm32f072_16m.a(stm32f0xx_syscfg.o)
 .debug_abbrev  0x000044d4      0x203 .\libstm32f072_16m.a(stm32f0xx_usart.o)

.debug_aranges  0x00000000     0x10c0
 .debug_aranges
                0x00000000       0x28 c:/yagarto/cmsis_cm0_v150/_startup/startup_stm32f072.o
 .debug_aranges
                0x00000028       0x40 bsp_init.o
 .debug_aranges
                0x00000068       0x28 main.o
 .debug_aranges
                0x00000090       0x60 stm32f0xx_it.o
 .debug_aranges
                0x000000f0       0x38 _libs/misc.o
 .debug_aranges
                0x00000128       0x60 _libs/syscall.o
 .debug_aranges
                0x00000188       0x28 app/cli.o
 .debug_aranges
                0x000001b0       0x30 app/dataconfig.o
 .debug_aranges
                0x000001e0       0x40 app/tasks.o
 .debug_aranges
                0x00000220       0x30 drv/hc595.o
 .debug_aranges
                0x00000250       0x78 drv/spiflash.o
 .debug_aranges
                0x000002c8       0x20 bsp/gpio_f0.o
 .debug_aranges
                0x000002e8       0x30 bsp/spi_f0.o
 .debug_aranges
                0x00000318       0x40 bsp/usart_f0.o
 .debug_aranges
                0x00000358       0x28 usb/usb_bsp.o
 .debug_aranges
                0x00000380       0x60 usb/usbd_desc.o
 .debug_aranges
                0x000003e0       0x38 usb/usbd_pwr.o
 .debug_aranges
                0x00000418       0x50 usb/usbd_storage_msd.o
 .debug_aranges
                0x00000468       0x40 usb/usbd_usr.o
 .debug_aranges
                0x000004a8       0x60 thirdparty/flash_eeprom/flash_eeprom.o
 .debug_aranges
                0x00000508       0x28 thirdparty/zkey/zkey.o
 .debug_aranges
                0x00000530       0x48 thirdparty/ztask/ztask.o
 .debug_aranges
                0x00000578       0x70 c:/yagarto/cmsis_cm0_v150/_usb/usbd_core/src/usbd_core.o
 .debug_aranges
                0x000005e8       0x50 c:/yagarto/cmsis_cm0_v150/_usb/usbd_core/src/usbd_ioreq.o
 .debug_aranges
                0x00000638       0x48 c:/yagarto/cmsis_cm0_v150/_usb/usbd_core/src/usbd_req.o
 .debug_aranges
                0x00000680      0x200 c:/yagarto/cmsis_cm0_v150/_usb/usbd_drv/src/usb_core.o
 .debug_aranges
                0x00000880       0x88 c:/yagarto/cmsis_cm0_v150/_usb/usbd_drv/src/usb_dcd.o
 .debug_aranges
                0x00000908       0x28 c:/yagarto/cmsis_cm0_v150/_usb/usbd_drv/src/usb_dcd_int.o
 .debug_aranges
                0x00000930       0x58 c:/yagarto/cmsis_cm0_v150/_usb/usbd_classes/msc/src/usbd_msc_bot.o
 .debug_aranges
                0x00000988       0x48 c:/yagarto/cmsis_cm0_v150/_usb/usbd_classes/msc/src/usbd_msc_core.o
 .debug_aranges
                0x000009d0       0x18 c:/yagarto/cmsis_cm0_v150/_usb/usbd_classes/msc/src/usbd_msc_data.o
 .debug_aranges
                0x000009e8       0x28 c:/yagarto/cmsis_cm0_v150/_usb/usbd_classes/msc/src/usbd_msc_scsi.o
 .debug_aranges
                0x00000a10       0x78 .\libstm32f072_16m.a(stm32f0xx_dma.o)
 .debug_aranges
                0x00000a88      0x110 .\libstm32f072_16m.a(stm32f0xx_flash.o)
 .debug_aranges
                0x00000b98       0x80 .\libstm32f072_16m.a(stm32f0xx_gpio.o)
 .debug_aranges
                0x00000c18       0x30 .\libstm32f072_16m.a(stm32f0xx_misc.o)
 .debug_aranges
                0x00000c48      0x160 .\libstm32f072_16m.a(stm32f0xx_rcc.o)
 .debug_aranges
                0x00000da8      0x110 .\libstm32f072_16m.a(stm32f0xx_spi.o)
 .debug_aranges
                0x00000eb8       0x68 .\libstm32f072_16m.a(stm32f0xx_syscfg.o)
 .debug_aranges
                0x00000f20      0x1a0 .\libstm32f072_16m.a(stm32f0xx_usart.o)

.debug_ranges   0x00000000      0xff0
 .debug_ranges  0x00000000       0x20 c:/yagarto/cmsis_cm0_v150/_startup/startup_stm32f072.o
 .debug_ranges  0x00000020       0x80 bsp_init.o
 .debug_ranges  0x000000a0       0x18 main.o
 .debug_ranges  0x000000b8       0x50 stm32f0xx_it.o
 .debug_ranges  0x00000108       0x28 _libs/misc.o
 .debug_ranges  0x00000130       0x50 _libs/syscall.o
 .debug_ranges  0x00000180       0x30 app/cli.o
 .debug_ranges  0x000001b0       0x20 app/dataconfig.o
 .debug_ranges  0x000001d0       0x30 app/tasks.o
 .debug_ranges  0x00000200       0x20 drv/hc595.o
 .debug_ranges  0x00000220       0x68 drv/spiflash.o
 .debug_ranges  0x00000288       0x10 bsp/gpio_f0.o
 .debug_ranges  0x00000298       0x20 bsp/spi_f0.o
 .debug_ranges  0x000002b8       0x30 bsp/usart_f0.o
 .debug_ranges  0x000002e8       0x18 usb/usb_bsp.o
 .debug_ranges  0x00000300       0x50 usb/usbd_desc.o
 .debug_ranges  0x00000350       0x28 usb/usbd_pwr.o
 .debug_ranges  0x00000378       0x40 usb/usbd_storage_msd.o
 .debug_ranges  0x000003b8       0x30 usb/usbd_usr.o
 .debug_ranges  0x000003e8       0x50 thirdparty/flash_eeprom/flash_eeprom.o
 .debug_ranges  0x00000438       0x18 thirdparty/zkey/zkey.o
 .debug_ranges  0x00000450       0x38 thirdparty/ztask/ztask.o
 .debug_ranges  0x00000488       0x60 c:/yagarto/cmsis_cm0_v150/_usb/usbd_core/src/usbd_core.o
 .debug_ranges  0x000004e8       0x40 c:/yagarto/cmsis_cm0_v150/_usb/usbd_core/src/usbd_ioreq.o
 .debug_ranges  0x00000528       0x68 c:/yagarto/cmsis_cm0_v150/_usb/usbd_core/src/usbd_req.o
 .debug_ranges  0x00000590      0x280 c:/yagarto/cmsis_cm0_v150/_usb/usbd_drv/src/usb_core.o
 .debug_ranges  0x00000810       0x78 c:/yagarto/cmsis_cm0_v150/_usb/usbd_drv/src/usb_dcd.o
 .debug_ranges  0x00000888       0x38 c:/yagarto/cmsis_cm0_v150/_usb/usbd_drv/src/usb_dcd_int.o
 .debug_ranges  0x000008c0       0x48 c:/yagarto/cmsis_cm0_v150/_usb/usbd_classes/msc/src/usbd_msc_bot.o
 .debug_ranges  0x00000908       0x38 c:/yagarto/cmsis_cm0_v150/_usb/usbd_classes/msc/src/usbd_msc_core.o
 .debug_ranges  0x00000940       0x80 c:/yagarto/cmsis_cm0_v150/_usb/usbd_classes/msc/src/usbd_msc_scsi.o
 .debug_ranges  0x000009c0       0x68 .\libstm32f072_16m.a(stm32f0xx_dma.o)
 .debug_ranges  0x00000a28      0x100 .\libstm32f072_16m.a(stm32f0xx_flash.o)
 .debug_ranges  0x00000b28       0x70 .\libstm32f072_16m.a(stm32f0xx_gpio.o)
 .debug_ranges  0x00000b98       0x20 .\libstm32f072_16m.a(stm32f0xx_misc.o)
 .debug_ranges  0x00000bb8      0x150 .\libstm32f072_16m.a(stm32f0xx_rcc.o)
 .debug_ranges  0x00000d08      0x100 .\libstm32f072_16m.a(stm32f0xx_spi.o)
 .debug_ranges  0x00000e08       0x58 .\libstm32f072_16m.a(stm32f0xx_syscfg.o)
 .debug_ranges  0x00000e60      0x190 .\libstm32f072_16m.a(stm32f0xx_usart.o)

.debug_loc      0x00000000     0x8254
 .debug_loc     0x00000000       0xa2 bsp_init.o
 .debug_loc     0x000000a2       0x40 main.o
 .debug_loc     0x000000e2       0x60 stm32f0xx_it.o
 .debug_loc     0x00000142       0x81 _libs/misc.o
 .debug_loc     0x000001c3      0x1e0 _libs/syscall.o
 .debug_loc     0x000003a3      0x3a3 app/cli.o
 .debug_loc     0x00000746       0x40 app/dataconfig.o
 .debug_loc     0x00000786       0xda app/tasks.o
 .debug_loc     0x00000860       0xf9 drv/hc595.o
 .debug_loc     0x00000959      0x4a0 drv/spiflash.o
 .debug_loc     0x00000df9       0x20 bsp/gpio_f0.o
 .debug_loc     0x00000e19      0x11d bsp/spi_f0.o
 .debug_loc     0x00000f36      0x1d6 bsp/usart_f0.o
 .debug_loc     0x0000110c       0x82 usb/usb_bsp.o
 .debug_loc     0x0000118e      0x2ff usb/usbd_desc.o
 .debug_loc     0x0000148d       0xc6 usb/usbd_pwr.o
 .debug_loc     0x00001553      0x1e2 usb/usbd_storage_msd.o
 .debug_loc     0x00001735      0x3c4 thirdparty/flash_eeprom/flash_eeprom.o
 .debug_loc     0x00001af9       0xdc thirdparty/zkey/zkey.o
 .debug_loc     0x00001bd5      0x168 thirdparty/ztask/ztask.o
 .debug_loc     0x00001d3d      0x60a c:/yagarto/cmsis_cm0_v150/_usb/usbd_core/src/usbd_core.o
 .debug_loc     0x00002347      0x2fc c:/yagarto/cmsis_cm0_v150/_usb/usbd_core/src/usbd_ioreq.o
 .debug_loc     0x00002643      0x77f c:/yagarto/cmsis_cm0_v150/_usb/usbd_core/src/usbd_req.o
 .debug_loc     0x00002dc2      0xd6b c:/yagarto/cmsis_cm0_v150/_usb/usbd_drv/src/usb_core.o
 .debug_loc     0x00003b2d      0x8ab c:/yagarto/cmsis_cm0_v150/_usb/usbd_drv/src/usb_dcd.o
 .debug_loc     0x000043d8      0x12f c:/yagarto/cmsis_cm0_v150/_usb/usbd_drv/src/usb_dcd_int.o
 .debug_loc     0x00004507      0x3e8 c:/yagarto/cmsis_cm0_v150/_usb/usbd_classes/msc/src/usbd_msc_bot.o
 .debug_loc     0x000048ef      0x2e7 c:/yagarto/cmsis_cm0_v150/_usb/usbd_classes/msc/src/usbd_msc_core.o
 .debug_loc     0x00004bd6      0x9ab c:/yagarto/cmsis_cm0_v150/_usb/usbd_classes/msc/src/usbd_msc_scsi.o
 .debug_loc     0x00005581      0x238 .\libstm32f072_16m.a(stm32f0xx_dma.o)
 .debug_loc     0x000057b9      0xabc .\libstm32f072_16m.a(stm32f0xx_flash.o)
 .debug_loc     0x00006275      0x3aa .\libstm32f072_16m.a(stm32f0xx_gpio.o)
 .debug_loc     0x0000661f       0xd9 .\libstm32f072_16m.a(stm32f0xx_misc.o)
 .debug_loc     0x000066f8      0x920 .\libstm32f072_16m.a(stm32f0xx_rcc.o)
 .debug_loc     0x00007018      0x6b6 .\libstm32f072_16m.a(stm32f0xx_spi.o)
 .debug_loc     0x000076ce      0x21b .\libstm32f072_16m.a(stm32f0xx_syscfg.o)
 .debug_loc     0x000078e9      0x96b .\libstm32f072_16m.a(stm32f0xx_usart.o)

.debug_str      0x00000000     0x40bc
 .debug_str     0x00000000      0x8e5 bsp_init.o
                                0x9c6 (size before relaxing)
 .debug_str     0x000008e5      0x171 main.o
                                0x335 (size before relaxing)
 .debug_str     0x00000a56      0x118 stm32f0xx_it.o
                                0x2eb (size before relaxing)
 .debug_str     0x00000b6e       0x3e _libs/misc.o
                                0x1b6 (size before relaxing)
 .debug_str     0x00000bac      0x173 _libs/syscall.o
                                0x382 (size before relaxing)
 .debug_str     0x00000d1f      0x16c app/cli.o
                                0x353 (size before relaxing)
 .debug_str     0x00000e8b       0x97 app/dataconfig.o
                                0x273 (size before relaxing)
 .debug_str     0x00000f22       0x43 app/tasks.o
                                0x266 (size before relaxing)
 .debug_str     0x00000f65       0x23 drv/hc595.o
                                0x156 (size before relaxing)
 .debug_str     0x00000f88      0x1b3 drv/spiflash.o
                                0x39c (size before relaxing)
 .debug_str     0x0000113b      0x190 bsp/gpio_f0.o
                                0x3d0 (size before relaxing)
 .debug_str     0x000012cb      0x23b bsp/spi_f0.o
                                0x4c4 (size before relaxing)
 .debug_str     0x00001506      0x1d4 bsp/usart_f0.o
                                0x77b (size before relaxing)
 .debug_str     0x000016da       0x5c usb/usb_bsp.o
                                0x7bd (size before relaxing)
 .debug_str     0x00001736      0x1b8 usb/usbd_desc.o
                                0x43d (size before relaxing)
 .debug_str     0x000018ee       0xf2 usb/usbd_pwr.o
                                0x32d (size before relaxing)
 .debug_str     0x000019e0      0x116 usb/usbd_storage_msd.o
                                0x34d (size before relaxing)
 .debug_str     0x00001af6       0x7c usb/usbd_usr.o
                                0x263 (size before relaxing)
 .debug_str     0x00001b72      0x157 thirdparty/flash_eeprom/flash_eeprom.o
                                0x340 (size before relaxing)
 .debug_str     0x00001cc9       0xd0 thirdparty/zkey/zkey.o
                                0x1c2 (size before relaxing)
 .debug_str     0x00001d99       0x41 thirdparty/ztask/ztask.o
                                0x189 (size before relaxing)
 .debug_str     0x00001dda      0x22c c:/yagarto/cmsis_cm0_v150/_usb/usbd_core/src/usbd_core.o
                                0x765 (size before relaxing)
 .debug_str     0x00002006       0x88 c:/yagarto/cmsis_cm0_v150/_usb/usbd_core/src/usbd_ioreq.o
                                0x5cb (size before relaxing)
 .debug_str     0x0000208e      0x11b c:/yagarto/cmsis_cm0_v150/_usb/usbd_core/src/usbd_req.o
                                0x6bf (size before relaxing)
 .debug_str     0x000021a9      0x44f c:/yagarto/cmsis_cm0_v150/_usb/usbd_drv/src/usb_core.o
                                0x5ca (size before relaxing)
 .debug_str     0x000025f8       0xcd c:/yagarto/cmsis_cm0_v150/_usb/usbd_drv/src/usb_dcd.o
                                0x792 (size before relaxing)
 .debug_str     0x000026c5       0x4f c:/yagarto/cmsis_cm0_v150/_usb/usbd_drv/src/usb_dcd_int.o
                                0x71d (size before relaxing)
 .debug_str     0x00002714      0x1ea c:/yagarto/cmsis_cm0_v150/_usb/usbd_classes/msc/src/usbd_msc_bot.o
                                0x773 (size before relaxing)
 .debug_str     0x000028fe       0xd7 c:/yagarto/cmsis_cm0_v150/_usb/usbd_classes/msc/src/usbd_msc_core.o
                                0x710 (size before relaxing)
 .debug_str     0x000029d5       0x87 c:/yagarto/cmsis_cm0_v150/_usb/usbd_classes/msc/src/usbd_msc_data.o
                                0x1c7 (size before relaxing)
 .debug_str     0x00002a5c      0x1ef c:/yagarto/cmsis_cm0_v150/_usb/usbd_classes/msc/src/usbd_msc_scsi.o
                                0x8a5 (size before relaxing)
 .debug_str     0x00002c4b      0x112 .\libstm32f072_16m.a(stm32f0xx_dma.o)
                                0x401 (size before relaxing)
 .debug_str     0x00002d5d      0x340 .\libstm32f072_16m.a(stm32f0xx_flash.o)
                                0x5ea (size before relaxing)
 .debug_str     0x0000309d      0x13f .\libstm32f072_16m.a(stm32f0xx_gpio.o)
                                0x4ce (size before relaxing)
 .debug_str     0x000031dc       0x57 .\libstm32f072_16m.a(stm32f0xx_misc.o)
                                0x312 (size before relaxing)
 .debug_str     0x00003233      0x464 .\libstm32f072_16m.a(stm32f0xx_rcc.o)
                                0x7bb (size before relaxing)
 .debug_str     0x00003697      0x305 .\libstm32f072_16m.a(stm32f0xx_spi.o)
                                0x793 (size before relaxing)
 .debug_str     0x0000399c      0x199 .\libstm32f072_16m.a(stm32f0xx_syscfg.o)
                                0x394 (size before relaxing)
 .debug_str     0x00003b35      0x587 .\libstm32f072_16m.a(stm32f0xx_usart.o)
                                0x9e8 (size before relaxing)

.comment        0x00000000       0x70
 .comment       0x00000000       0x70 bsp_init.o
                                 0x71 (size before relaxing)
 .comment       0x00000000       0x71 main.o
 .comment       0x00000000       0x71 stm32f0xx_it.o
 .comment       0x00000000       0x71 _libs/misc.o
 .comment       0x00000000       0x71 _libs/syscall.o
 .comment       0x00000000       0x71 app/cli.o
 .comment       0x00000000       0x71 app/dataconfig.o
 .comment       0x00000000       0x71 app/tasks.o
 .comment       0x00000000       0x71 drv/hc595.o
 .comment       0x00000000       0x71 drv/spiflash.o
 .comment       0x00000000       0x71 bsp/gpio_f0.o
 .comment       0x00000000       0x71 bsp/spi_f0.o
 .comment       0x00000000       0x71 bsp/usart_f0.o
 .comment       0x00000000       0x71 usb/usb_bsp.o
 .comment       0x00000000       0x71 usb/usbd_desc.o
 .comment       0x00000000       0x71 usb/usbd_pwr.o
 .comment       0x00000000       0x71 usb/usbd_storage_msd.o
 .comment       0x00000000       0x71 usb/usbd_usr.o
 .comment       0x00000000       0x71 thirdparty/flash_eeprom/flash_eeprom.o
 .comment       0x00000000       0x71 thirdparty/zkey/zkey.o
 .comment       0x00000000       0x71 thirdparty/ztask/ztask.o
 .comment       0x00000000       0x71 c:/yagarto/cmsis_cm0_v150/_usb/usbd_core/src/usbd_core.o