Archive member included because of file (symbol)

.\libstm32f10x_md_vl_16m.a(misc.o)
                              hw/adc_f1.o (NVIC_Init)
.\libstm32f10x_md_vl_16m.a(stm32f10x_adc.o)
                              hw/adc_f1.o (ADC_DeInit)
.\libstm32f10x_md_vl_16m.a(stm32f10x_dac.o)
                              hw/dac_f1.o (DAC_Init)
.\libstm32f10x_md_vl_16m.a(stm32f10x_dma.o)
                              hw/adc_f1.o (DMA_DeInit)
.\libstm32f10x_md_vl_16m.a(stm32f10x_gpio.o)
                              hw/adc_f1.o (GPIO_Init)
.\libstm32f10x_md_vl_16m.a(stm32f10x_rcc.o)
                              main.o (RCC_DeInit)
.\libstm32f10x_md_vl_16m.a(stm32f10x_tim.o)
                              hw/timer.o (TIM_TimeBaseInit)
.\libstm32f10x_md_vl_16m.a(stm32f10x_usart.o)
                              hw/usart_f1.o (USART_DeInit)
c:/yagarto/bin/../lib/gcc/arm-none-eabi/4.9.3/armv7-m\libgcc.a(_arm_addsubdf3.o)
                              app/batt.o (__aeabi_dadd)
c:/yagarto/bin/../lib/gcc/arm-none-eabi/4.9.3/armv7-m\libgcc.a(_arm_muldivdf3.o)
                              hw/dac_f1.o (__aeabi_dmul)
c:/yagarto/bin/../lib/gcc/arm-none-eabi/4.9.3/armv7-m\libgcc.a(_arm_fixdfsi.o)
                              app/batt.o (__aeabi_d2iz)
c:/yagarto/bin/../lib/gcc/arm-none-eabi/4.9.3/armv7-m\libgcc.a(_arm_fixunsdfsi.o)
                              hw/dac_f1.o (__aeabi_d2uiz)
c:/yagarto/bin/../lib/gcc/arm-none-eabi/4.9.3/armv7-m\libgcc.a(_arm_truncdfsf2.o)
                              app/batt.o (__aeabi_d2f)
c:/yagarto/bin/../lib/gcc/arm-none-eabi/4.9.3/armv7-m\libgcc.a(_arm_addsubsf3.o)
                              hw/adc_f1.o (__aeabi_fadd)
c:/yagarto/bin/../lib/gcc/arm-none-eabi/4.9.3/armv7-m\libgcc.a(_arm_muldivsf3.o)
                              hw/adc_f1.o (__aeabi_fmul)
c:/yagarto/bin/../lib/gcc/arm-none-eabi/4.9.3/../../../../arm-none-eabi/lib/armv7-m\libc_nano.a(lib_a-malloc.o)
                              _libs/misc.o (malloc)
c:/yagarto/bin/../lib/gcc/arm-none-eabi/4.9.3/../../../../arm-none-eabi/lib/armv7-m\libc_nano.a(lib_a-memcpy.o)
                              hw/usart_f1.o (memcpy)
c:/yagarto/bin/../lib/gcc/arm-none-eabi/4.9.3/../../../../arm-none-eabi/lib/armv7-m\libc_nano.a(lib_a-memset.o)
                              hw/usart_f1.o (memset)
c:/yagarto/bin/../lib/gcc/arm-none-eabi/4.9.3/../../../../arm-none-eabi/lib/armv7-m\libc_nano.a(lib_a-nano-freer.o)
                              c:/yagarto/bin/../lib/gcc/arm-none-eabi/4.9.3/../../../../arm-none-eabi/lib/armv7-m\libc_nano.a(lib_a-malloc.o) (_free_r)
c:/yagarto/bin/../lib/gcc/arm-none-eabi/4.9.3/../../../../arm-none-eabi/lib/armv7-m\libc_nano.a(lib_a-nano-mallocr.o)
                              c:/yagarto/bin/../lib/gcc/arm-none-eabi/4.9.3/../../../../arm-none-eabi/lib/armv7-m\libc_nano.a(lib_a-malloc.o) (_malloc_r)
c:/yagarto/bin/../lib/gcc/arm-none-eabi/4.9.3/../../../../arm-none-eabi/lib/armv7-m\libc_nano.a(lib_a-nano-vfprintf_float.o)
                              (_printf_float)
c:/yagarto/bin/../lib/gcc/arm-none-eabi/4.9.3/../../../../arm-none-eabi/lib/armv7-m\libc_nano.a(lib_a-nano-vfprintf_i.o)
                              c:/yagarto/bin/../lib/gcc/arm-none-eabi/4.9.3/../../../../arm-none-eabi/lib/armv7-m\libc_nano.a(lib_a-nano-vfprintf_float.o) (_printf_common)
c:/yagarto/bin/../lib/gcc/arm-none-eabi/4.9.3/../../../../arm-none-eabi/lib/armv7-m\libc_nano.a(lib_a-printf.o)
                              app/batt.o (printf)
c:/yagarto/bin/../lib/gcc/arm-none-eabi/4.9.3/../../../../arm-none-eabi/lib/armv7-m\libc_nano.a(lib_a-s_fpclassify.o)
                              c:/yagarto/bin/../lib/gcc/arm-none-eabi/4.9.3/../../../../arm-none-eabi/lib/armv7-m\libc_nano.a(lib_a-nano-vfprintf_float.o) (__fpclassifyd)
c:/yagarto/bin/../lib/gcc/arm-none-eabi/4.9.3/../../../../arm-none-eabi/lib/armv7-m\libc_nano.a(lib_a-sbrkr.o)
                              c:/yagarto/bin/../lib/gcc/arm-none-eabi/4.9.3/../../../../arm-none-eabi/lib/armv7-m\libc_nano.a(lib_a-nano-mallocr.o) (_sbrk_r)
c:/yagarto/bin/../lib/gcc/arm-none-eabi/4.9.3/../../../../arm-none-eabi/lib/armv7-m\libc_nano.a(lib_a-sscanf.o)
                              app/batt.o (sscanf)
c:/yagarto/bin/../lib/gcc/arm-none-eabi/4.9.3/../../../../arm-none-eabi/lib/armv7-m\libc_nano.a(lib_a-stdio.o)
                              c:/yagarto/bin/../lib/gcc/arm-none-eabi/4.9.3/../../../../arm-none-eabi/lib/armv7-m\libc_nano.a(lib_a-sscanf.o) (__seofread)
c:/yagarto/bin/../lib/gcc/arm-none-eabi/4.9.3/../../../../arm-none-eabi/lib/armv7-m\libc_nano.a(lib_a-strlen.o)
                              hw/usart_f1.o (strlen)
c:/yagarto/bin/../lib/gcc/arm-none-eabi/4.9.3/../../../../arm-none-eabi/lib/armv7-m\libc_nano.a(lib_a-vsprintf.o)
                              hw/usart_f1.o (vsprintf)
c:/yagarto/bin/../lib/gcc/arm-none-eabi/4.9.3/../../../../arm-none-eabi/lib/armv7-m\libc_nano.a(lib_a-writer.o)
[...]
Memory Configuration

Name             Origin             Length             Attributes
FLASH            0x08000000         0x00010000         xr
RAM              0x20000000         0x00002000         xrw
MEMORY_B1        0x60000000         0x00000000         xr
*default*        0x00000000         0xffffffff

Linker script and memory map

LOAD c:/yagarto/cmsis_cm3_v361/_startup/startup_stm32f10x_md_vl.o
LOAD main.o
LOAD stm32f10x_it.o
LOAD _libs/misc.o
LOAD _libs/syscall.o
LOAD hw/adc_f1.o
LOAD hw/dac_f1.o
LOAD hw/timer.o
LOAD hw/usart_f1.o
LOAD app/batt.o
LOAD .\libstm32f10x_md_vl_16m.a
START GROUP
LOAD c:/yagarto/bin/../lib/gcc/arm-none-eabi/4.9.3/armv7-m\libgcc.a
LOAD c:/yagarto/bin/../lib/gcc/arm-none-eabi/4.9.3/../../../../arm-none-eabi/lib/armv7-m\libc_nano.a
END GROUP
START GROUP
LOAD c:/yagarto/bin/../lib/gcc/arm-none-eabi/4.9.3/armv7-m\libgcc.a
LOAD c:/yagarto/bin/../lib/gcc/arm-none-eabi/4.9.3/../../../../arm-none-eabi/lib/armv7-m\libc_nano.a
END GROUP
                0x00000000                _Min_Heap_Size = 0x0
                0x00000800                _Min_Stack_Size = 0x800
                0x20002000                _estack = (ORIGIN (RAM) + 0x2000)

.isr_vector     0x08000000      0x1d0
                0x08000000                . = ALIGN (0x4)
 *(.isr_vector)
 .isr_vector    0x08000000      0x1d0 c:/yagarto/cmsis_cm3_v361/_startup/startup_stm32f10x_md_vl.o
                0x08000000                g_pfnVectors
                0x080001d0                . = ALIGN (0x4)

.text           0x080001d0     0x54a4
                0x080001d0                . = ALIGN (0x4)
 *(.text)
 .text          0x080001d0      0x370 c:/yagarto/bin/../lib/gcc/arm-none-eabi/4.9.3/armv7-m\libgcc.a(_arm_addsubdf3.o)
                0x080001d0                __aeabi_drsub
                0x080001d8                __aeabi_dsub
                0x080001d8                __subdf3
                0x080001dc                __aeabi_dadd
                0x080001dc                __adddf3
                0x08000454                __floatunsidf
                0x08000454                __aeabi_ui2d
                0x08000474                __floatsidf
                0x08000474                __aeabi_i2d
                0x08000498                __aeabi_f2d
                0x08000498                __extendsfdf2
                0x080004d4                __floatundidf
                0x080004d4                __aeabi_ul2d
                0x080004e4                __floatdidf
                0x080004e4                __aeabi_l2d
 .text          0x08000540      0x424 c:/yagarto/bin/../lib/gcc/arm-none-eabi/4.9.3/armv7-m\libgcc.a(_arm_muldivdf3.o)
                0x08000540                __aeabi_dmul
                0x08000540                __muldf3
                0x08000794                __divdf3
                0x08000794                __aeabi_ddiv
 .text          0x08000964       0x50 c:/yagarto/bin/../lib/gcc/arm-none-eabi/4.9.3/armv7-m\libgcc.a(_arm_fixdfsi.o)
                0x08000964                __aeabi_d2iz
                0x08000964                __fixdfsi
 .text          0x080009b4       0x40 c:/yagarto/bin/../lib/gcc/arm-none-eabi/4.9.3/armv7-m\libgcc.a(_arm_fixunsdfsi.o)
                0x080009b4                __aeabi_d2uiz
                0x080009b4                __fixunsdfsi
 .text          0x080009f4       0xa0 c:/yagarto/bin/../lib/gcc/arm-none-eabi/4.9.3/armv7-m\libgcc.a(_arm_truncdfsf2.o)
                0x080009f4                __truncdfsf2
                0x080009f4                __aeabi_d2f
 .text          0x08000a94      0x21c c:/yagarto/bin/../lib/gcc/arm-none-eabi/4.9.3/armv7-m\libgcc.a(_arm_addsubsf3.o)
                0x08000a94                __aeabi_frsub
                0x08000a9c                __subsf3
                0x08000a9c                __aeabi_fsub
                0x08000aa0                __aeabi_fadd
                0x08000aa0                __addsf3
                0x08000c00                __aeabi_ui2f
                0x08000c00                __floatunsisf
                0x08000c08                __aeabi_i2f
                0x08000c08                __floatsisf
                0x08000c24                __aeabi_ul2f
                0x08000c24                __floatundisf
                0x08000c34                __aeabi_l2f
                0x08000c34                __floatdisf
 .text          0x08000cb0      0x2a0 c:/yagarto/bin/../lib/gcc/arm-none-eabi/4.9.3/armv7-m\libgcc.a(_arm_muldivsf3.o)
                0x08000cb0                __mulsf3
                0x08000cb0                __aeabi_fmul
                0x08000e18                __aeabi_fdiv
                0x08000e18                __divsf3
 .text          0x08000f50      0x110 c:/yagarto/bin/../lib/gcc/arm-none-eabi/4.9.3/armv7-m\libgcc.a(_arm_cmpdf2.o)
                0x08000f50                __gtdf2
                0x08000f50                __gedf2
                0x08000f58                __ltdf2
                0x08000f58                __ledf2
                0x08000f60                __nedf2
                0x08000f60                __eqdf2
                0x08000f60                __cmpdf2
                0x08000fdc                __aeabi_cdrcmple
                0x08000fec                __aeabi_cdcmpeq
                0x08000fec                __aeabi_cdcmple
                0x08000ffc                __aeabi_dcmpeq
                0x08001010                __aeabi_dcmplt
                0x08001024                __aeabi_dcmple
                0x08001038                __aeabi_dcmpge
                0x0800104c                __aeabi_dcmpgt
 *(.text*)
 .text.Reset_Handler
                0x08001060       0x44 c:/yagarto/cmsis_cm3_v361/_startup/startup_stm32f10x_md_vl.o
                0x08001060                Reset_Handler
 .text.Default_Handler
                0x080010a4        0x2 c:/yagarto/cmsis_cm3_v361/_startup/startup_stm32f10x_md_vl.o
                0x080010a4                EXTI2_IRQHandler
                0x080010a4                TIM1_CC_IRQHandler
                0x080010a4                PVD_IRQHandler
                0x080010a4                EXTI3_IRQHandler
                0x080010a4                EXTI0_IRQHandler
                0x080010a4                I2C2_EV_IRQHandler
                0x080010a4                TIM1_UP_TIM16_IRQHandler
                0x080010a4                SPI1_IRQHandler
                0x080010a4                TAMPER_IRQHandler
                0x080010a4                TIM6_DAC_IRQHandler
                0x080010a4                DMA1_Channel4_IRQHandler
                0x080010a4                ADC1_IRQHandler
                0x080010a4                USART3_IRQHandler
                0x080010a4                RTC_IRQHandler
                0x080010a4                DMA1_Channel7_IRQHandler
                0x080010a4                TIM4_IRQHandler
                0x080010a4                I2C1_EV_IRQHandler
                0x080010a4                DMA1_Channel6_IRQHandler
                0x080010a4                TIM3_IRQHandler
                0x080010a4                RCC_IRQHandler
                0x080010a4                Default_Handler
                0x080010a4                CEC_IRQHandler
                0x080010a4                EXTI15_10_IRQHandler
                0x080010a4                EXTI9_5_IRQHandler
                0x080010a4                SPI2_IRQHandler
                0x080010a4                DMA1_Channel5_IRQHandler
                0x080010a4                EXTI4_IRQHandler
                0x080010a4                TIM1_TRG_COM_TIM17_IRQHandler
                0x080010a4                DMA1_Channel3_IRQHandler
                0x080010a4                WWDG_IRQHandler
                0x080010a4                TIM2_IRQHandler
                0x080010a4                EXTI1_IRQHandler
                0x080010a4                RTCAlarm_IRQHandler
                0x080010a4                USART2_IRQHandler
                0x080010a4                I2C2_ER_IRQHandler
                0x080010a4                DMA1_Channel2_IRQHandler
                0x080010a4                FLASH_IRQHandler
                0x080010a4                I2C1_ER_IRQHandler
                0x080010a4                TIM1_BRK_TIM15_IRQHandler
 .text.SystemInit
                0x080010a6       0x68 main.o
                0x080010a6                SystemInit
 *fill*         0x0800110e        0x2 
 .text.startup.main
                0x08001110       0x34 main.o
                0x08001110                main
 .text.USART1_IRQHandler
                0x08001144       0x28 stm32f10x_it.o
                0x08001144                USART1_IRQHandler
 .text.DMA1_Channel1_IRQHandler
                0x0800116c       0x10 stm32f10x_it.o
                0x0800116c                DMA1_Channel1_IRQHandler
 .text.SysTick_Handler
                0x0800117c       0x14 stm32f10x_it.o
                0x0800117c                SysTick_Handler
 .text.NMI_Handler
                0x08001190        0x2 stm32f10x_it.o
                0x08001190                NMI_Handler
 .text.HardFault_Handler
                0x08001192        0x2 stm32f10x_it.o
                0x08001192                HardFault_Handler
 .text.MemManage_Handler
                0x08001194        0x2 stm32f10x_it.o
                0x08001194                MemManage_Handler
 .text.BusFault_Handler
                0x08001196        0x2 stm32f10x_it.o
                0x08001196                BusFault_Handler
 .text.UsageFault_Handler
                0x08001198        0x2 stm32f10x_it.o
                0x08001198                UsageFault_Handler
 .text.SVC_Handler
                0x0800119a        0x2 stm32f10x_it.o
                0x0800119a                SVC_Handler
 .text.DebugMon_Handler
                0x0800119c        0x2 stm32f10x_it.o
                0x0800119c                DebugMon_Handler
 .text.PendSV_Handler
                0x0800119e        0x2 stm32f10x_it.o
                0x0800119e                PendSV_Handler
 .text._delay_ms_systick
                0x080011a0       0x18 _libs/misc.o
                0x080011a0                _delay_ms_systick
 .text._delay_nms_mm
                0x080011b8       0x14 _libs/misc.o
                0x080011b8                _delay_nms_mm
 .text._sbrk    0x080011cc       0x28 _libs/syscall.o
                0x080011cc                _sbrk
 .text._close   0x080011f4        0x6 _libs/syscall.o
                0x080011f4                _close
 .text._fstat   0x080011fa        0xa _libs/syscall.o
                0x080011fa                _fstat
 .text._isatty  0x08001204        0x4 _libs/syscall.o
                0x08001204                _isatty
 .text._lseek   0x08001208        0x4 _libs/syscall.o
                0x08001208                _lseek
 .text._read    0x0800120c        0x4 _libs/syscall.o
                0x0800120c                _read
 .text._write   0x08001210       0x30 _libs/syscall.o
                0x08001210                _write
 .text.ADC_GetResult
                0x08001240        0x8 hw/adc_f1.o
                0x08001240                ADC_GetResult
 .text.ADC_Config
                0x08001248      0x150 hw/adc_f1.o
                0x08001248                ADC_Config
 .text.ADCDMA_Conv_Complete_IRQHandler
                0x08001398       0x8c hw/adc_f1.o
                0x08001398                ADCDMA_Conv_Complete_IRQHandler
 .text.DAC_Config
                0x08001424       0x80 hw/dac_f1.o
                0x08001424                DAC_Config
 *fill*         0x080014a4        0x4 
 .text.DAC_CurrentSet
                0x080014a8      0x148 hw/dac_f1.o
                0x080014a8                DAC_CurrentSet
 .text.TIM7_IRQHandler
                0x080015f0       0x28 hw/timer.o
                0x080015f0                TIM7_IRQHandler
 .text.USART_Poll
                0x08001618       0x28 hw/usart_f1.o
                0x08001618                USART_Poll
 .text.USARTx_Config
                0x08001640      0x190 hw/usart_f1.o
                0x08001640                USARTx_Config
 .text.USART_Config
                0x080017d0        0xc hw/usart_f1.o
                0x080017d0                USART_Config
 .text.USART_RX_IDLE_IRQHandler
                0x080017dc       0x90 hw/usart_f1.o
                0x080017dc                USART_RX_IDLE_IRQHandler
 .text.BATT_ViewVoltage
                0x0800186c       0x20 app/batt.o
                0x0800186c                BATT_ViewVoltage
 *fill*         0x0800188c        0x4 
 .text.BATT_Measure
                0x08001890       0xb8 app/batt.o
                0x08001890                BATT_Measure
 .text.BATT_Parse
                0x08001948       0x54 app/batt.o
                0x08001948                BATT_Parse
 .text.NVIC_Init
                0x0800199c       0x6c .\libstm32f10x_md_vl_16m.a(misc.o)
                0x0800199c                NVIC_Init
 .text.NVIC_SetVectorTable
                0x08001a08       0x14 .\libstm32f10x_md_vl_16m.a(misc.o)
                0x08001a08                NVIC_SetVectorTable
 .text.ADC_DeInit
                0x08001a1c       0x5c .\libstm32f10x_md_vl_16m.a(stm32f10x_adc.o)
                0x08001a1c                ADC_DeInit
 .text.ADC_Init
                0x08001a78       0x48 .\libstm32f10x_md_vl_16m.a(stm32f10x_adc.o)
                0x08001a78                ADC_Init
 .text.ADC_StructInit
                0x08001ac0       0x12 .\libstm32f10x_md_vl_16m.a(stm32f10x_adc.o)
                0x08001ac0                ADC_StructInit
 .text.ADC_Cmd  0x08001ad2       0x12 .\libstm32f10x_md_vl_16m.a(stm32f10x_adc.o)
                0x08001ad2                ADC_Cmd
 .text.ADC_DMACmd
                0x08001ae4       0x12 .\libstm32f10x_md_vl_16m.a(stm32f10x_adc.o)
                0x08001ae4                ADC_DMACmd
 .text.ADC_ResetCalibration
                0x08001af6        0xa .\libstm32f10x_md_vl_16m.a(stm32f10x_adc.o)
                0x08001af6                ADC_ResetCalibration
 .text.ADC_GetResetCalibrationStatus
                0x08001b00        0x8 .\libstm32f10x_md_vl_16m.a(stm32f10x_adc.o)
                0x08001b00                ADC_GetResetCalibrationStatus
 .text.ADC_StartCalibration
                0x08001b08        0xa .\libstm32f10x_md_vl_16m.a(stm32f10x_adc.o)
                0x08001b08                ADC_StartCalibration
 .text.ADC_GetCalibrationStatus
                0x08001b12        0x8 .\libstm32f10x_md_vl_16m.a(stm32f10x_adc.o)
                0x08001b12                ADC_GetCalibrationStatus
 .text.ADC_SoftwareStartConvCmd
                0x08001b1a       0x12 .\libstm32f10x_md_vl_16m.a(stm32f10x_adc.o)
                0x08001b1a                ADC_SoftwareStartConvCmd
 .text.ADC_RegularChannelConfig
                0x08001b2c       0x84 .\libstm32f10x_md_vl_16m.a(stm32f10x_adc.o)
                0x08001b2c                ADC_RegularChannelConfig
 .text.DAC_Init
                0x08001bb0       0x2c .\libstm32f10x_md_vl_16m.a(stm32f10x_dac.o)
                0x08001bb0                DAC_Init
 .text.DAC_StructInit
                0x08001bdc        0xc .\libstm32f10x_md_vl_16m.a(stm32f10x_dac.o)
                0x08001bdc                DAC_StructInit
 .text.DAC_Cmd  0x08001be8       0x20 .\libstm32f10x_md_vl_16m.a(stm32f10x_dac.o)
                0x08001be8                DAC_Cmd
 .text.DAC_SetChannel1Data
                0x08001c08       0x20 .\libstm32f10x_md_vl_16m.a(stm32f10x_dac.o)
                0x08001c08                DAC_SetChannel1Data
 .text.DMA_DeInit
                0x08001c28       0xf0 .\libstm32f10x_md_vl_16m.a(stm32f10x_dma.o)
                0x08001c28                DMA_DeInit
 .text.DMA_Init
                0x08001d18       0x3c .\libstm32f10x_md_vl_16m.a(stm32f10x_dma.o)
                0x08001d18                DMA_Init
 .text.DMA_StructInit
                0x08001d54       0x1a .\libstm32f10x_md_vl_16m.a(stm32f10x_dma.o)
                0x08001d54                DMA_StructInit
 .text.DMA_Cmd  0x08001d6e       0x16 .\libstm32f10x_md_vl_16m.a(stm32f10x_dma.o)
                0x08001d6e                DMA_Cmd
 .text.DMA_ITConfig
                0x08001d84       0x10 .\libstm32f10x_md_vl_16m.a(stm32f10x_dma.o)
                0x08001d84                DMA_ITConfig
 .text.DMA_SetCurrDataCounter
                0x08001d94        0x4 .\libstm32f10x_md_vl_16m.a(stm32f10x_dma.o)
                0x08001d94                DMA_SetCurrDataCounter
 .text.DMA_GetCurrDataCounter
                0x08001d98        0x6 .\libstm32f10x_md_vl_16m.a(stm32f10x_dma.o)
                0x08001d98                DMA_GetCurrDataCounter
 *fill*         0x08001d9e        0x2 
 .text.DMA_ClearITPendingBit
                0x08001da0       0x14 .\libstm32f10x_md_vl_16m.a(stm32f10x_dma.o)
                0x08001da0                DMA_ClearITPendingBit
 .text.GPIO_Init
                0x08001db4       0x9c .\libstm32f10x_md_vl_16m.a(stm32f10x_gpio.o)
                0x08001db4                GPIO_Init
 .text.GPIO_StructInit
                0x08001e50       0x10 .\libstm32f10x_md_vl_16m.a(stm32f10x_gpio.o)
                0x08001e50                GPIO_StructInit
 .text.GPIO_PinRemapConfig
                0x08001e60       0x60 .\libstm32f10x_md_vl_16m.a(stm32f10x_gpio.o)
                0x08001e60                GPIO_PinRemapConfig
 .text.RCC_DeInit
                0x08001ec0       0x44 .\libstm32f10x_md_vl_16m.a(stm32f10x_rcc.o)
                0x08001ec0                RCC_DeInit
 .text.RCC_HSEConfig
                0x08001f04       0x38 .\libstm32f10x_md_vl_16m.a(stm32f10x_rcc.o)
                0x08001f04                RCC_HSEConfig
 .text.RCC_PLLConfig
                0x08001f3c       0x14 .\libstm32f10x_md_vl_16m.a(stm32f10x_rcc.o)
                0x08001f3c                RCC_PLLConfig
 .text.RCC_PLLCmd
                0x08001f50        0xc .\libstm32f10x_md_vl_16m.a(stm32f10x_rcc.o)
                0x08001f50                RCC_PLLCmd
 .text.RCC_PREDIV1Config
                0x08001f5c       0x18 .\libstm32f10x_md_vl_16m.a(stm32f10x_rcc.o)
                0x08001f5c                RCC_PREDIV1Config
 .text.RCC_SYSCLKConfig
                0x08001f74       0x14 .\libstm32f10x_md_vl_16m.a(stm32f10x_rcc.o)
                0x08001f74                RCC_SYSCLKConfig
 .text.RCC_GetSYSCLKSource
                0x08001f88       0x10 .\libstm32f10x_md_vl_16m.a(stm32f10x_rcc.o)
                0x08001f88                RCC_GetSYSCLKSource
 .text.RCC_HCLKConfig
                0x08001f98       0x14 .\libstm32f10x_md_vl_16m.a(stm32f10x_rcc.o)
                0x08001f98                RCC_HCLKConfig
 .text.RCC_PCLK1Config
                0x08001fac       0x14 .\libstm32f10x_md_vl_16m.a(stm32f10x_rcc.o)
                0x08001fac                RCC_PCLK1Config
 .text.RCC_PCLK2Config
                0x08001fc0       0x14 .\libstm32f10x_md_vl_16m.a(stm32f10x_rcc.o)
                0x08001fc0                RCC_PCLK2Config
 .text.RCC_ADCCLKConfig
                0x08001fd4       0x14 .\libstm32f10x_md_vl_16m.a(stm32f10x_rcc.o)
                0x08001fd4                RCC_ADCCLKConfig
 .text.RCC_GetClocksFreq
                0x08001fe8       0x94 .\libstm32f10x_md_vl_16m.a(stm32f10x_rcc.o)
                0x08001fe8                RCC_GetClocksFreq
 .text.RCC_AHBPeriphClockCmd
                0x0800207c       0x18 .\libstm32f10x_md_vl_16m.a(stm32f10x_rcc.o)
                0x0800207c                RCC_AHBPeriphClockCmd
 .text.RCC_APB2PeriphClockCmd
                0x08002094       0x18 .\libstm32f10x_md_vl_16m.a(stm32f10x_rcc.o)
                0x08002094                RCC_APB2PeriphClockCmd
 .text.RCC_APB1PeriphClockCmd
                0x080020ac       0x18 .\libstm32f10x_md_vl_16m.a(stm32f10x_rcc.o)
                0x080020ac                RCC_APB1PeriphClockCmd
 .text.RCC_APB2PeriphResetCmd
                0x080020c4       0x18 .\libstm32f10x_md_vl_16m.a(stm32f10x_rcc.o)
                0x080020c4                RCC_APB2PeriphResetCmd
 .text.RCC_APB1PeriphResetCmd
                0x080020dc       0x18 .\libstm32f10x_md_vl_16m.a(stm32f10x_rcc.o)
                0x080020dc                RCC_APB1PeriphResetCmd
 .text.RCC_GetFlagStatus
                0x080020f4       0x28 .\libstm32f10x_md_vl_16m.a(stm32f10x_rcc.o)
                0x080020f4                RCC_GetFlagStatus
 .text.RCC_WaitForHSEStartUp
                0x0800211c       0x30 .\libstm32f10x_md_vl_16m.a(stm32f10x_rcc.o)
                0x0800211c                RCC_WaitForHSEStartUp
 .text.TIM_GetITStatus
                0x0800214c       0x16 .\libstm32f10x_md_vl_16m.a(stm32f10x_tim.o)
                0x0800214c                TIM_GetITStatus
 .text.TIM_ClearITPendingBit
                0x08002162        0x8 .\libstm32f10x_md_vl_16m.a(stm32f10x_tim.o)
                0x08002162                TIM_ClearITPendingBit
 *fill*         0x0800216a        0x2 
 .text.USART_DeInit
                0x0800216c       0x98 .\libstm32f10x_md_vl_16m.a(stm32f10x_usart.o)
                0x0800216c                USART_DeInit
 .text.USART_Init
                0x08002204       0xac .\libstm32f10x_md_vl_16m.a(stm32f10x_usart.o)
                0x08002204                USART_Init
 .text.USART_StructInit
                0x080022b0       0x16 .\libstm32f10x_md_vl_16m.a(stm32f10x_usart.o)
                0x080022b0                USART_StructInit
 .text.USART_Cmd
                0x080022c6       0x18 .\libstm32f10x_md_vl_16m.a(stm32f10x_usart.o)
                0x080022c6                USART_Cmd
 .text.USART_ITConfig
                0x080022de       0x32 .\libstm32f10x_md_vl_16m.a(stm32f10x_usart.o)
                0x080022de                USART_ITConfig
 .text.USART_DMACmd
                0x08002310       0x12 .\libstm32f10x_md_vl_16m.a(stm32f10x_usart.o)
                0x08002310                USART_DMACmd
 .text.USART_SendData
                0x08002322        0x8 .\libstm32f10x_md_vl_16m.a(stm32f10x_usart.o)
                0x08002322                USART_SendData
 .text.USART_GetFlagStatus
                0x0800232a        0xc .\libstm32f10x_md_vl_16m.a(stm32f10x_usart.o)
                0x0800232a                USART_GetFlagStatus
 .text.USART_GetITStatus
                0x08002336       0x3e .\libstm32f10x_md_vl_16m.a(stm32f10x_usart.o)
                0x08002336                USART_GetITStatus
 .text.USART_ClearITPendingBit
                0x08002374        0xe .\libstm32f10x_md_vl_16m.a(stm32f10x_usart.o)
                0x08002374                USART_ClearITPendingBit
 *fill*         0x08002382        0x2 
 .text.malloc   0x08002384       0x10 c:/yagarto/bin/../lib/gcc/arm-none-eabi/4.9.3/../../../../arm-none-eabi/lib/armv7-m\libc_nano.a(lib_a-malloc.o)
                0x08002384                malloc
 .text.memcpy   0x08002394       0x16 c:/yagarto/bin/../lib/gcc/arm-none-eabi/4.9.3/../../../../arm-none-eabi/lib/armv7-m\libc_nano.a(lib_a-memcpy.o)
                0x08002394                memcpy
 .text.memset   0x080023aa       0x10 c:/yagarto/bin/../lib/gcc/arm-none-eabi/4.9.3/../../../../arm-none-eabi/lib/armv7-m\libc_nano.a(lib_a-memset.o)
                0x080023aa                memset
 *fill*         0x080023ba        0x2 
 .text._free_r  0x080023bc       0x88 c:/yagarto/bin/../lib/gcc/arm-none-eabi/4.9.3/../../../../arm-none-eabi/lib/armv7-m\libc_nano.a(lib_a-nano-freer.o)
                0x080023bc                _free_r
 .text._malloc_r
                0x08002444       0xac c:/yagarto/bin/../lib/gcc/arm-none-eabi/4.9.3/../../../../arm-none-eabi/lib/armv7-m\libc_nano.a(lib_a-nano-mallocr.o)
                0x08002444                _malloc_r
 .text.__cvt    0x080024f0       0xbc c:/yagarto/bin/../lib/gcc/arm-none-eabi/4.9.3/../../../../arm-none-eabi/lib/armv7-m\libc_nano.a(lib_a-nano-vfprintf_float.o)
                0x080024f0                __cvt
 .text.__exponent
                0x080025ac       0x62 c:/yagarto/bin/../lib/gcc/arm-none-eabi/4.9.3/../../../../arm-none-eabi/lib/armv7-m\libc_nano.a(lib_a-nano-vfprintf_float.o)
                0x080025ac                __exponent
 *fill*         0x0800260e        0x2 
 .text._printf_float
                0x08002610      0x48c c:/yagarto/bin/../lib/gcc/arm-none-eabi/4.9.3/../../../../arm-none-eabi/lib/armv7-m\libc_nano.a(lib_a-nano-vfprintf_float.o)
                0x08002610                _printf_float
 .text._printf_common
                0x08002a9c       0xea c:/yagarto/bin/../lib/gcc/arm-none-eabi/4.9.3/../../../../arm-none-eabi/lib/armv7-m\libc_nano.a(lib_a-nano-vfprintf_i.o)
                0x08002a9c                _printf_common
 *fill*         0x08002b86        0x2 
 .text._printf_i
                0x08002b88      0x240 c:/yagarto/bin/../lib/gcc/arm-none-eabi/4.9.3/../../../../arm-none-eabi/lib/armv7-m\libc_nano.a(lib_a-nano-vfprintf_i.o)
                0x08002b88                _printf_i
 .text.printf   0x08002dc8       0x30 c:/yagarto/bin/../lib/gcc/arm-none-eabi/4.9.3/../../../../arm-none-eabi/lib/armv7-m\libc_nano.a(lib_a-printf.o)
                0x08002dc8                iprintf
                0x08002dc8                printf
 .text.__fpclassifyd
                0x08002df8       0x50 c:/yagarto/bin/../lib/gcc/arm-none-eabi/4.9.3/../../../../arm-none-eabi/lib/armv7-m\libc_nano.a(lib_a-s_fpclassify.o)
                0x08002df8                __fpclassifyd
 .text._sbrk_r  0x08002e48       0x20 c:/yagarto/bin/../lib/gcc/arm-none-eabi/4.9.3/../../../../arm-none-eabi/lib/armv7-m\libc_nano.a(lib_a-sbrkr.o)
                0x08002e48                _sbrk_r
 .text.sscanf   0x08002e68       0x54 c:/yagarto/bin/../lib/gcc/arm-none-eabi/4.9.3/../../../../arm-none-eabi/lib/armv7-m\libc_nano.a(lib_a-sscanf.o)
                0x08002e68                siscanf
                0x08002e68                sscanf
 .text.__sread  0x08002ebc       0x22 c:/yagarto/bin/../lib/gcc/arm-none-eabi/4.9.3/../../../../arm-none-eabi/lib/armv7-m\libc_nano.a(lib_a-stdio.o)
                0x08002ebc                __sread
 .text.__seofread
                0x08002ede        0x4 c:/yagarto/bin/../lib/gcc/arm-none-eabi/4.9.3/../../../../arm-none-eabi/lib/armv7-m\libc_nano.a(lib_a-stdio.o)
                0x08002ede                __seofread
 .text.__swrite
                0x08002ee2       0x38 c:/yagarto/bin/../lib/gcc/arm-none-eabi/4.9.3/../../../../arm-none-eabi/lib/armv7-m\libc_nano.a(lib_a-stdio.o)
                0x08002ee2                __swrite
 .text.__sseek  0x08002f1a       0x24 c:/yagarto/bin/../lib/gcc/arm-none-eabi/4.9.3/../../../../arm-none-eabi/lib/armv7-m\libc_nano.a(lib_a-stdio.o)
                0x08002f1a                __sseek
 .text.__sclose
                0x08002f3e        0x8 c:/yagarto/bin/../lib/gcc/arm-none-eabi/4.9.3/../../../../arm-none-eabi/lib/armv7-m\libc_nano.a(lib_a-stdio.o)
                0x08002f3e                __sclose
 .text.strlen   0x08002f46       0x10 c:/yagarto/bin/../lib/gcc/arm-none-eabi/4.9.3/../../../../arm-none-eabi/lib/armv7-m\libc_nano.a(lib_a-strlen.o)
                0x08002f46                strlen
 *fill*         0x08002f56        0x2 
 .text._write_r
                0x08002f58       0x24 c:/yagarto/bin/../lib/gcc/arm-none-eabi/4.9.3/../../../../arm-none-eabi/lib/armv7-m\libc_nano.a(lib_a-writer.o)
                0x08002f58                _write_r
 .text._close_r
                0x08002f7c       0x20 c:/yagarto/bin/../lib/gcc/arm-none-eabi/4.9.3/../../../../arm-none-eabi/lib/armv7-m\libc_nano.a(lib_a-closer.o)
                0x08002f7c                _close_r
 .text.quorem   0x08002f9c      0x114 c:/yagarto/bin/../lib/gcc/arm-none-eabi/4.9.3/../../../../arm-none-eabi/lib/armv7-m\libc_nano.a(lib_a-dtoa.o)
 .text._dtoa_r  0x080030b0      0xb78 c:/yagarto/bin/../lib/gcc/arm-none-eabi/4.9.3/../../../../arm-none-eabi/lib/armv7-m\libc_nano.a(lib_a-dtoa.o)
                0x080030b0                _dtoa_r
 .text._cleanup_r
                0x08003c28        0xc c:/yagarto/bin/../lib/gcc/arm-none-eabi/4.9.3/../../../../arm-none-eabi/lib/armv7-m\libc_nano.a(lib_a-findfp.o)
                0x08003c28                _cleanup_r
 .text.std.isra.0
                0x08003c34       0x48 c:/yagarto/bin/../lib/gcc/arm-none-eabi/4.9.3/../../../../arm-none-eabi/lib/armv7-m\libc_nano.a(lib_a-findfp.o)
 .text.__sfmoreglue
                0x08003c7c       0x2c c:/yagarto/bin/../lib/gcc/arm-none-eabi/4.9.3/../../../../arm-none-eabi/lib/armv7-m\libc_nano.a(lib_a-findfp.o)
                0x08003c7c                __sfmoreglue
 .text.__sinit  0x08003ca8       0x60 c:/yagarto/bin/../lib/gcc/arm-none-eabi/4.9.3/../../../../arm-none-eabi/lib/armv7-m\libc_nano.a(lib_a-findfp.o)
                0x08003ca8                __sinit
 .text.__sfp    0x08003d08       0x74 c:/yagarto/bin/../lib/gcc/arm-none-eabi/4.9.3/../../../../arm-none-eabi/lib/armv7-m\libc_nano.a(lib_a-findfp.o)
                0x08003d08                __sfp
 .text._fwalk_reent
                0x08003d7c       0x3c c:/yagarto/bin/../lib/gcc/arm-none-eabi/4.9.3/../../../../arm-none-eabi/lib/armv7-m\libc_nano.a(lib_a-fwalk.o)
                0x08003d7c                _fwalk_reent
 .text._localeconv_r
                0x08003db8        0x8 c:/yagarto/bin/../lib/gcc/arm-none-eabi/4.9.3/../../../../arm-none-eabi/lib/armv7-m\libc_nano.a(lib_a-locale.o)
                0x08003db8                _localeconv_r
 .text._lseek_r
                0x08003dc0       0x24 c:/yagarto/bin/../lib/gcc/arm-none-eabi/4.9.3/../../../../arm-none-eabi/lib/armv7-m\libc_nano.a(lib_a-lseekr.o)
                0x08003dc0                _lseek_r
 .text.memchr   0x08003de4       0x1c c:/yagarto/bin/../lib/gcc/arm-none-eabi/4.9.3/../../../../arm-none-eabi/lib/armv7-m\libc_nano.a(lib_a-memchr.o)
                0x08003de4                memchr
 .text._Balloc  0x08003e00       0x6a c:/yagarto/bin/../lib/gcc/arm-none-eabi/4.9.3/../../../../arm-none-eabi/lib/armv7-m\libc_nano.a(lib_a-mprec.o)
                0x08003e00                _Balloc
 .text._Bfree   0x08003e6a       0x2e c:/yagarto/bin/../lib/gcc/arm-none-eabi/4.9.3/../../../../arm-none-eabi/lib/armv7-m\libc_nano.a(lib_a-mprec.o)
                0x08003e6a                _Bfree
 .text.__multadd
                0x08003e98       0x7c c:/yagarto/bin/../lib/gcc/arm-none-eabi/4.9.3/../../../../arm-none-eabi/lib/armv7-m\libc_nano.a(lib_a-mprec.o)
                0x08003e98                __multadd
 .text.__hi0bits
                0x08003f14       0x40 c:/yagarto/bin/../lib/gcc/arm-none-eabi/4.9.3/../../../../arm-none-eabi/lib/armv7-m\libc_nano.a(lib_a-mprec.o)
                0x08003f14                __hi0bits
 .text.__lo0bits
                0x08003f54       0x5a c:/yagarto/bin/../lib/gcc/arm-none-eabi/4.9.3/../../../../arm-none-eabi/lib/armv7-m\libc_nano.a(lib_a-mprec.o)
                0x08003f54                __lo0bits
 .text.__i2b    0x08003fae       0x12 c:/yagarto/bin/../lib/gcc/arm-none-eabi/4.9.3/../../../../arm-none-eabi/lib/armv7-m\libc_nano.a(lib_a-mprec.o)
                0x08003fae                __i2b
 .text.__multiply
                0x08003fc0      0x120 c:/yagarto/bin/../lib/gcc/arm-none-eabi/4.9.3/../../../../arm-none-eabi/lib/armv7-m\libc_nano.a(lib_a-mprec.o)
                0x08003fc0                __multiply
 .text.__pow5mult
                0x080040e0       0x9c c:/yagarto/bin/../lib/gcc/arm-none-eabi/4.9.3/../../../../arm-none-eabi/lib/armv7-m\libc_nano.a(lib_a-mprec.o)
                0x080040e0                __pow5mult
 .text.__lshift
                0x0800417c       0xa6 c:/yagarto/bin/../lib/gcc/arm-none-eabi/4.9.3/../../../../arm-none-eabi/lib/armv7-m\libc_nano.a(lib_a-mprec.o)
                0x0800417c                __lshift
 .text.__mcmp   0x08004222       0x38 c:/yagarto/bin/../lib/gcc/arm-none-eabi/4.9.3/../../../../arm-none-eabi/lib/armv7-m\libc_nano.a(lib_a-mprec.o)
                0x08004222                __mcmp
 .text.__mdiff  0x0800425a       0xbe c:/yagarto/bin/../lib/gcc/arm-none-eabi/4.9.3/../../../../arm-none-eabi/lib/armv7-m\libc_nano.a(lib_a-mprec.o)
                0x0800425a                __mdiff
 .text.__d2b    0x08004318       0xa4 c:/yagarto/bin/../lib/gcc/arm-none-eabi/4.9.3/../../../../arm-none-eabi/lib/armv7-m\libc_nano.a(lib_a-mprec.o)
                0x08004318                __d2b
 .text._calloc_r
                0x080043bc       0x1c c:/yagarto/bin/../lib/gcc/arm-none-eabi/4.9.3/../../../../arm-none-eabi/lib/armv7-m\libc_nano.a(lib_a-nano-callocr.o)
                0x080043bc                _calloc_r
 .text._sungetc_r
                0x080043d8       0x7a c:/yagarto/bin/../lib/gcc/arm-none-eabi/4.9.3/../../../../arm-none-eabi/lib/armv7-m\libc_nano.a(lib_a-nano-svfscanf.o)
                0x080043d8                _sungetc_r
 .text.__ssrefill_r
                0x08004452       0x3a c:/yagarto/bin/../lib/gcc/arm-none-eabi/4.9.3/../../../../arm-none-eabi/lib/armv7-m\libc_nano.a(lib_a-nano-svfscanf.o)
                0x08004452                __ssrefill_r
 .text.__ssvfscanf_r
                0x0800448c      0x29c c:/yagarto/bin/../lib/gcc/arm-none-eabi/4.9.3/../../../../arm-none-eabi/lib/armv7-m\libc_nano.a(lib_a-nano-svfscanf.o)
                0x0800448c                __ssvfiscanf_r
                0x0800448c                __ssvfscanf_r
 .text.__sfputc_r
                0x08004728       0x2c c:/yagarto/bin/../lib/gcc/arm-none-eabi/4.9.3/../../../../arm-none-eabi/lib/armv7-m\libc_nano.a(lib_a-nano-vfprintf.o)
 .text.__sfputs_r
                0x08004754       0x24 c:/yagarto/bin/../lib/gcc/arm-none-eabi/4.9.3/../../../../arm-none-eabi/lib/armv7-m\libc_nano.a(lib_a-nano-vfprintf.o)
                0x08004754                __sfputs_r
 .text._vfprintf_r
                0x08004778      0x210 c:/yagarto/bin/../lib/gcc/arm-none-eabi/4.9.3/../../../../arm-none-eabi/lib/armv7-m\libc_nano.a(lib_a-nano-vfprintf.o)
                0x08004778                _vfprintf_r
                0x08004778                _vfiprintf_r
 .text._scanf_chars
                0x08004988       0xbc c:/yagarto/bin/../lib/gcc/arm-none-eabi/4.9.3/../../../../arm-none-eabi/lib/armv7-m\libc_nano.a(lib_a-nano-vfscanf_i.o)
                0x08004988                _scanf_chars
 .text._scanf_i
                0x08004a44      0x1e4 c:/yagarto/bin/../lib/gcc/arm-none-eabi/4.9.3/../../../../arm-none-eabi/lib/armv7-m\libc_nano.a(lib_a-nano-vfscanf_i.o)
                0x08004a44                _scanf_i
 .text._read_r  0x08004c28       0x24 c:/yagarto/bin/../lib/gcc/arm-none-eabi/4.9.3/../../../../arm-none-eabi/lib/armv7-m\libc_nano.a(lib_a-readr.o)
                0x08004c28                _read_r
 .text.__sccl   0x08004c4c       0x62 c:/yagarto/bin/../lib/gcc/arm-none-eabi/4.9.3/../../../../arm-none-eabi/lib/armv7-m\libc_nano.a(lib_a-sccl.o)
                0x08004c4c                __sccl
 *fill*         0x08004cae        0x2 
 .text._strtol_r
                0x08004cb0      0x10c c:/yagarto/bin/../lib/gcc/arm-none-eabi/4.9.3/../../../../arm-none-eabi/lib/armv7-m\libc_nano.a(lib_a-strtol.o)
                0x08004cb0                _strtol_r
 .text._strtoul_r
                0x08004dbc       0xf8 c:/yagarto/bin/../lib/gcc/arm-none-eabi/4.9.3/../../../../arm-none-eabi/lib/armv7-m\libc_nano.a(lib_a-strtoul.o)
                0x08004dbc                _strtoul_r
 .text.__submore
                0x08004eb4       0x72 c:/yagarto/bin/../lib/gcc/arm-none-eabi/4.9.3/../../../../arm-none-eabi/lib/armv7-m\libc_nano.a(lib_a-ungetc.o)
                0x08004eb4                __submore
 *fill*         0x08004f26        0x2 
 .text.__swbuf_r
                0x08004f28       0xa8 c:/yagarto/bin/../lib/gcc/arm-none-eabi/4.9.3/../../../../arm-none-eabi/lib/armv7-m\libc_nano.a(lib_a-wbuf.o)
                0x08004f28                __swbuf_r
 .text.__swsetup_r
                0x08004fd0       0xd8 c:/yagarto/bin/../lib/gcc/arm-none-eabi/4.9.3/../../../../arm-none-eabi/lib/armv7-m\libc_nano.a(lib_a-wsetup.o)
                0x08004fd0                __swsetup_r
 .text.__sflush_r
                0x080050a8      0x106 c:/yagarto/bin/../lib/gcc/arm-none-eabi/4.9.3/../../../../arm-none-eabi/lib/armv7-m\libc_nano.a(lib_a-fflush.o)
                0x080050a8                __sflush_r
 *fill*         0x080051ae        0x2 
 .text._fflush_r
                0x080051b0       0x54 c:/yagarto/bin/../lib/gcc/arm-none-eabi/4.9.3/../../../../arm-none-eabi/lib/armv7-m\libc_nano.a(lib_a-fflush.o)
                0x080051b0                _fflush_r
 .text.__smakebuf_r
                0x08005204       0x98 c:/yagarto/bin/../lib/gcc/arm-none-eabi/4.9.3/../../../../arm-none-eabi/lib/armv7-m\libc_nano.a(lib_a-makebuf.o)
                0x08005204                __smakebuf_r
 .text._realloc_r
                0x0800529c       0x4c c:/yagarto/bin/../lib/gcc/arm-none-eabi/4.9.3/../../../../arm-none-eabi/lib/armv7-m\libc_nano.a(lib_a-nano-reallocr.o)
                0x0800529c                _realloc_r
 .text._fstat_r
                0x080052e8       0x24 c:/yagarto/bin/../lib/gcc/arm-none-eabi/4.9.3/../../../../arm-none-eabi/lib/armv7-m\libc_nano.a(lib_a-fstatr.o)
                0x080052e8                _fstat_r
 .text._isatty_r
                0x0800530c       0x20 c:/yagarto/bin/../lib/gcc/arm-none-eabi/4.9.3/../../../../arm-none-eabi/lib/armv7-m\libc_nano.a(lib_a-isattyr.o)
                0x0800530c                _isatty_r
 .text._malloc_usable_size_r
                0x0800532c       0x14 c:/yagarto/bin/../lib/gcc/arm-none-eabi/4.9.3/../../../../arm-none-eabi/lib/armv7-m\libc_nano.a(lib_a-nano-msizer.o)
                0x0800532c                _malloc_usable_size_r
 *(.rodata)
 .rodata        0x08005340        0xc c:/yagarto/bin/../lib/gcc/arm-none-eabi/4.9.3/../../../../arm-none-eabi/lib/armv7-m\libc_nano.a(lib_a-nano-vfscanf_i.o)
 *(.rodata*)
 .rodata.str1.1
                0x0800534c       0x47 app/batt.o
                                 0x4e (size before relaxing)
 .rodata.str1.1
                0x08005393       0x10 c:/yagarto/bin/../lib/gcc/arm-none-eabi/4.9.3/../../../../arm-none-eabi/lib/armv7-m\libc_nano.a(lib_a-nano-vfprintf_float.o)
                                 0x12 (size before relaxing)
 .rodata.str1.1
                0x080053a3       0x22 c:/yagarto/bin/../lib/gcc/arm-none-eabi/4.9.3/../../../../arm-none-eabi/lib/armv7-m\libc_nano.a(lib_a-nano-vfprintf_i.o)
 .rodata.str1.1
                0x080053c5        0xd c:/yagarto/bin/../lib/gcc/arm-none-eabi/4.9.3/../../../../arm-none-eabi/lib/armv7-m\libc_nano.a(lib_a-dtoa.o)
                                  0xf (size before relaxing)
 *fill*         0x080053d2        0x2 
 .rodata.__sf_fake_stdin
                0x080053d4       0x20 c:/yagarto/bin/../lib/gcc/arm-none-eabi/4.9.3/../../../../arm-none-eabi/lib/armv7-m\libc_nano.a(lib_a-findfp.o)
                0x080053d4                __sf_fake_stdin
 .rodata.__sf_fake_stdout
                0x080053f4       0x20 c:/yagarto/bin/../lib/gcc/arm-none-eabi/4.9.3/../../../../arm-none-eabi/lib/armv7-m\libc_nano.a(lib_a-findfp.o)
                0x080053f4                __sf_fake_stdout
 .rodata.__sf_fake_stderr
                0x08005414       0x20 c:/yagarto/bin/../lib/gcc/arm-none-eabi/4.9.3/../../../../arm-none-eabi/lib/armv7-m\libc_nano.a(lib_a-findfp.o)
                0x08005414                __sf_fake_stderr
 .rodata.str1.1
                0x08005434        0x2 c:/yagarto/bin/../lib/gcc/arm-none-eabi/4.9.3/../../../../arm-none-eabi/lib/armv7-m\libc_nano.a(lib_a-impure.o)
 *fill*         0x08005436        0x2 
 .rodata._global_impure_ptr
                0x08005438        0x4 c:/yagarto/bin/../lib/gcc/arm-none-eabi/4.9.3/../../../../arm-none-eabi/lib/armv7-m\libc_nano.a(lib_a-impure.o)
                0x08005438                _global_impure_ptr
 .rodata.str1.1
                0x0800543c        0x8 c:/yagarto/bin/../lib/gcc/arm-none-eabi/4.9.3/../../../../arm-none-eabi/lib/armv7-m\libc_nano.a(lib_a-locale.o)
                                  0xb (size before relaxing)
 *fill*         0x08005444        0x4 
 .rodata.__mprec_tens
                0x08005448       0xc8 c:/yagarto/bin/../lib/gcc/arm-none-eabi/4.9.3/../../../../arm-none-eabi/lib/armv7-m\libc_nano.a(lib_a-mprec.o)
                0x08005448                __mprec_tens
 .rodata.__mprec_bigtens
                0x08005510       0x28 c:/yagarto/bin/../lib/gcc/arm-none-eabi/4.9.3/../../../../arm-none-eabi/lib/armv7-m\libc_nano.a(lib_a-mprec.o)
                0x08005510                __mprec_bigtens
 .rodata.p05.5308
                0x08005538        0xc c:/yagarto/bin/../lib/gcc/arm-none-eabi/4.9.3/../../../../arm-none-eabi/lib/armv7-m\libc_nano.a(lib_a-mprec.o)
 .rodata.str1.1
                0x08005544        0x4 c:/yagarto/bin/../lib/gcc/arm-none-eabi/4.9.3/../../../../arm-none-eabi/lib/armv7-m\libc_nano.a(lib_a-nano-svfscanf.o)
 .rodata.str1.1
                0x08005548        0xd c:/yagarto/bin/../lib/gcc/arm-none-eabi/4.9.3/../../../../arm-none-eabi/lib/armv7-m\libc_nano.a(lib_a-nano-vfprintf.o)
                                 0x11 (size before relaxing)
 .rodata.str1.1
                0x08005555       0x1b c:/yagarto/bin/../lib/gcc/arm-none-eabi/4.9.3/../../../../arm-none-eabi/lib/armv7-m\libc_nano.a(lib_a-nano-vfscanf_i.o)
 .rodata._ctype_
                0x08005570      0x101 c:/yagarto/bin/../lib/gcc/arm-none-eabi/4.9.3/../../../../arm-none-eabi/lib/armv7-m\libc_nano.a(lib_a-ctype_.o)
                0x08005570                _ctype_
 *(.glue_7)
 .glue_7        0x00000000        0x0 linker stubs
 *(.glue_7t)
 .glue_7t       0x00000000        0x0 linker stubs
 *(.init)
 *(.fini)
                0x08005674                . = ALIGN (0x4)
 *fill*         0x08005671        0x3 
                0x08005674                _etext = .

.vfp11_veneer   0x08005674        0x0
 .vfp11_veneer  0x00000000        0x0 linker stubs

.v4_bx          0x08005674        0x0
 .v4_bx         0x00000000        0x0 linker stubs

.iplt           0x08005674        0x0
 .iplt          0x00000000        0x0 c:/yagarto/cmsis_cm3_v361/_startup/startup_stm32f10x_md_vl.o

.rel.dyn        0x08005674        0x0
 .rel.iplt      0x00000000        0x0 c:/yagarto/cmsis_cm3_v361/_startup/startup_stm32f10x_md_vl.o

.ARM.extab
 *(.ARM.extab* .gnu.linkonce.armextab.*)

.ARM            0x08005674        0x0
                0x08005674                __exidx_start = .
 *(.ARM.exidx*)
                0x08005674                __exidx_end = .

.ARM.attributes
                0x08005674       0x2f
 *(.ARM.attributes)
 .ARM.attributes
                0x08005674       0x21 c:/yagarto/cmsis_cm3_v361/_startup/startup_stm32f10x_md_vl.o
 .ARM.attributes
                0x08005695       0x33 main.o
 .ARM.attributes
                0x080056c8       0x33 stm32f10x_it.o
 .ARM.attributes
                0x080056fb       0x33 _libs/misc.o
 .ARM.attributes
                0x0800572e       0x33 _libs/syscall.o
 .ARM.attributes
                0x08005761       0x33 hw/adc_f1.o
 .ARM.attributes
                0x08005794       0x33 hw/dac_f1.o
 .ARM.attributes
                0x080057c7       0x33 hw/timer.o
 .ARM.attributes
                0x080057fa       0x33 hw/usart_f1.o
 .ARM.attributes
                0x0800582d       0x33 app/batt.o
 .ARM.attributes
                0x08005860       0x33 .\libstm32f10x_md_vl_16m.a(misc.o)
 .ARM.attributes
                0x08005893       0x33 .\libstm32f10x_md_vl_16m.a(stm32f10x_adc.o)
 .ARM.attributes
                0x080058c6       0x33 .\libstm32f10x_md_vl_16m.a(stm32f10x_dac.o)
 .ARM.attributes
                0x080058f9       0x33 .\libstm32f10x_md_vl_16m.a(stm32f10x_dma.o)
 .ARM.attributes
                0x0800592c       0x33 .\libstm32f10x_md_vl_16m.a(stm32f10x_gpio.o)
 .ARM.attributes
                0x0800595f       0x33 .\libstm32f10x_md_vl_16m.a(stm32f10x_rcc.o)
 .ARM.attributes
                0x08005992       0x33 .\libstm32f10x_md_vl_16m.a(stm32f10x_tim.o)
 .ARM.attributes
                0x080059c5       0x33 .\libstm32f10x_md_vl_16m.a(stm32f10x_usart.o)
 .ARM.attributes
                0x080059f8       0x1d c:/yagarto/bin/../lib/gcc/arm-none-eabi/4.9.3/armv7-m\libgcc.a(_arm_addsubdf3.o)
 .ARM.attributes
                0x08005a15       0x1d c:/yagarto/bin/../lib/gcc/arm-none-eabi/4.9.3/armv7-m\libgcc.a(_arm_muldivdf3.o)
 .ARM.attributes
                0x08005a32       0x1d c:/yagarto/bin/../lib/gcc/arm-none-eabi/4.9.3/armv7-m\libgcc.a(_arm_fixdfsi.o)
 .ARM.attributes
                0x08005a4f       0x1d c:/yagarto/bin/../lib/gcc/arm-none-eabi/4.9.3/armv7-m\libgcc.a(_arm_fixunsdfsi.o)
 .ARM.attributes
                0x08005a6c       0x1d c:/yagarto/bin/../lib/gcc/arm-none-eabi/4.9.3/armv7-m\libgcc.a(_arm_truncdfsf2.o)
 .ARM.attributes
                0x08005a89       0x1d c:/yagarto/bin/../lib/gcc/arm-none-eabi/4.9.3/armv7-m\libgcc.a(_arm_addsubsf3.o)
 .ARM.attributes
                0x08005aa6       0x1d c:/yagarto/bin/../lib/gcc/arm-none-eabi/4.9.3/armv7-m\libgcc.a(_arm_muldivsf3.o)
 .ARM.attributes
                0x08005ac3       0x2d c:/yagarto/bin/../lib/gcc/arm-none-eabi/4.9.3/../../../../arm-none-eabi/lib/armv7-m\libc_nano.a(lib_a-malloc.o)
 .ARM.attributes
                0x08005af0       0x2d c:/yagarto/bin/../lib/gcc/arm-none-eabi/4.9.3/../../../../arm-none-eabi/lib/armv7-m\libc_nano.a(lib_a-memcpy.o)
 .ARM.attributes
                0x08005b1d       0x2d c:/yagarto/bin/../lib/gcc/arm-none-eabi/4.9.3/../../../../arm-none-eabi/lib/armv7-m\libc_nano.a(lib_a-memset.o)
 .ARM.attributes
                0x08005b4a       0x2d c:/yagarto/bin/../lib/gcc/arm-none-eabi/4.9.3/../../../../arm-none-eabi/lib/armv7-m\libc_nano.a(lib_a-nano-freer.o)
 .ARM.attributes
                0x08005b77       0x2d c:/yagarto/bin/../lib/gcc/arm-none-eabi/4.9.3/../../../../arm-none-eabi/lib/armv7-m\libc_nano.a(lib_a-nano-mallocr.o)
 .ARM.attributes
                0x08005ba4       0x2d c:/yagarto/bin/../lib/gcc/arm-none-eabi/4.9.3/../../../../arm-none-eabi/lib/armv7-m\libc_nano.a(lib_a-nano-vfprintf_float.o)
 .ARM.attributes
                0x08005bd1       0x2d c:/yagarto/bin/../lib/gcc/arm-none-eabi/4.9.3/../../../../arm-none-eabi/lib/armv7-m\libc_nano.a(lib_a-nano-vfprintf_i.o)
 .ARM.attributes
                0x08005bfe       0x2d c:/yagarto/bin/../lib/gcc/arm-none-eabi/4.9.3/../../../../arm-none-eabi/lib/armv7-m\libc_nano.a(lib_a-printf.o)
 .ARM.attributes
                0x08005c2b       0x2d c:/yagarto/bin/../lib/gcc/arm-none-eabi/4.9.3/../../../../arm-none-eabi/lib/armv7-m\libc_nano.a(lib_a-s_fpclassify.o)
 .ARM.attributes
                0x08005c58       0x2d c:/yagarto/bin/../lib/gcc/arm-none-eabi/4.9.3/../../../../arm-none-eabi/lib/armv7-m\libc_nano.a(lib_a-sbrkr.o)
 .ARM.attributes
                0x08005c85       0x2d c:/yagarto/bin/../lib/gcc/arm-none-eabi/4.9.3/../../../../arm-none-eabi/lib/armv7-m\libc_nano.a(lib_a-sscanf.o)
 .ARM.attributes
                0x08005cb2       0x2d c:/yagarto/bin/../lib/gcc/arm-none-eabi/4.9.3/../../../../arm-none-eabi/lib/armv7-m\libc_nano.a(lib_a-stdio.o)
 .ARM.attributes
                0x08005cdf       0x2d c:/yagarto/bin/../lib/gcc/arm-none-eabi/4.9.3/../../../../arm-none-eabi/lib/armv7-m\libc_nano.a(lib_a-strlen.o)
 .ARM.attributes
                0x08005d0c       0x2d c:/yagarto/bin/../lib/gcc/arm-none-eabi/4.9.3/../../../../arm-none-eabi/lib/armv7-m\libc_nano.a(lib_a-writer.o)
 .ARM.attributes
                0x08005d39       0x2d c:/yagarto/bin/../lib/gcc/arm-none-eabi/4.9.3/../../../../arm-none-eabi/lib/armv7-m\libc_nano.a(lib_a-closer.o)
 .ARM.attributes
                0x08005d66       0x2d c:/yagarto/bin/../lib/gcc/arm-none-eabi/4.9.3/../../../../arm-none-eabi/lib/armv7-m\libc_nano.a(lib_a-dtoa.o)
 .ARM.attributes
                0x08005d93       0x2d c:/yagarto/bin/../lib/gcc/arm-none-eabi/4.9.3/../../../../arm-none-eabi/lib/armv7-m\libc_nano.a(lib_a-findfp.o)
 .ARM.attributes
                0x08005dc0       0x2d c:/yagarto/bin/../lib/gcc/arm-none-eabi/4.9.3/../../../../arm-none-eabi/lib/armv7-m\libc_nano.a(lib_a-fwalk.o)
 .ARM.attributes
                0x08005ded       0x2d c:/yagarto/bin/../lib/gcc/arm-none-eabi/4.9.3/../../../../arm-none-eabi/lib/armv7-m\libc_nano.a(lib_a-impure.o)
 .ARM.attributes
                0x08005e1a       0x2d c:/yagarto/bin/../lib/gcc/arm-none-eabi/4.9.3/../../../../arm-none-eabi/lib/armv7-m\libc_nano.a(lib_a-locale.o)
 .ARM.attributes
                0x08005e47       0x2d c:/yagarto/bin/../lib/gcc/arm-none-eabi/4.9.3/../../../../arm-none-eabi/lib/armv7-m\libc_nano.a(lib_a-lseekr.o)
 .ARM.attributes
                0x08005e74       0x2d c:/yagarto/bin/../lib/gcc/arm-none-eabi/4.9.3/../../../../arm-none-eabi/lib/armv7-m\libc_nano.a(lib_a-memchr.o)
 .ARM.attributes
                0x08005ea1       0x2d c:/yagarto/bin/../lib/gcc/arm-none-eabi/4.9.3/../../../../arm-none-eabi/lib/armv7-m\libc_nano.a(lib_a-mprec.o)
 .ARM.attributes
                0x08005ece       0x2d c:/yagarto/bin/../lib/gcc/arm-none-eabi/4.9.3/../../../../arm-none-eabi/lib/armv7-m\libc_nano.a(lib_a-nano-callocr.o)
 .ARM.attributes
                0x08005efb       0x2d c:/yagarto/bin/../lib/gcc/arm-none-eabi/4.9.3/../../../../arm-none-eabi/lib/armv7-m\libc_nano.a(lib_a-nano-svfscanf.o)
 .ARM.attributes
                0x08005f28       0x2d c:/yagarto/bin/../lib/gcc/arm-none-eabi/4.9.3/../../../../arm-none-eabi/lib/armv7-m\libc_nano.a(lib_a-nano-vfprintf.o)
 .ARM.attributes
                0x08005f55       0x2d c:/yagarto/bin/../lib/gcc/arm-none-eabi/4.9.3/../../../../arm-none-eabi/lib/armv7-m\libc_nano.a(lib_a-nano-vfscanf_i.o)
 .ARM.attributes
                0x08005f82       0x2d c:/yagarto/bin/../lib/gcc/arm-none-eabi/4.9.3/../../../../arm-none-eabi/lib/armv7-m\libc_nano.a(lib_a-readr.o)
 .ARM.attributes
                0x08005faf       0x2d c:/yagarto/bin/../lib/gcc/arm-none-eabi/4.9.3/../../../../arm-none-eabi/lib/armv7-m\libc_nano.a(lib_a-reent.o)
 .ARM.attributes
                0x08005fdc       0x2d c:/yagarto/bin/../lib/gcc/arm-none-eabi/4.9.3/../../../../arm-none-eabi/lib/armv7-m\libc_nano.a(lib_a-sccl.o)
 .ARM.attributes
                0x08006009       0x2d c:/yagarto/bin/../lib/gcc/arm-none-eabi/4.9.3/../../../../arm-none-eabi/lib/armv7-m\libc_nano.a(lib_a-strtol.o)
 .ARM.attributes
                0x08006036       0x2d c:/yagarto/bin/../lib/gcc/arm-none-eabi/4.9.3/../../../../arm-none-eabi/lib/armv7-m\libc_nano.a(lib_a-strtoul.o)
 .ARM.attributes
                0x08006063       0x2d c:/yagarto/bin/../lib/gcc/arm-none-eabi/4.9.3/../../../../arm-none-eabi/lib/armv7-m\libc_nano.a(lib_a-ungetc.o)
 .ARM.attributes
                0x08006090       0x2d c:/yagarto/bin/../lib/gcc/arm-none-eabi/4.9.3/../../../../arm-none-eabi/lib/armv7-m\libc_nano.a(lib_a-wbuf.o)
 .ARM.attributes
                0x080060bd       0x2d c:/yagarto/bin/../lib/gcc/arm-none-eabi/4.9.3/../../../../arm-none-eabi/lib/armv7-m\libc_nano.a(lib_a-wsetup.o)
 .ARM.attributes
                0x080060ea       0x2d c:/yagarto/bin/../lib/gcc/arm-none-eabi/4.9.3/../../../../arm-none-eabi/lib/armv7-m\libc_nano.a(lib_a-ctype_.o)
 .ARM.attributes
                0x08006117       0x2d c:/yagarto/bin/../lib/gcc/arm-none-eabi/4.9.3/../../../../arm-none-eabi/lib/armv7-m\libc_nano.a(lib_a-fflush.o)
 .ARM.attributes
                0x08006144       0x2d c:/yagarto/bin/../lib/gcc/arm-none-eabi/4.9.3/../../../../arm-none-eabi/lib/armv7-m\libc_nano.a(lib_a-makebuf.o)
 .ARM.attributes
                0x08006171       0x2d c:/yagarto/bin/../lib/gcc/arm-none-eabi/4.9.3/../../../../arm-none-eabi/lib/armv7-m\libc_nano.a(lib_a-nano-reallocr.o)
 .ARM.attributes
                0x0800619e       0x2d c:/yagarto/bin/../lib/gcc/arm-none-eabi/4.9.3/../../../../arm-none-eabi/lib/armv7-m\libc_nano.a(lib_a-fstatr.o)
 .ARM.attributes
                0x080061cb       0x2d c:/yagarto/bin/../lib/gcc/arm-none-eabi/4.9.3/../../../../arm-none-eabi/lib/armv7-m\libc_nano.a(lib_a-isattyr.o)
 .ARM.attributes
                0x080061f8       0x2d c:/yagarto/bin/../lib/gcc/arm-none-eabi/4.9.3/../../../../arm-none-eabi/lib/armv7-m\libc_nano.a(lib_a-nano-msizer.o)
 .ARM.attributes
                0x08006225       0x1d c:/yagarto/bin/../lib/gcc/arm-none-eabi/4.9.3/armv7-m\libgcc.a(_arm_cmpdf2.o)

.preinit_array  0x08005674        0x0
                0x08005674                PROVIDE (__preinit_array_start, .)
 *(.preinit_array*)
                0x08005674                PROVIDE (__preinit_array_end, .)

.init_array     0x08005674        0x0
                0x08005674                PROVIDE (__init_array_start, .)
 *(SORT(.init_array.*))
 *(.init_array*)
                0x08005674                PROVIDE (__init_array_end, .)

.fini_array     0x08005674        0x0
                0x08005674                PROVIDE (__fini_array_start, .)
 *(.fini_array*)
 *(SORT(.fini_array.*))
                0x08005674                PROVIDE (__fini_array_end, .)
                0x08005674                _sidata = .

.data           0x20000000       0xb4 load address 0x08006242
                0x20000000                . = ALIGN (0x4)
                0x20000000                _sdata = .
 *(.data)
 *(.data*)
 .data.ADCPrescTable
                0x20000000        0x4 .\libstm32f10x_md_vl_16m.a(stm32f10x_rcc.o)
 .data.APBAHBPrescTable
                0x20000004       0x10 .\libstm32f10x_md_vl_16m.a(stm32f10x_rcc.o)
 .data.impure_data
                0x20000014       0x60 c:/yagarto/bin/../lib/gcc/arm-none-eabi/4.9.3/../../../../arm-none-eabi/lib/armv7-m\libc_nano.a(lib_a-impure.o)
 .data._impure_ptr
                0x20000074        0x4 c:/yagarto/bin/../lib/gcc/arm-none-eabi/4.9.3/../../../../arm-none-eabi/lib/armv7-m\libc_nano.a(lib_a-impure.o)
                0x20000074                _impure_ptr
 .data.lconv    0x20000078       0x38 c:/yagarto/bin/../lib/gcc/arm-none-eabi/4.9.3/../../../../arm-none-eabi/lib/armv7-m\libc_nano.a(lib_a-locale.o)
 .data.__ctype_ptr__
                0x200000b0        0x4 c:/yagarto/bin/../lib/gcc/arm-none-eabi/4.9.3/../../../../arm-none-eabi/lib/armv7-m\libc_nano.a(lib_a-ctype_.o)
                0x200000b0                __ctype_ptr__
                0x200000b4                . = ALIGN (0x4)
                0x200000b4                _edata = .

.igot.plt       0x200000b4        0x0 load address 0x080062f8
 .igot.plt      0x00000000        0x0 c:/yagarto/cmsis_cm3_v361/_startup/startup_stm32f10x_md_vl.o
                0x200000b4                . = ALIGN (0x4)

.bss            0x200000b4      0x390 load address 0x080062f8
                0x200000b4                _sbss = .
                0x200000b4                __bss_start__ = _sbss
 *(.bss)
 *(.bss*)
 .bss.g_ms_counter
                0x200000b4        0x4 stm32f10x_it.o
 .bss.s_pHeapEnd.8188
                0x200000b8        0x4 _libs/syscall.o
 .bss.sum_volt.8760
                0x200000bc        0x4 hw/adc_f1.o
 .bss.sum_ref.8759
                0x200000c0        0x4 hw/adc_f1.o
 .bss.count.8761
                0x200000c4        0x4 hw/adc_f1.o
 .bss.g         0x200000c8       0x84 hw/adc_f1.o
 .bss.g         0x2000014c       0x48 hw/timer.o
 .bss.__malloc_sbrk_start
                0x20000194        0x4 c:/yagarto/bin/../lib/gcc/arm-none-eabi/4.9.3/../../../../arm-none-eabi/lib/armv7-m\libc_nano.a(lib_a-nano-mallocr.o)
                0x20000194                __malloc_sbrk_start
 .bss.__malloc_free_list
                0x20000198        0x4 c:/yagarto/bin/../lib/gcc/arm-none-eabi/4.9.3/../../../../arm-none-eabi/lib/armv7-m\libc_nano.a(lib_a-nano-mallocr.o)
                0x20000198                __malloc_free_list
 *(COMMON)
 COMMON         0x2000019c       0x94 _libs/misc.o
                0x2000019c                TIM_TimeBaseStructure
                0x200001a8                g_nms
                0x200001ac                ADC_InitStructure
                0x200001c0                DAC_InitStructure
                0x200001d0                GPIO_InitStructure
                0x200001d4                SPI_InitStructure
                0x200001e8                USART_InitStructure
                0x200001f8                NVIC_InitStructure
                0x200001fc                EXTI_InitStructure
                0x20000204                DMA_InitStructure
 COMMON         0x20000230      0x210 hw/usart_f1.o
                0x20000230                usart1_rx_buf
                0x20000330                usartx_rx_buf
                0x20000334                g_frame
 COMMON         0x20000440        0x4 c:/yagarto/bin/../lib/gcc/arm-none-eabi/4.9.3/../../../../arm-none-eabi/lib/armv7-m\libc_nano.a(lib_a-reent.o)
                0x20000440                errno
                0x20000444                . = ALIGN (0x4)
                0x20000444                _ebss = .
                0x20000444                __bss_end__ = _ebss
                0x20000444                PROVIDE (end, _ebss)
                0x20000444                PROVIDE (_end, _ebss)

._user_heap_stack
                0x20000444      0x800 load address 0x08006688
                0x20000444                . = ALIGN (0x4)
                0x20000444                . = (. + _Min_Heap_Size)
                0x20000c44                . = (. + _Min_Stack_Size)
 *fill*         0x20000444      0x800 
                0x20000c44                . = ALIGN (0x4)

.memory_b1_text
 *(.mb1text)
 *(.mb1text*)
 *(.mb1rodata)
 *(.mb1rodata*)

/DISCARD/
 libc.a(*)
 libm.a(*)
 libgcc.a(*)
OUTPUT(main_rom.elf elf32-littlearm)

.debug_line     0x00000000     0x3197
 .debug_line    0x00000000       0x98 c:/yagarto/cmsis_cm3_v361/_startup/startup_stm32f10x_md_vl.o
 .debug_line    0x00000098      0x1b5 main.o
 .debug_line    0x0000024d      0x243 stm32f10x_it.o
 .debug_line    0x00000490      0x27b _libs/misc.o
 .debug_line    0x0000070b      0x21c _libs/syscall.o
 .debug_line    0x00000927      0x216 hw/adc_f1.o
 .debug_line    0x00000b3d      0x18b hw/dac_f1.o
 .debug_line    0x00000cc8      0x1e0 hw/timer.o
 .debug_line    0x00000ea8      0x2f3 hw/usart_f1.o
 .debug_line    0x0000119b      0x15b app/batt.o
 .debug_line    0x000012f6      0x155 .\libstm32f10x_md_vl_16m.a(misc.o)
 .debug_line    0x0000144b      0x42e .\libstm32f10x_md_vl_16m.a(stm32f10x_adc.o)
 .debug_line    0x00001879      0x271 .\libstm32f10x_md_vl_16m.a(stm32f10x_dac.o)
 .debug_line    0x00001aea      0x20b .\libstm32f10x_md_vl_16m.a(stm32f10x_dma.o)
 .debug_line    0x00001cf5      0x2d0 .\libstm32f10x_md_vl_16m.a(stm32f10x_gpio.o)
 .debug_line    0x00001fc5      0x3b5 .\libstm32f10x_md_vl_16m.a(stm32f10x_rcc.o)
 .debug_line    0x0000237a      0xa5b .\libstm32f10x_md_vl_16m.a(stm32f10x_tim.o)
 .debug_line    0x00002dd5      0x3c2 .\libstm32f10x_md_vl_16m.a(stm32f10x_usart.o)

.debug_info     0x00000000     0xa846
 .debug_info    0x00000000       0x93 c:/yagarto/cmsis_cm3_v361/_startup/startup_stm32f10x_md_vl.o
 .debug_info    0x00000093      0x904 main.o
 .debug_info    0x00000997      0x40c stm32f10x_it.o
 .debug_info    0x00000da3      0x7e8 _libs/misc.o
 .debug_info    0x0000158b      0x626 _libs/syscall.o
 .debug_info    0x00001bb1      0xcd6 hw/adc_f1.o
 .debug_info    0x00002887      0x4bb hw/dac_f1.o
 .debug_info    0x00002d42      0x93c hw/timer.o
 .debug_info    0x0000367e      0xf5a hw/usart_f1.o
 .debug_info    0x000045d8      0x35b app/batt.o
 .debug_info    0x00004933      0x5b7 .\libstm32f10x_md_vl_16m.a(misc.o)
 .debug_info    0x00004eea      0xcc5 .\libstm32f10x_md_vl_16m.a(stm32f10x_adc.o)
 .debug_info    0x00005baf      0x701 .\libstm32f10x_md_vl_16m.a(stm32f10x_dac.o)
 .debug_info    0x000062b0      0x4c9 .\libstm32f10x_md_vl_16m.a(stm32f10x_dma.o)
 .debug_info    0x00006779      0x869 .\libstm32f10x_md_vl_16m.a(stm32f10x_gpio.o)
 .debug_info    0x00006fe2      0x9e4 .\libstm32f10x_md_vl_16m.a(stm32f10x_rcc.o)
 .debug_info    0x000079c6     0x22d1 .\libstm32f10x_md_vl_16m.a(stm32f10x_tim.o)
 .debug_info    0x00009c97      0xbaf .\libstm32f10x_md_vl_16m.a(stm32f10x_usart.o)

.debug_abbrev   0x00000000     0x228d
 .debug_abbrev  0x00000000       0x12 c:/yagarto/cmsis_cm3_v361/_startup/startup_stm32f10x_md_vl.o
 .debug_abbrev  0x00000012      0x232 main.o
 .debug_abbrev  0x00000244      0x191 stm32f10x_it.o
 .debug_abbrev  0x000003d5      0x238 _libs/misc.o
 .debug_abbrev  0x0000060d      0x1de _libs/syscall.o
 .debug_abbrev  0x000007eb      0x203 hw/adc_f1.o
 .debug_abbrev  0x000009ee      0x17f hw/dac_f1.o
 .debug_abbrev  0x00000b6d      0x239 hw/timer.o
 .debug_abbrev  0x00000da6      0x2cd hw/usart_f1.o
 .debug_abbrev  0x00001073      0x1ab app/batt.o
 .debug_abbrev  0x0000121e      0x154 .\libstm32f10x_md_vl_16m.a(misc.o)
 .debug_abbrev  0x00001372      0x215 .\libstm32f10x_md_vl_16m.a(stm32f10x_adc.o)
 .debug_abbrev  0x00001587      0x224 .\libstm32f10x_md_vl_16m.a(stm32f10x_dac.o)
 .debug_abbrev  0x000017ab      0x182 .\libstm32f10x_md_vl_16m.a(stm32f10x_dma.o)
 .debug_abbrev  0x0000192d      0x211 .\libstm32f10x_md_vl_16m.a(stm32f10x_gpio.o)
 .debug_abbrev  0x00001b3e      0x21a .\libstm32f10x_md_vl_16m.a(stm32f10x_rcc.o)
 .debug_abbrev  0x00001d58      0x303 .\libstm32f10x_md_vl_16m.a(stm32f10x_tim.o)
 .debug_abbrev  0x0000205b      0x232 .\libstm32f10x_md_vl_16m.a(stm32f10x_usart.o)

.debug_aranges  0x00000000      0xac0
 .debug_aranges
                0x00000000       0x28 c:/yagarto/cmsis_cm3_v361/_startup/startup_stm32f10x_md_vl.o
 .debug_aranges
                0x00000028       0x28 main.o
 .debug_aranges
                0x00000050       0x80 stm32f10x_it.o
 .debug_aranges
                0x000000d0       0x48 _libs/misc.o
 .debug_aranges
                0x00000118       0x60 _libs/syscall.o
 .debug_aranges
                0x00000178       0x30 hw/adc_f1.o
 .debug_aranges
                0x000001a8       0x28 hw/dac_f1.o
 .debug_aranges
                0x000001d0       0x48 hw/timer.o
 .debug_aranges
                0x00000218       0x48 hw/usart_f1.o
 .debug_aranges
                0x00000260       0x30 app/batt.o
 .debug_aranges
                0x00000290       0x40 .\libstm32f10x_md_vl_16m.a(misc.o)
 .debug_aranges
                0x000002d0      0x138 .\libstm32f10x_md_vl_16m.a(stm32f10x_adc.o)
 .debug_aranges
                0x00000408       0xa0 .\libstm32f10x_md_vl_16m.a(stm32f10x_dac.o)
 .debug_aranges
                0x000004a8       0x70 .\libstm32f10x_md_vl_16m.a(stm32f10x_dma.o)
 .debug_aranges
                0x00000518       0xa8 .\libstm32f10x_md_vl_16m.a(stm32f10x_gpio.o)
 .debug_aranges
                0x000005c0      0x120 .\libstm32f10x_md_vl_16m.a(stm32f10x_rcc.o)
 .debug_aranges
                0x000006e0      0x2e0 .\libstm32f10x_md_vl_16m.a(stm32f10x_tim.o)
 .debug_aranges
                0x000009c0      0x100 .\libstm32f10x_md_vl_16m.a(stm32f10x_usart.o)

.debug_ranges   0x00000000      0xa40
 .debug_ranges  0x00000000       0x20 c:/yagarto/cmsis_cm3_v361/_startup/startup_stm32f10x_md_vl.o
 .debug_ranges  0x00000020       0x60 main.o
 .debug_ranges  0x00000080       0x70 stm32f10x_it.o
 .debug_ranges  0x000000f0       0x50 _libs/misc.o
 .debug_ranges  0x00000140       0x50 _libs/syscall.o
 .debug_ranges  0x00000190       0x20 hw/adc_f1.o
 .debug_ranges  0x000001b0       0x18 hw/dac_f1.o
 .debug_ranges  0x000001c8       0x38 hw/timer.o
 .debug_ranges  0x00000200       0x38 hw/usart_f1.o
 .debug_ranges  0x00000238       0x20 app/batt.o
 .debug_ranges  0x00000258       0x30 .\libstm32f10x_md_vl_16m.a(misc.o)
 .debug_ranges  0x00000288      0x128 .\libstm32f10x_md_vl_16m.a(stm32f10x_adc.o)
 .debug_ranges  0x000003b0       0x90 .\libstm32f10x_md_vl_16m.a(stm32f10x_dac.o)
 .debug_ranges  0x00000440       0x60 .\libstm32f10x_md_vl_16m.a(stm32f10x_dma.o)
 .debug_ranges  0x000004a0       0x98 .\libstm32f10x_md_vl_16m.a(stm32f10x_gpio.o)
 .debug_ranges  0x00000538      0x110 .\libstm32f10x_md_vl_16m.a(stm32f10x_rcc.o)
 .debug_ranges  0x00000648      0x308 .\libstm32f10x_md_vl_16m.a(stm32f10x_tim.o)
 .debug_ranges  0x00000950       0xf0 .\libstm32f10x_md_vl_16m.a(stm32f10x_usart.o)

.debug_loc      0x00000000     0x54e4
 .debug_loc     0x00000000       0x40 main.o
 .debug_loc     0x00000040       0x84 stm32f10x_it.o
 .debug_loc     0x000000c4      0x187 _libs/misc.o
 .debug_loc     0x0000024b      0x1bb _libs/syscall.o
 .debug_loc     0x00000406       0x6d hw/adc_f1.o
 .debug_loc     0x00000473       0xab hw/dac_f1.o
 .debug_loc     0x0000051e      0x13b hw/timer.o
 .debug_loc     0x00000659      0x445 hw/usart_f1.o
 .debug_loc     0x00000a9e      0x1c8 app/batt.o
 .debug_loc     0x00000c66      0x190 .\libstm32f10x_md_vl_16m.a(misc.o)
 .debug_loc     0x00000df6      0xc2c .\libstm32f10x_md_vl_16m.a(stm32f10x_adc.o)
 .debug_loc     0x00001a22      0x49d .\libstm32f10x_md_vl_16m.a(stm32f10x_dac.o)
 .debug_loc     0x00001ebf      0x1a3 .\libstm32f10x_md_vl_16m.a(stm32f10x_dma.o)
 .debug_loc     0x00002062      0x5d6 .\libstm32f10x_md_vl_16m.a(stm32f10x_gpio.o)
 .debug_loc     0x00002638      0x754 .\libstm32f10x_md_vl_16m.a(stm32f10x_rcc.o)
 .debug_loc     0x00002d8c     0x1f09 .\libstm32f10x_md_vl_16m.a(stm32f10x_tim.o)
 .debug_loc     0x00004c95      0x84f .\libstm32f10x_md_vl_16m.a(stm32f10x_usart.o)

.debug_str      0x00000000     0x2f27
 .debug_str     0x00000000      0x656 main.o
                                0x6cc (size before relaxing)
 .debug_str     0x00000656      0x1ac stm32f10x_it.o
                                0x394 (size before relaxing)
 .debug_str     0x00000802      0x660 _libs/misc.o
                                0x85d (size before relaxing)
 .debug_str     0x00000e62      0x16e _libs/syscall.o
                                0x3ab (size before relaxing)
 .debug_str     0x00000fd0      0x252 hw/adc_f1.o
                                0xa29 (size before relaxing)
 .debug_str     0x00001222       0x6b hw/dac_f1.o
                                0x415 (size before relaxing)
 .debug_str     0x0000128d      0x1f5 hw/timer.o
                                0x7fe (size before relaxing)
 .debug_str     0x00001482      0x200 hw/usart_f1.o
                                0xaf8 (size before relaxing)
 .debug_str     0x00001682       0x3e app/batt.o
                                0x225 (size before relaxing)
 .debug_str     0x000016c0       0xe9 .\libstm32f10x_md_vl_16m.a(misc.o)
                                0x3ec (size before relaxing)
 .debug_str     0x000017a9      0x39a .\libstm32f10x_md_vl_16m.a(stm32f10x_adc.o)
                                0x740 (size before relaxing)
 .debug_str     0x00001b43      0x1c7 .\libstm32f10x_md_vl_16m.a(stm32f10x_dac.o)
                                0x488 (size before relaxing)
 .debug_str     0x00001d0a       0x92 .\libstm32f10x_md_vl_16m.a(stm32f10x_dma.o)
                                0x3e5 (size before relaxing)
 .debug_str     0x00001d9c      0x1fa .\libstm32f10x_md_vl_16m.a(stm32f10x_gpio.o)
                                0x55e (size before relaxing)
 .debug_str     0x00001f96      0x30d .\libstm32f10x_md_vl_16m.a(stm32f10x_rcc.o)
                                0x69b (size before relaxing)
 .debug_str     0x000022a3      0x9b6 .\libstm32f10x_md_vl_16m.a(stm32f10x_tim.o)
                                0xe39 (size before relaxing)
 .debug_str     0x00002c59      0x2ce .\libstm32f10x_md_vl_16m.a(stm32f10x_usart.o)
                                0x6fe (size before relaxing)

.comment        0x00000000       0x70
 .comment       0x00000000       0x70 main.o
                                 0x71 (size before relaxing)
 .comment       0x00000000       0x71 stm32f10x_it.o
 .comment       0x00000000       0x71 _libs/misc.o
 .comment       0x00000000       0x71 _libs/syscall.o
 .comment       0x00000000       0x71 hw/adc_f1.o
 .comment       0x00000000       0x71 hw/dac_f1.o
 .comment       0x00000000       0x71 hw/timer.o
 .comment       0x00000000       0x71 hw/usart_f1.o
 .comment       0x00000000       0x71 app/batt.o
 .comment       0x00000000       0x71 .\libstm32f10x_md_vl_16m.a(misc.o)
 .comment       0x00000000       0x71 .\libstm32f10x_md_vl_16m.a(stm32f10x_adc.o)
 .comment       0x00000000       0x71 .\libstm32f10x_md_vl_16m.a(stm32f10x_dac.o)
 .comment       0x00000000       0x71 .\libstm32f10x_md_vl_16m.a(stm32f10x_dma.o)
 .comment       0x00000000       0x71 .\libstm32f10x_md_vl_16m.a(stm32f10x_gpio.o)
 .comment       0x00000000       0x71 .\libstm32f10x_md_vl_16m.a(stm32f10x_rcc.o)
 .comment       0x00000000       0x71 .\libstm32f10x_md_vl_16m.a(stm32f10x_tim.o)
 .comment       0x00000000       0x71 .\libstm32f10x_md_vl_16m.a(stm32f10x_usart.o)

.debug_frame    0x00000000     0x25e0
 .debug_frame   0x00000000       0x48 main.o
 .debug_frame   0x00000048      0x110 stm32f10x_it.o
 .debug_frame   0x00000158       0x9c _libs/misc.o
 .debug_frame   0x000001f4       0xb0 _libs/syscall.o
 .debug_frame   0x000002a4       0x70 hw/adc_f1.o
 .debug_frame   0x00000314       0x54 hw/dac_f1.o
 .debug_frame   0x00000368       0xb0 hw/timer.o
 .debug_frame   0x00000418      0x108 hw/usart_f1.o
 .debug_frame   0x00000520       0x78 app/batt.o
 .debug_frame   0x00000598       0x6c .\libstm32f10x_md_vl_16m.a(misc.o)
 .debug_frame   0x00000604      0x2a0 .\libstm32f10x_md_vl_16m.a(stm32f10x_adc.o)
 .debug_frame   0x000008a4      0x154 .\libstm32f10x_md_vl_16m.a(stm32f10x_dac.o)
 .debug_frame   0x000009f8       0xcc .\libstm32f10x_md_vl_16m.a(stm32f10x_dma.o)
 .debug_frame   0x00000ac4      0x184 .\libstm32f10x_md_vl_16m.a(stm32f10x_gpio.o)
 .debug_frame   0x00000c48      0x238 .\libstm32f10x_md_vl_16m.a(stm32f10x_rcc.o)
 .debug_frame   0x00000e80      0x70c .\libstm32f10x_md_vl_16m.a(stm32f10x_tim.o)
 .debug_frame   0x0000158c      0x23c .\libstm32f10x_md_vl_16m.a(stm32f10x_usart.o)
 .debug_frame   0x000017c8       0x30 c:/yagarto/bin/../lib/gcc/arm-none-eabi/4.9.3/../../../../arm-none-eabi/lib/armv7-m\libc_nano.a(lib_a-malloc.o)
 .debug_frame   0x000017f8       0x28 c:/yagarto/bin/../lib/gcc/arm-none-eabi/4.9.3/../../../../arm-none-eabi/lib/armv7-m\libc_nano.a(lib_a-memcpy.o)
 .debug_frame   0x00001820       0x20 c:/yagarto/bin/../lib/gcc/arm-none-eabi/4.9.3/../../../../arm-none-eabi/lib/armv7-m\libc_nano.a(lib_a-memset.o)
 .debug_frame   0x00001840       0x2c c:/yagarto/bin/../lib/gcc/arm-none-eabi/4.9.3/../../../../arm-none-eabi/lib/armv7-m\libc_nano.a(lib_a-nano-freer.o)
 .debug_frame   0x0000186c       0x2c c:/yagarto/bin/../lib/gcc/arm-none-eabi/4.9.3/../../../../arm-none-eabi/lib/armv7-m\libc_nano.a(lib_a-nano-mallocr.o)
 .debug_frame   0x00001898       0x8c c:/yagarto/bin/../lib/gcc/arm-none-eabi/4.9.3/../../../../arm-none-eabi/lib/armv7-m\libc_nano.a(lib_a-nano-vfprintf_float.o)
 .debug_frame   0x00001924       0x58 c:/yagarto/bin/../lib/gcc/arm-none-eabi/4.9.3/../../../../arm-none-eabi/lib/armv7-m\libc_nano.a(lib_a-nano-vfprintf_i.o)
 .debug_frame   0x0000197c       0x74 c:/yagarto/bin/../lib/gcc/arm-none-eabi/4.9.3/../../../../arm-none-eabi/lib/armv7-m\libc_nano.a(lib_a-printf.o)
 .debug_frame   0x000019f0       0x28 c:/yagarto/bin/../lib/gcc/arm-none-eabi/4.9.3/../../../../arm-none-eabi/lib/armv7-m\libc_nano.a(lib_a-s_fpclassify.o)
 .debug_frame   0x00001a18       0x2c c:/yagarto/bin/../lib/gcc/arm-none-eabi/4.9.3/../../../../arm-none-eabi/lib/armv7-m\libc_nano.a(lib_a-sbrkr.o)
 .debug_frame   0x00001a44       0x80 c:/yagarto/bin/../lib/gcc/arm-none-eabi/4.9.3/../../../../arm-none-eabi/lib/armv7-m\libc_nano.a(lib_a-sscanf.o)
 .debug_frame   0x00001ac4       0x88 c:/yagarto/bin/../lib/gcc/arm-none-eabi/4.9.3/../../../../arm-none-eabi/lib/armv7-m\libc_nano.a(lib_a-stdio.o)
 .debug_frame   0x00001b4c       0x20 c:/yagarto/bin/../lib/gcc/arm-none-eabi/4.9.3/../../../../arm-none-eabi/lib/armv7-m\libc_nano.a(lib_a-strlen.o)
 .debug_frame   0x00001b6c       0x2c c:/yagarto/bin/../lib/gcc/arm-none-eabi/4.9.3/../../../../arm-none-eabi/lib/armv7-m\libc_nano.a(lib_a-writer.o)
 .debug_frame   0x00001b98       0x2c c:/yagarto/bin/../lib/gcc/arm-none-eabi/4.9.3/../../../../arm-none-eabi/lib/armv7-m\libc_nano.a(lib_a-closer.o)
 .debug_frame   0x00001bc4       0x6c c:/yagarto/bin/../lib/gcc/arm-none-eabi/4.9.3/../../../../arm-none-eabi/lib/armv7-m\libc_nano.a(lib_a-dtoa.o)
 .debug_frame   0x00001c30      0x11c c:/yagarto/bin/../lib/gcc/arm-none-eabi/4.9.3/../../../../arm-none-eabi/lib/armv7-m\libc_nano.a(lib_a-findfp.o)
 .debug_frame   0x00001d4c       0x54 c:/yagarto/bin/../lib/gcc/arm-none-eabi/4.9.3/../../../../arm-none-eabi/lib/armv7-m\libc_nano.a(lib_a-fwalk.o)
 .debug_frame   0x00001da0       0x98 c:/yagarto/bin/../lib/gcc/arm-none-eabi/4.9.3/../../../../arm-none-eabi/lib/armv7-m\libc_nano.a(lib_a-locale.o)
 .debug_frame   0x00001e38       0x2c c:/yagarto/bin/../lib/gcc/arm-none-eabi/4.9.3/../../../../arm-none-eabi/lib/armv7-m\libc_nano.a(lib_a-lseekr.o)
 .debug_frame   0x00001e64       0x28 c:/yagarto/bin/../lib/gcc/arm-none-eabi/4.9.3/../../../../arm-none-eabi/lib/armv7-m\libc_nano.a(lib_a-memchr.o)
 .debug_frame   0x00001e8c      0x230 c:/yagarto/bin/../lib/gcc/arm-none-eabi/4.9.3/../../../../arm-none-eabi/lib/armv7-m\libc_nano.a(lib_a-mprec.o)
 .debug_frame   0x000020bc       0x2c c:/yagarto/bin/../lib/gcc/arm-none-eabi/4.9.3/../../../../arm-none-eabi/lib/armv7-m\libc_nano.a(lib_a-nano-callocr.o)
 .debug_frame   0x000020e8       0x70 c:/yagarto/bin/../lib/gcc/arm-none-eabi/4.9.3/../../../../arm-none-eabi/lib/armv7-m\libc_nano.a(lib_a-nano-svfscanf.o)
 .debug_frame   0x00002158       0xb8 c:/yagarto/bin/../lib/gcc/arm-none-eabi/4.9.3/../../../../arm-none-eabi/lib/armv7-m\libc_nano.a(lib_a-nano-vfprintf.o)
 .debug_frame   0x00002210       0x5c c:/yagarto/bin/../lib/gcc/arm-none-eabi/4.9.3/../../../../arm-none-eabi/lib/armv7-m\libc_nano.a(lib_a-nano-vfscanf_i.o)
 .debug_frame   0x0000226c       0x2c c:/yagarto/bin/../lib/gcc/arm-none-eabi/4.9.3/../../../../arm-none-eabi/lib/armv7-m\libc_nano.a(lib_a-readr.o)
 .debug_frame   0x00002298       0x5c c:/yagarto/bin/../lib/gcc/arm-none-eabi/4.9.3/../../../../arm-none-eabi/lib/armv7-m\libc_nano.a(lib_a-reent.o)
 .debug_frame   0x000022f4       0x30 c:/yagarto/bin/../lib/gcc/arm-none-eabi/4.9.3/../../../../arm-none-eabi/lib/armv7-m\libc_nano.a(lib_a-sccl.o)
 .debug_frame   0x00002324       0x54 c:/yagarto/bin/../lib/gcc/arm-none-eabi/4.9.3/../../../../arm-none-eabi/lib/armv7-m\libc_nano.a(lib_a-strtol.o)
 .debug_frame   0x00002378       0x54 c:/yagarto/bin/../lib/gcc/arm-none-eabi/4.9.3/../../../../arm-none-eabi/lib/armv7-m\libc_nano.a(lib_a-strtoul.o)
 .debug_frame   0x000023cc       0x5c c:/yagarto/bin/../lib/gcc/arm-none-eabi/4.9.3/../../../../arm-none-eabi/lib/armv7-m\libc_nano.a(lib_a-ungetc.o)
 .debug_frame   0x00002428       0x3c c:/yagarto/bin/../lib/gcc/arm-none-eabi/4.9.3/../../../../arm-none-eabi/lib/armv7-m\libc_nano.a(lib_a-wbuf.o)
 .debug_frame   0x00002464       0x2c c:/yagarto/bin/../lib/gcc/arm-none-eabi/4.9.3/../../../../arm-none-eabi/lib/armv7-m\libc_nano.a(lib_a-wsetup.o)
 .debug_frame   0x00002490       0x68 c:/yagarto/bin/../lib/gcc/arm-none-eabi/4.9.3/../../../../arm-none-eabi/lib/armv7-m\libc_nano.a(lib_a-fflush.o)
 .debug_frame   0x000024f8       0x34 c:/yagarto/bin/../lib/gcc/arm-none-eabi/4.9.3/../../../../arm-none-eabi/lib/armv7-m\libc_nano.a(lib_a-makebuf.o)
 .debug_frame   0x0000252c       0x3c c:/yagarto/bin/../lib/gcc/arm-none-eabi/4.9.3/../../../../arm-none-eabi/lib/armv7-m\libc_nano.a(lib_a-nano-reallocr.o)
 .debug_frame   0x00002568       0x2c c:/yagarto/bin/../lib/gcc/arm-none-eabi/4.9.3/../../../../arm-none-eabi/lib/armv7-m\libc_nano.a(lib_a-fstatr.o)
 .debug_frame   0x00002594       0x2c c:/yagarto/bin/../lib/gcc/arm-none-eabi/4.9.3/../../../../arm-none-eabi/lib/armv7-m\libc_nano.a(lib_a-isattyr.o)
 .debug_frame   0x000025c0       0x20 c:/yagarto/bin/../lib/gcc/arm-none-eabi/4.9.3/../../../../arm-none-eabi/lib/armv7-m\libc_nano.a(lib_a-nano-msizer.o)

Cross Reference Table

Symbol                                            File
ADC1_IRQHandler                                   c:/yagarto/cmsis_cm3_v361/_startup/startup_stm32f10x_md_vl.o
ADCDMA_Conv_Complete_IRQHandler                   hw/adc_f1.o
                                                  stm32f10x_it.o
ADC_AnalogWatchdogCmd                             .\libstm32f10x_md_vl_16m.a(stm32f10x_adc.o)
ADC_AnalogWatchdogSingleChannelConfig             .\libstm32f10x_md_vl_16m.a(stm32f10x_adc.o)
ADC_AnalogWatchdogThresholdsConfig                .\libstm32f10x_md_vl_16m.a(stm32f10x_adc.o)
ADC_AutoInjectedConvCmd                           .\libstm32f10x_md_vl_16m.a(stm32f10x_adc.o)
ADC_ClearFlag                                     .\libstm32f10x_md_vl_16m.a(stm32f10x_adc.o)
ADC_ClearITPendingBit                             .\libstm32f10x_md_vl_16m.a(stm32f10x_adc.o)
ADC_Cmd                                           .\libstm32f10x_md_vl_16m.a(stm32f10x_adc.o)
                                                  hw/adc_f1.o
ADC_Config                                        hw/adc_f1.o
                                                  main.o
ADC_DMACmd                                        .\libstm32f10x_md_vl_16m.a(stm32f10x_adc.o)
                                                  hw/adc_f1.o
ADC_DeInit                                        .\libstm32f10x_md_vl_16m.a(stm32f10x_adc.o)
                                                  hw/adc_f1.o
ADC_DiscModeChannelCountConfig                    .\libstm32f10x_md_vl_16m.a(stm32f10x_adc.o)
ADC_DiscModeCmd                                   .\libstm32f10x_md_vl_16m.a(stm32f10x_adc.o)
ADC_ExternalTrigConvCmd                           .\libstm32f10x_md_vl_16m.a(stm32f10x_adc.o)
ADC_ExternalTrigInjectedConvCmd                   .\libstm32f10x_md_vl_16m.a(stm32f10x_adc.o)
ADC_ExternalTrigInjectedConvConfig                .\libstm32f10x_md_vl_16m.a(stm32f10x_adc.o)
ADC_GetCalibrationStatus                          .\libstm32f10x_md_vl_16m.a(stm32f10x_adc.o)
                                                  hw/adc_f1.o
ADC_GetConversionValue                            .\libstm32f10x_md_vl_16m.a(stm32f10x_adc.o)
ADC_GetDualModeConversionValue                    .\libstm32f10x_md_vl_16m.a(stm32f10x_adc.o)
ADC_GetFlagStatus                                 .\libstm32f10x_md_vl_16m.a(stm32f10x_adc.o)
ADC_GetITStatus                                   .\libstm32f10x_md_vl_16m.a(stm32f10x_adc.o)
ADC_GetInjectedConversionValue                    .\libstm32f10x_md_vl_16m.a(stm32f10x_adc.o)
ADC_GetResetCalibrationStatus                     .\libstm32f10x_md_vl_16m.a(stm32f10x_adc.o)
                                                  hw/adc_f1.o
ADC_GetResult                                     hw/adc_f1.o
                                                  app/batt.o
ADC_GetSoftwareStartConvStatus                    .\libstm32f10x_md_vl_16m.a(stm32f10x_adc.o)
ADC_GetSoftwareStartInjectedConvCmdStatus         .\libstm32f10x_md_vl_16m.a(stm32f10x_adc.o)
ADC_ITConfig                                      .\libstm32f10x_md_vl_16m.a(stm32f10x_adc.o)
ADC_Init                                          .\libstm32f10x_md_vl_16m.a(stm32f10x_adc.o)
                                                  hw/adc_f1.o
ADC_InitStructure                                 _libs/misc.o
ADC_InjectedChannelConfig                         .\libstm32f10x_md_vl_16m.a(stm32f10x_adc.o)
ADC_InjectedDiscModeCmd                           .\libstm32f10x_md_vl_16m.a(stm32f10x_adc.o)
ADC_InjectedSequencerLengthConfig                 .\libstm32f10x_md_vl_16m.a(stm32f10x_adc.o)
ADC_RegularChannelConfig                          .\libstm32f10x_md_vl_16m.a(stm32f10x_adc.o)
                                                  hw/adc_f1.o
ADC_ResetCalibration                              .\libstm32f10x_md_vl_16m.a(stm32f10x_adc.o)
                                                  hw/adc_f1.o
ADC_SetInjectedOffset                             .\libstm32f10x_md_vl_16m.a(stm32f10x_adc.o)
ADC_SoftwareStartConvCmd                          .\libstm32f10x_md_vl_16m.a(stm32f10x_adc.o)
                                                  hw/adc_f1.o
ADC_SoftwareStartInjectedConvCmd                  .\libstm32f10x_md_vl_16m.a(stm32f10x_adc.o)
ADC_StartCalibration                              .\libstm32f10x_md_vl_16m.a(stm32f10x_adc.o)
                                                  hw/adc_f1.o
ADC_StructInit                                    .\libstm32f10x_md_vl_16m.a(stm32f10x_adc.o)
                                                  hw/adc_f1.o
ADC_TempSensorVrefintCmd                          .\libstm32f10x_md_vl_16m.a(stm32f10x_adc.o)
BATT_Measure                                      app/batt.o
BATT_Parse                                        app/batt.o
                                                  hw/usart_f1.o
BATT_ViewVoltage                                  app/batt.o
                                                  hw/timer.o
BusFault_Handler                                  stm32f10x_it.o
                                                  c:/yagarto/cmsis_cm3_v361/_startup/startup_stm32f10x_md_vl.o
ByteReverse                                       _libs/misc.o
ByteReverseTable                                  _libs/misc.o
CEC_IRQHandler                                    c:/yagarto/cmsis_cm3_v361/_startup/startup_stm32f10x_md_vl.o
DAC_ClearFlag                                     .\libstm32f10x_md_vl_16m.a(stm32f10x_dac.o)
DAC_ClearITPendingBit                             .\libstm32f10x_md_vl_16m.a(stm32f10x_dac.o)
DAC_Cmd                                           .\libstm32f10x_md_vl_16m.a(stm32f10x_dac.o)
                                                  hw/dac_f1.o
DAC_Config                                        hw/dac_f1.o
                                                  main.o
DAC_CurrentSet                                    hw/dac_f1.o
                                                  app/batt.o
DAC_DMACmd                                        .\libstm32f10x_md_vl_16m.a(stm32f10x_dac.o)
DAC_DeInit                                        .\libstm32f10x_md_vl_16m.a(stm32f10x_dac.o)
DAC_DualSoftwareTriggerCmd                        .\libstm32f10x_md_vl_16m.a(stm32f10x_dac.o)
DAC_GetDataOutputValue                            .\libstm32f10x_md_vl_16m.a(stm32f10x_dac.o)
DAC_GetFlagStatus                                 .\libstm32f10x_md_vl_16m.a(stm32f10x_dac.o)
DAC_GetITStatus                                   .\libstm32f10x_md_vl_16m.a(stm32f10x_dac.o)
DAC_ITConfig                                      .\libstm32f10x_md_vl_16m.a(stm32f10x_dac.o)
DAC_Init                                          .\libstm32f10x_md_vl_16m.a(stm32f10x_dac.o)
                                                  hw/dac_f1.o
DAC_InitStructure                                 _libs/misc.o
DAC_SetChannel1Data                               .\libstm32f10x_md_vl_16m.a(stm32f10x_dac.o)
                                                  hw/dac_f1.o
DAC_SetChannel2Data                               .\libstm32f10x_md_vl_16m.a(stm32f10x_dac.o)
DAC_SetDualChannelData                            .\libstm32f10x_md_vl_16m.a(stm32f10x_dac.o)
DAC_SoftwareTriggerCmd                            .\libstm32f10x_md_vl_16m.a(stm32f10x_dac.o)
DAC_StructInit                                    .\libstm32f10x_md_vl_16m.a(stm32f10x_dac.o)
                                                  hw/dac_f1.o
DAC_WaveGenerationCmd                             .\libstm32f10x_md_vl_16m.a(stm32f10x_dac.o)
DMA1_Channel1_IRQHandler                          stm32f10x_it.o
                                                  c:/yagarto/cmsis_cm3_v361/_startup/startup_stm32f10x_md_vl.o
DMA1_Channel2_IRQHandler                          c:/yagarto/cmsis_cm3_v361/_startup/startup_stm32f10x_md_vl.o
DMA1_Channel3_IRQHandler                          c:/yagarto/cmsis_cm3_v361/_startup/startup_stm32f10x_md_vl.o
DMA1_Channel4_IRQHandler                          c:/yagarto/cmsis_cm3_v361/_startup/startup_stm32f10x_md_vl.o
DMA1_Channel5_IRQHandler                          c:/yagarto/cmsis_cm3_v361/_startup/startup_stm32f10x_md_vl.o
DMA1_Channel6_IRQHandler                          c:/yagarto/cmsis_cm3_v361/_startup/startup_stm32f10x_md_vl.o
DMA1_Channel7_IRQHandler                          c:/yagarto/cmsis_cm3_v361/_startup/startup_stm32f10x_md_vl.o
DMA_ClearFlag                                     .\libstm32f10x_md_vl_16m.a(stm32f10x_dma.o)
DMA_ClearITPendingBit                             .\libstm32f10x_md_vl_16m.a(stm32f10x_dma.o)
                                                  hw/adc_f1.o
                                                  stm32f10x_it.o
DMA_Cmd                                           .\libstm32f10x_md_vl_16m.a(stm32f10x_dma.o)
                                                  hw/usart_f1.o
                                                  hw/adc_f1.o
DMA_DeInit                                        .\libstm32f10x_md_vl_16m.a(stm32f10x_dma.o)
                                                  hw/usart_f1.o
                                                  hw/adc_f1.o
DMA_GetCurrDataCounter                            .\libstm32f10x_md_vl_16m.a(stm32f10x_dma.o)
                                                  hw/usart_f1.o
DMA_GetFlagStatus                                 .\libstm32f10x_md_vl_16m.a(stm32f10x_dma.o)
DMA_GetITStatus                                   .\libstm32f10x_md_vl_16m.a(stm32f10x_dma.o)
DMA_ITConfig                                      .\libstm32f10x_md_vl_16m.a(stm32f10x_dma.o)
                                                  hw/adc_f1.o
DMA_Init                                          .\libstm32f10x_md_vl_16m.a(stm32f10x_dma.o)
                                                  hw/usart_f1.o
                                                  hw/adc_f1.o
DMA_InitStructure                                 _libs/misc.o
DMA_SetCurrDataCounter                            .\libstm32f10x_md_vl_16m.a(stm32f10x_dma.o)
                                                  hw/usart_f1.o
DMA_StructInit                                    .\libstm32f10x_md_vl_16m.a(stm32f10x_dma.o)
                                                  hw/adc_f1.o
DebugMon_Handler                                  stm32f10x_it.o
                                                  c:/yagarto/cmsis_cm3_v361/_startup/startup_stm32f10x_md_vl.o
Default_Handler                                   c:/yagarto/cmsis_cm3_v361/_startup/startup_stm32f10x_md_vl.o
EXTI0_IRQHandler                                  c:/yagarto/cmsis_cm3_v361/_startup/startup_stm32f10x_md_vl.o
EXTI15_10_IRQHandler                              c:/yagarto/cmsis_cm3_v361/_startup/startup_stm32f10x_md_vl.o
EXTI1_IRQHandler                                  c:/yagarto/cmsis_cm3_v361/_startup/startup_stm32f10x_md_vl.o
EXTI2_IRQHandler                                  c:/yagarto/cmsis_cm3_v361/_startup/startup_stm32f10x_md_vl.o
EXTI3_IRQHandler                                  c:/yagarto/cmsis_cm3_v361/_startup/startup_stm32f10x_md_vl.o
EXTI4_IRQHandler                                  c:/yagarto/cmsis_cm3_v361/_startup/startup_stm32f10x_md_vl.o
EXTI9_5_IRQHandler                                c:/yagarto/cmsis_cm3_v361/_startup/startup_stm32f10x_md_vl.o
EXTI_InitStructure                                _libs/misc.o
FLASH_IRQHandler                                  c:/yagarto/cmsis_cm3_v361/_startup/startup_stm32f10x_md_vl.o
GPIO_AFIODeInit                                   .\libstm32f10x_md_vl_16m.a(stm32f10x_gpio.o)
GPIO_DeInit                                       .\libstm32f10x_md_vl_16m.a(stm32f10x_gpio.o)
GPIO_ETH_MediaInterfaceConfig                     .\libstm32f10x_md_vl_16m.a(stm32f10x_gpio.o)
GPIO_EXTILineConfig                               .\libstm32f10x_md_vl_16m.a(stm32f10x_gpio.o)
GPIO_EventOutputCmd                               .\libstm32f10x_md_vl_16m.a(stm32f10x_gpio.o)
GPIO_EventOutputConfig                            .\libstm32f10x_md_vl_16m.a(stm32f10x_gpio.o)
GPIO_Init                                         .\libstm32f10x_md_vl_16m.a(stm32f10x_gpio.o)
                                                  hw/usart_f1.o
                                                  hw/dac_f1.o
                                                  hw/adc_f1.o
GPIO_InitStructure                                _libs/misc.o
GPIO_PinLockConfig                                .\libstm32f10x_md_vl_16m.a(stm32f10x_gpio.o)
GPIO_PinRemapConfig                               .\libstm32f10x_md_vl_16m.a(stm32f10x_gpio.o)
                                                  hw/usart_f1.o
GPIO_ReadInputData                                .\libstm32f10x_md_vl_16m.a(stm32f10x_gpio.o)
GPIO_ReadInputDataBit                             .\libstm32f10x_md_vl_16m.a(stm32f10x_gpio.o)
GPIO_ReadOutputData                               .\libstm32f10x_md_vl_16m.a(stm32f10x_gpio.o)
GPIO_ReadOutputDataBit                            .\libstm32f10x_md_vl_16m.a(stm32f10x_gpio.o)
GPIO_ResetBits                                    .\libstm32f10x_md_vl_16m.a(stm32f10x_gpio.o)
GPIO_SetBits                                      .\libstm32f10x_md_vl_16m.a(stm32f10x_gpio.o)
GPIO_StructInit                                   .\libstm32f10x_md_vl_16m.a(stm32f10x_gpio.o)
                                                  hw/usart_f1.o
                                                  hw/dac_f1.o
                                                  hw/adc_f1.o
GPIO_Write                                        .\libstm32f10x_md_vl_16m.a(stm32f10x_gpio.o)
GPIO_WriteBit                                     .\libstm32f10x_md_vl_16m.a(stm32f10x_gpio.o)
GetMsCounter                                      stm32f10x_it.o
HardFault_Handler                                 stm32f10x_it.o
                                                  c:/yagarto/cmsis_cm3_v361/_startup/startup_stm32f10x_md_vl.o
I2C1_ER_IRQHandler                                c:/yagarto/cmsis_cm3_v361/_startup/startup_stm32f10x_md_vl.o
I2C1_EV_IRQHandler                                c:/yagarto/cmsis_cm3_v361/_startup/startup_stm32f10x_md_vl.o
I2C2_ER_IRQHandler                                c:/yagarto/cmsis_cm3_v361/_startup/startup_stm32f10x_md_vl.o
I2C2_EV_IRQHandler                                c:/yagarto/cmsis_cm3_v361/_startup/startup_stm32f10x_md_vl.o
MemManage_Handler                                 stm32f10x_it.o
                                                  c:/yagarto/cmsis_cm3_v361/_startup/startup_stm32f10x_md_vl.o
NMI_Handler                                       stm32f10x_it.o
                                                  c:/yagarto/cmsis_cm3_v361/_startup/startup_stm32f10x_md_vl.o
NVIC_Init                                         .\libstm32f10x_md_vl_16m.a(misc.o)
                                                  hw/usart_f1.o
                                                  hw/timer.o
                                                  hw/adc_f1.o
NVIC_InitStructure                                _libs/misc.o
NVIC_PriorityGroupConfig                          .\libstm32f10x_md_vl_16m.a(misc.o)
NVIC_SetVectorTable                               .\libstm32f10x_md_vl_16m.a(misc.o)
                                                  main.o
NVIC_SystemLPConfig                               .\libstm32f10x_md_vl_16m.a(misc.o)
PPP_IRQHandler                                    stm32f10x_it.o
PVD_IRQHandler                                    c:/yagarto/cmsis_cm3_v361/_startup/startup_stm32f10x_md_vl.o
PendSV_Handler                                    stm32f10x_it.o
                                                  c:/yagarto/cmsis_cm3_v361/_startup/startup_stm32f10x_md_vl.o
RCC_ADCCLKConfig                                  .\libstm32f10x_md_vl_16m.a(stm32f10x_rcc.o)
                                                  hw/adc_f1.o
RCC_AHBPeriphClockCmd                             .\libstm32f10x_md_vl_16m.a(stm32f10x_rcc.o)
                                                  hw/usart_f1.o
                                                  hw/adc_f1.o
RCC_APB1PeriphClockCmd                            .\libstm32f10x_md_vl_16m.a(stm32f10x_rcc.o)
                                                  hw/timer.o
                                                  hw/dac_f1.o
RCC_APB1PeriphResetCmd                            .\libstm32f10x_md_vl_16m.a(stm32f10x_rcc.o)
                                                  .\libstm32f10x_md_vl_16m.a(stm32f10x_usart.o)
                                                  .\libstm32f10x_md_vl_16m.a(stm32f10x_tim.o)
                                                  .\libstm32f10x_md_vl_16m.a(stm32f10x_dac.o)
RCC_APB2PeriphClockCmd                            .\libstm32f10x_md_vl_16m.a(stm32f10x_rcc.o)
                                                  hw/usart_f1.o
                                                  hw/dac_f1.o
                                                  hw/adc_f1.o
RCC_APB2PeriphResetCmd                            .\libstm32f10x_md_vl_16m.a(stm32f10x_rcc.o)
                                                  .\libstm32f10x_md_vl_16m.a(stm32f10x_usart.o)
                                                  .\libstm32f10x_md_vl_16m.a(stm32f10x_tim.o)
                                                  .\libstm32f10x_md_vl_16m.a(stm32f10x_gpio.o)
                                                  .\libstm32f10x_md_vl_16m.a(stm32f10x_adc.o)
RCC_AdjustHSICalibrationValue                     .\libstm32f10x_md_vl_16m.a(stm32f10x_rcc.o)
RCC_BackupResetCmd                                .\libstm32f10x_md_vl_16m.a(stm32f10x_rcc.o)
RCC_ClearFlag                                     .\libstm32f10x_md_vl_16m.a(stm32f10x_rcc.o)
RCC_ClearITPendingBit                             .\libstm32f10x_md_vl_16m.a(stm32f10x_rcc.o)