Archive member included because of file (symbol)

.\libstm32f072_8m.a(stm32f0xx_dac.o)
                              bsp/dac_f0.o (DAC_Init)
.\libstm32f072_8m.a(stm32f0xx_dma.o)
                              bsp/spi_f0.o (DMA_DeInit)
.\libstm32f072_8m.a(stm32f0xx_exti.o)
                              stm32f0xx_it.o (EXTI_GetITStatus)
.\libstm32f072_8m.a(stm32f0xx_flash.o)
                              main.o (FLASH_SetLatency)
.\libstm32f072_8m.a(stm32f0xx_gpio.o)
                              bsp/gpio_f0.o (GPIO_Init)
.\libstm32f072_8m.a(stm32f0xx_misc.o)
                              bsp/usart_f0.o (NVIC_Init)
.\libstm32f072_8m.a(stm32f0xx_rcc.o)
                              main.o (RCC_DeInit)
.\libstm32f072_8m.a(stm32f0xx_spi.o)
                              bsp/spi_f0.o (SPI_StructInit)
.\libstm32f072_8m.a(stm32f0xx_syscfg.o)
                              main.o (SYSCFG_MemoryRemapConfig)
.\libstm32f072_8m.a(stm32f0xx_tim.o)
                              bsp/timer_f0.o (TIM_TimeBaseInit)
.\libstm32f072_8m.a(stm32f0xx_usart.o)
                              bsp/usart_f0.o (USART_DeInit)
c:/yagarto/bin/../lib/gcc/arm-none-eabi/4.9.3/armv6-m\libgcc.a(_thumb1_case_uqi.o)
                              app/key.o (__gnu_thumb1_case_uqi)
c:/yagarto/bin/../lib/gcc/arm-none-eabi/4.9.3/armv6-m\libgcc.a(_udivsi3.o)
                              .\libstm32f072_8m.a(stm32f0xx_rcc.o) (__aeabi_uidiv)
c:/yagarto/bin/../lib/gcc/arm-none-eabi/4.9.3/armv6-m\libgcc.a(_divsi3.o)
                              stm32f0xx_it.o (__aeabi_idivmod)
c:/yagarto/bin/../lib/gcc/arm-none-eabi/4.9.3/armv6-m\libgcc.a(_dvmd_tls.o)
                              c:/yagarto/bin/../lib/gcc/arm-none-eabi/4.9.3/armv6-m\libgcc.a(_udivsi3.o) (__aeabi_idiv0)
c:/yagarto/bin/../lib/gcc/arm-none-eabi/4.9.3/armv6-m\libgcc.a(_arm_cmpdf2.o)
                              app/pid.o (__aeabi_dcmplt)
c:/yagarto/bin/../lib/gcc/arm-none-eabi/4.9.3/armv6-m\libgcc.a(_arm_cmpsf2.o)
                              bsp/current.o (__aeabi_fcmplt)
c:/yagarto/bin/../lib/gcc/arm-none-eabi/4.9.3/armv6-m\libgcc.a(_fixunsdfsi.o)
                              bsp/current.o (__aeabi_d2uiz)
c:/yagarto/bin/../lib/gcc/arm-none-eabi/4.9.3/armv6-m\libgcc.a(addsf3.o)
                              app/pid.o (__aeabi_fadd)
c:/yagarto/bin/../lib/gcc/arm-none-eabi/4.9.3/armv6-m\libgcc.a(eqsf2.o)
                              c:/yagarto/bin/../lib/gcc/arm-none-eabi/4.9.3/armv6-m\libgcc.a(_arm_cmpsf2.o) (__eqsf2)
c:/yagarto/bin/../lib/gcc/arm-none-eabi/4.9.3/armv6-m\libgcc.a(gesf2.o)
                              c:/yagarto/bin/../lib/gcc/arm-none-eabi/4.9.3/armv6-m\libgcc.a(_arm_cmpsf2.o) (__gesf2)
c:/yagarto/bin/../lib/gcc/arm-none-eabi/4.9.3/armv6-m\libgcc.a(lesf2.o)
                              c:/yagarto/bin/../lib/gcc/arm-none-eabi/4.9.3/armv6-m\libgcc.a(_arm_cmpsf2.o) (__lesf2)
c:/yagarto/bin/../lib/gcc/arm-none-eabi/4.9.3/armv6-m\libgcc.a(mulsf3.o)
                              app/disp.o (__aeabi_fmul)
c:/yagarto/bin/../lib/gcc/arm-none-eabi/4.9.3/armv6-m\libgcc.a(subsf3.o)
                              app/pid.o (__aeabi_fsub)
c:/yagarto/bin/../lib/gcc/arm-none-eabi/4.9.3/armv6-m\libgcc.a(fixsfsi.o)
                              app/pid.o (__aeabi_f2iz)
c:/yagarto/bin/../lib/gcc/arm-none-eabi/4.9.3/armv6-m\libgcc.a(floatsisf.o)
                              app/disp.o (__aeabi_i2f)
c:/yagarto/bin/../lib/gcc/arm-none-eabi/4.9.3/armv6-m\libgcc.a(divdf3.o)
                              bsp/current.o (__aeabi_ddiv)
c:/yagarto/bin/../lib/gcc/arm-none-eabi/4.9.3/armv6-m\libgcc.a(eqdf2.o)
                              c:/yagarto/bin/../lib/gcc/arm-none-eabi/4.9.3/armv6-m\libgcc.a(_arm_cmpdf2.o) (__eqdf2)
c:/yagarto/bin/../lib/gcc/arm-none-eabi/4.9.3/armv6-m\libgcc.a(gedf2.o)
                              c:/yagarto/bin/../lib/gcc/arm-none-eabi/4.9.3/armv6-m\libgcc.a(_arm_cmpdf2.o) (__gedf2)
c:/yagarto/bin/../lib/gcc/arm-none-eabi/4.9.3/armv6-m\libgcc.a(ledf2.o)
                              c:/yagarto/bin/../lib/gcc/arm-none-eabi/4.9.3/armv6-m\libgcc.a(_arm_cmpdf2.o) (__ledf2)
c:/yagarto/bin/../lib/gcc/arm-none-eabi/4.9.3/armv6-m\libgcc.a(muldf3.o)
                              bsp/current.o (__aeabi_dmul)
c:/yagarto/bin/../lib/gcc/arm-none-eabi/4.9.3/armv6-m\libgcc.a(subdf3.o)
                              c:/yagarto/bin/../lib/gcc/arm-none-eabi/4.9.3/armv6-m\libgcc.a(_fixunsdfsi.o) (__aeabi_dsub)
c:/yagarto/bin/../lib/gcc/arm-none-eabi/4.9.3/armv6-m\libgcc.a(fixdfsi.o)
                              c:/yagarto/bin/../lib/gcc/arm-none-eabi/4.9.3/armv6-m\libgcc.a(_fixunsdfsi.o) (__aeabi_d2iz)
c:/yagarto/bin/../lib/gcc/arm-none-eabi/4.9.3/armv6-m\libgcc.a(extendsfdf2.o)
                              app/disp.o (__aeabi_f2d)
c:/yagarto/bin/../lib/gcc/arm-none-eabi/4.9.3/armv6-m\libgcc.a(_clzsi2.o)
                              c:/yagarto/bin/../lib/gcc/arm-none-eabi/4.9.3/armv6-m\libgcc.a(addsf3.o) (__clzsi2)
[...]
Memory Configuration

Name             Origin             Length             Attributes
FLASH            0x08002800         0x0000d800         xr
RAM              0x20000100         0x00003f00         xrw
MEMORY_B1        0x60000000         0x00000000         xr
*default*        0x00000000         0xffffffff

Linker script and memory map

LOAD c:/yagarto/cmsis_cm0_v150/_startup/startup_stm32f072.o
LOAD main.o
LOAD stm32f0xx_it.o
LOAD _libs/misc.o
LOAD _libs/syscall.o
LOAD app/cli.o
LOAD app/conf.o
LOAD app/disp.o
LOAD app/flash_eeprom.o
LOAD app/key.o
LOAD app/menu.o
LOAD app/pid.o
LOAD app/strings.o
LOAD bsp/current.o
LOAD bsp/dac_f0.o
LOAD bsp/gpio_f0.o
LOAD bsp/spi_f0.o
LOAD bsp/timer_f0.o
LOAD bsp/usart_f0.o
LOAD drv/lcd12832.o
LOAD thirdparty/ugui/ugui.o
LOAD .\libstm32f072_8m.a
START GROUP
LOAD c:/yagarto/bin/../lib/gcc/arm-none-eabi/4.9.3/armv6-m\libgcc.a
LOAD c:/yagarto/bin/../lib/gcc/arm-none-eabi/4.9.3/../../../../arm-none-eabi/lib/armv6-m\libc_nano.a
END GROUP
START GROUP
LOAD c:/yagarto/bin/../lib/gcc/arm-none-eabi/4.9.3/armv6-m\libgcc.a
LOAD c:/yagarto/bin/../lib/gcc/arm-none-eabi/4.9.3/../../../../arm-none-eabi/lib/armv6-m\libc_nano.a
END GROUP
                0x00000000                _Min_Heap_Size = 0x0
                0x00000400                _Min_Stack_Size = 0x400
                0x20004000                _estack = (ORIGIN (RAM) + 0x3f00)

.isr_vector     0x08002800       0xc4
                0x08002800                . = ALIGN (0x4)
 *(.isr_vector)
 .isr_vector    0x08002800       0xc4 c:/yagarto/cmsis_cm0_v150/_startup/startup_stm32f072.o
                0x08002800                g_pfnVectors
                0x080028c4                . = ALIGN (0x4)

.text           0x080028c8     0x9770
                0x080028c8                . = ALIGN (0x4)
 *(.text)
 .text          0x080028c8       0x14 c:/yagarto/bin/../lib/gcc/arm-none-eabi/4.9.3/armv6-m\libgcc.a(_thumb1_case_uqi.o)
                0x080028c8                __gnu_thumb1_case_uqi
 .text          0x080028dc      0x120 c:/yagarto/bin/../lib/gcc/arm-none-eabi/4.9.3/armv6-m\libgcc.a(_udivsi3.o)
                0x080028dc                __aeabi_uidiv
                0x080028dc                __udivsi3
                0x080029e8                __aeabi_uidivmod
 .text          0x080029fc      0x1e0 c:/yagarto/bin/../lib/gcc/arm-none-eabi/4.9.3/armv6-m\libgcc.a(_divsi3.o)
                0x080029fc                __divsi3
                0x080029fc                __aeabi_idiv
                0x08002bc8                __aeabi_idivmod
 .text          0x08002bdc        0x4 c:/yagarto/bin/../lib/gcc/arm-none-eabi/4.9.3/armv6-m\libgcc.a(_dvmd_tls.o)
                0x08002bdc                __aeabi_idiv0
                0x08002bdc                __aeabi_ldiv0
 .text          0x08002be0       0x7c c:/yagarto/bin/../lib/gcc/arm-none-eabi/4.9.3/armv6-m\libgcc.a(_arm_cmpdf2.o)
                0x08002be0                __aeabi_cdrcmple
                0x08002bf0                __aeabi_cdcmple
                0x08002bf0                __aeabi_cdcmpeq
                0x08002c00                __aeabi_dcmpeq
                0x08002c0c                __aeabi_dcmplt
                0x08002c20                __aeabi_dcmple
                0x08002c34                __aeabi_dcmpgt
                0x08002c48                __aeabi_dcmpge
 .text          0x08002c5c       0x74 c:/yagarto/bin/../lib/gcc/arm-none-eabi/4.9.3/armv6-m\libgcc.a(_arm_cmpsf2.o)
                0x08002c5c                __aeabi_cfrcmple
                0x08002c64                __aeabi_cfcmpeq
                0x08002c64                __aeabi_cfcmple
                0x08002c74                __aeabi_fcmpeq
                0x08002c80                __aeabi_fcmplt
                0x08002c94                __aeabi_fcmple
                0x08002ca8                __aeabi_fcmpgt
                0x08002cbc                __aeabi_fcmpge
 .text          0x08002cd0       0x3c c:/yagarto/bin/../lib/gcc/arm-none-eabi/4.9.3/armv6-m\libgcc.a(_fixunsdfsi.o)
                0x08002cd0                __aeabi_d2uiz
                0x08002cd0                __fixunsdfsi
 .text          0x08002d0c       0x54 c:/yagarto/bin/../lib/gcc/arm-none-eabi/4.9.3/armv6-m\libgcc.a(eqsf2.o)
                0x08002d0c                __eqsf2
                0x08002d0c                __nesf2
 .text          0x08002d60       0x94 c:/yagarto/bin/../lib/gcc/arm-none-eabi/4.9.3/armv6-m\libgcc.a(gesf2.o)
                0x08002d60                __gesf2
                0x08002d60                __gtsf2
 .text          0x08002df4       0x8c c:/yagarto/bin/../lib/gcc/arm-none-eabi/4.9.3/armv6-m\libgcc.a(lesf2.o)
                0x08002df4                __ltsf2
                0x08002df4                __lesf2
 .text          0x08002e80      0x264 c:/yagarto/bin/../lib/gcc/arm-none-eabi/4.9.3/armv6-m\libgcc.a(mulsf3.o)
                0x08002e80                __aeabi_fmul
 .text          0x080030e4       0x90 c:/yagarto/bin/../lib/gcc/arm-none-eabi/4.9.3/armv6-m\libgcc.a(floatsisf.o)
                0x080030e4                __aeabi_i2f
 .text          0x08003174      0x648 c:/yagarto/bin/../lib/gcc/arm-none-eabi/4.9.3/armv6-m\libgcc.a(divdf3.o)
                0x08003174                __aeabi_ddiv
 .text          0x080037bc       0x88 c:/yagarto/bin/../lib/gcc/arm-none-eabi/4.9.3/armv6-m\libgcc.a(eqdf2.o)
                0x080037bc                __nedf2
                0x080037bc                __eqdf2
 .text          0x08003844       0xe0 c:/yagarto/bin/../lib/gcc/arm-none-eabi/4.9.3/armv6-m\libgcc.a(gedf2.o)
                0x08003844                __gedf2
                0x08003844                __gtdf2
 .text          0x08003924       0xcc c:/yagarto/bin/../lib/gcc/arm-none-eabi/4.9.3/armv6-m\libgcc.a(ledf2.o)
                0x08003924                __ledf2
                0x08003924                __ltdf2
 .text          0x080039f0      0x534 c:/yagarto/bin/../lib/gcc/arm-none-eabi/4.9.3/armv6-m\libgcc.a(muldf3.o)
                0x080039f0                __aeabi_dmul
 .text          0x08003f24      0x6f4 c:/yagarto/bin/../lib/gcc/arm-none-eabi/4.9.3/armv6-m\libgcc.a(subdf3.o)
                0x08003f24                __aeabi_dsub
 .text          0x08004618       0x6c c:/yagarto/bin/../lib/gcc/arm-none-eabi/4.9.3/armv6-m\libgcc.a(fixdfsi.o)
                0x08004618                __aeabi_d2iz
 .text          0x08004684       0xa8 c:/yagarto/bin/../lib/gcc/arm-none-eabi/4.9.3/armv6-m\libgcc.a(extendsfdf2.o)
                0x08004684                __aeabi_f2d
 .text          0x0800472c       0x3c c:/yagarto/bin/../lib/gcc/arm-none-eabi/4.9.3/armv6-m\libgcc.a(_clzsi2.o)
                0x0800472c                __clzsi2
 .text          0x08004768       0x14 c:/yagarto/bin/../lib/gcc/arm-none-eabi/4.9.3/../../../../arm-none-eabi/lib/armv6-m\libc_nano.a(lib_a-strcmp.o)
                0x08004768                strcmp
 .text          0x0800477c      0x650 c:/yagarto/bin/../lib/gcc/arm-none-eabi/4.9.3/armv6-m\libgcc.a(adddf3.o)
                0x0800477c                __aeabi_dadd
 .text          0x08004dcc       0x78 c:/yagarto/bin/../lib/gcc/arm-none-eabi/4.9.3/armv6-m\libgcc.a(floatsidf.o)
                0x08004dcc                __aeabi_i2d
 .text          0x08004e44       0x64 c:/yagarto/bin/../lib/gcc/arm-none-eabi/4.9.3/armv6-m\libgcc.a(floatunsidf.o)
                0x08004e44                __aeabi_ui2d
 *(.text*)
 .text.Reset_Handler
                0x08004ea8       0x7c c:/yagarto/cmsis_cm0_v150/_startup/startup_stm32f072.o
                0x08004ea8                Reset_Handler
 .text.Default_Handler
                0x08004f24        0x2 c:/yagarto/cmsis_cm0_v150/_startup/startup_stm32f072.o
                0x08004f24                TIM1_CC_IRQHandler
                0x08004f24                TSC_IRQHandler
                0x08004f24                ADC1_COMP_IRQHandler
                0x08004f24                I2C1_IRQHandler
                0x08004f24                RCC_CRS_IRQHandler
                0x08004f24                SPI1_IRQHandler
                0x08004f24                TIM6_DAC_IRQHandler
                0x08004f24                USART3_4_IRQHandler
                0x08004f24                EXTI2_3_IRQHandler
                0x08004f24                I2C2_IRQHandler
                0x08004f24                TIM17_IRQHandler
                0x08004f24                CEC_CAN_IRQHandler
                0x08004f24                RTC_IRQHandler
                0x08004f24                PVD_VDDIO2_IRQHandler
                0x08004f24                DMA1_Channel4_5_6_7_IRQHandler
                0x08004f24                TIM16_IRQHandler
                0x08004f24                TIM3_IRQHandler
                0x08004f24                DMA1_Channel1_IRQHandler
                0x08004f24                Default_Handler
                0x08004f24                TIM14_IRQHandler
                0x08004f24                TIM7_IRQHandler
                0x08004f24                TIM15_IRQHandler
                0x08004f24                EXTI0_1_IRQHandler
                0x08004f24                USB_IRQHandler
                0x08004f24                SPI2_IRQHandler
                0x08004f24                WWDG_IRQHandler
                0x08004f24                TIM2_IRQHandler
                0x08004f24                DMA1_Channel2_3_IRQHandler
                0x08004f24                USART2_IRQHandler
                0x08004f24                FLASH_IRQHandler
                0x08004f24                TIM1_BRK_UP_TRG_COM_IRQHandler
 *fill*         0x08004f26        0x2 
 .text.SystemInit
                0x08004f28       0x68 main.o
                0x08004f28                SystemInit
 .text.startup.main
                0x08004f90       0x80 main.o
                0x08004f90                main
 .text.SysTick_Handler
                0x08005010       0x48 stm32f0xx_it.o
                0x08005010                SysTick_Handler
 .text.USART1_IRQHandler
                0x08005058       0x28 stm32f0xx_it.o
                0x08005058                USART1_IRQHandler
 .text.EXTI4_15_IRQHandler
                0x08005080       0x18 stm32f0xx_it.o
                0x08005080                EXTI4_15_IRQHandler
 .text.NMI_Handler
                0x08005098        0x2 stm32f0xx_it.o
                0x08005098                NMI_Handler
 .text.HardFault_Handler
                0x0800509a        0x2 stm32f0xx_it.o
                0x0800509a                HardFault_Handler
 .text.SVC_Handler
                0x0800509c        0x2 stm32f0xx_it.o
                0x0800509c                SVC_Handler
 .text.PendSV_Handler
                0x0800509e        0x2 stm32f0xx_it.o
                0x0800509e                PendSV_Handler
 .text._delay_us
                0x080050a0       0x1a _libs/misc.o
                0x080050a0                _delay_us
 .text._delay_ms_loop
                0x080050ba       0x1a _libs/misc.o
                0x080050ba                _delay_ms_loop
 .text._delay_nms_mm
                0x080050d4       0x14 _libs/misc.o
                0x080050d4                _delay_nms_mm
 .text._sbrk    0x080050e8       0x2c _libs/syscall.o
                0x080050e8                _sbrk
 .text._close   0x08005114        0x6 _libs/syscall.o
                0x08005114                _close
 .text._fstat   0x0800511a        0xa _libs/syscall.o
                0x0800511a                _fstat
 .text._isatty  0x08005124        0x4 _libs/syscall.o
                0x08005124                _isatty
 .text._lseek   0x08005128        0x4 _libs/syscall.o
                0x08005128                _lseek
 .text._read    0x0800512c        0x4 _libs/syscall.o
                0x0800512c                _read
 .text._write   0x08005130       0x30 _libs/syscall.o
                0x08005130                _write
 .text.CLI_Parse
                0x08005160       0xcc app/cli.o
                0x08005160                CLI_Parse
 .text.GlobalConfigRead
                0x0800522c       0x28 app/conf.o
                0x0800522c                GlobalConfigRead
 .text.GlobalConfigUpdate
                0x08005254       0x38 app/conf.o
                0x08005254                GlobalConfigUpdate
 .text.DISP_DrawPixel
                0x0800528c       0x34 app/disp.o
                0x0800528c                DISP_DrawPixel
 .text.DISP_GetState
                0x080052c0       0x10 app/disp.o
                0x080052c0                DISP_GetState
 .text.DISP_SetState
                0x080052d0       0x10 app/disp.o
                0x080052d0                DISP_SetState
 .text.DISP_Brightness
                0x080052e0       0x3c app/disp.o
                0x080052e0                DISP_Brightness
 .text.DISP_SetUpdate
                0x0800531c       0x14 app/disp.o
                0x0800531c                DISP_SetUpdate
 .text.DISP_Clear
                0x08005330       0x14 app/disp.o
                0x08005330                DISP_Clear
 .text.DISP_Update
                0x08005344       0xd0 app/disp.o
                0x08005344                DISP_Update
 .text.DISP_Config
                0x08005414       0x94 app/disp.o
                0x08005414                DISP_Config
 .text.GetFirstEmptyAddr
                0x080054a8       0x24 app/flash_eeprom.o
 .text.FLASH_EEPROM_ReadWord
                0x080054cc       0x38 app/flash_eeprom.o
                0x080054cc                FLASH_EEPROM_ReadWord
 .text.FLASH_EEPROM_ReadData
                0x08005504       0x2a app/flash_eeprom.o
                0x08005504                FLASH_EEPROM_ReadData
 *fill*         0x0800552e        0x2 
 .text.Rotate   0x08005530       0x54 app/flash_eeprom.o
 .text.FLASH_EEPROM_WriteWord
                0x08005584       0x54 app/flash_eeprom.o
                0x08005584                FLASH_EEPROM_WriteWord
 .text.FLASH_EEPROM_WriteData
                0x080055d8       0x28 app/flash_eeprom.o
                0x080055d8                FLASH_EEPROM_WriteData
 .text.FLASH_EEPROM_Config
                0x08005600        0xc app/flash_eeprom.o
                0x08005600                FLASH_EEPROM_Config
 .text.KEY_Config
                0x0800560c        0x2 app/key.o
                0x0800560c                KEY_Config
 *fill*         0x0800560e        0x2 
 .text.KEY_Parse
                0x08005610       0x74 app/key.o
                0x08005610                KEY_Parse
 .text.KEY_Read
                0x08005684       0x6c app/key.o
                0x08005684                KEY_Read
 .text.GetItemIdByName
                0x080056f0       0x2c app/menu.o
 .text.AddItem  0x0800571c       0x6c app/menu.o
 .text.MENU_Config
                0x08005788      0x13c app/menu.o
                0x08005788                MENU_Config
 .text.MENU_View
                0x080058c4      0x124 app/menu.o
                0x080058c4                MENU_View
 .text.MENU_IsToplevel
                0x080059e8       0x10 app/menu.o
                0x080059e8                MENU_IsToplevel
 .text.MENU_Action
                0x080059f8       0xe0 app/menu.o
                0x080059f8                MENU_Action
 .text.STRING_Get
                0x08005ad8       0x30 app/strings.o
                0x08005ad8                STRING_Get
 .text.CURRENT_GetVal
                0x08005b08        0xc bsp/current.o
                0x08005b08                CURRENT_GetVal
 .text.CURRENT_GetChannel
                0x08005b14        0xc bsp/current.o
                0x08005b14                CURRENT_GetChannel
 .text.CURRENT_SetChannel
                0x08005b20       0x34 bsp/current.o
                0x08005b20                CURRENT_SetChannel
 .text.CURRENT_Adjust
                0x08005b54      0x134 bsp/current.o
                0x08005b54                CURRENT_Adjust
 .text.CURRENT_Config
                0x08005c88       0x14 bsp/current.o
                0x08005c88                CURRENT_Config
 .text.DAC_Config
                0x08005c9c       0x46 bsp/dac_f0.o
                0x08005c9c                DAC_Config
 *fill*         0x08005ce2        0x2 
 .text.GPIO_Config
                0x08005ce4      0x104 bsp/gpio_f0.o
                0x08005ce4                GPIO_Config
 .text.GPIO_SetPB0
                0x08005de8       0x14 bsp/gpio_f0.o
                0x08005de8                GPIO_SetPB0
 .text.GPIO_SetPB1
                0x08005dfc       0x14 bsp/gpio_f0.o
                0x08005dfc                GPIO_SetPB1
 .text.GPIO_SetPB2
                0x08005e10       0x14 bsp/gpio_f0.o
                0x08005e10                GPIO_SetPB2
 .text.SPI2_SetCS
                0x08005e24       0x1c bsp/spi_f0.o
                0x08005e24                SPI2_SetCS
 .text.SPI2_Write_DMA
                0x08005e40       0x60 bsp/spi_f0.o
                0x08005e40                SPI2_Write_DMA
 .text.SPI2_Config
                0x08005ea0       0xb0 bsp/spi_f0.o
                0x08005ea0                SPI2_Config
 .text.TIMER2_Config
                0x08005f50       0x68 bsp/timer_f0.o
                0x08005f50                TIMER2_Config
 .text.USART_Config
                0x08005fb8       0xec bsp/usart_f0.o
                0x08005fb8                USART_Config
 .text.USART_Poll
                0x080060a4       0x2c bsp/usart_f0.o
                0x080060a4                USART_Poll
 .text.USART_RX_IDLE_IRQHandler
                0x080060d0       0xac bsp/usart_f0.o
                0x080060d0                USART_RX_IDLE_IRQHandler
 .text.WriteCmd
                0x0800617c       0x2c drv/lcd12832.o
 .text.WriteData
                0x080061a8       0x28 drv/lcd12832.o
 .text.LCD12832_Clear
                0x080061d0       0x36 drv/lcd12832.o
                0x080061d0                LCD12832_Clear
 .text.LCD12832_Write
                0x08006206       0x30 drv/lcd12832.o
                0x08006206                LCD12832_Write
 *fill*         0x08006236        0x2 
 .text.LCD12832_Init
                0x08006238       0x98 drv/lcd12832.o
                0x08006238                LCD12832_Init
 .text.UG_Init  0x080062d0       0x68 thirdparty/ugui/ugui.o
                0x080062d0                UG_Init
 .text.UG_SelectGUI
                0x08006338        0xc thirdparty/ugui/ugui.o
                0x08006338                UG_SelectGUI
 .text.UG_FontSelect
                0x08006344       0x18 thirdparty/ugui/ugui.o
                0x08006344                UG_FontSelect
 .text.UG_FillFrame
                0x0800635c       0x74 thirdparty/ugui/ugui.o
                0x0800635c                UG_FillFrame
 .text.UG_FillScreen
                0x080063d0       0x24 thirdparty/ugui/ugui.o
                0x080063d0                UG_FillScreen
 .text.UG_FontSetHSpace
                0x080063f4       0x10 thirdparty/ugui/ugui.o
                0x080063f4                UG_FontSetHSpace
 .text.UG_FontSetVSpace
                0x08006404       0x10 thirdparty/ugui/ugui.o
                0x08006404                UG_FontSetVSpace
 .text._UG_PutChar
                0x08006414      0x330 thirdparty/ugui/ugui.o
                0x08006414                _UG_PutChar
 .text.UG_PutChar
                0x08006744       0x18 thirdparty/ugui/ugui.o
                0x08006744                UG_PutChar
 .text.UG_PutString
                0x0800675c       0x80 thirdparty/ugui/ugui.o
                0x0800675c                UG_PutString
 .text.DAC_Init
                0x080067dc       0x2c .\libstm32f072_8m.a(stm32f0xx_dac.o)
                0x080067dc                DAC_Init
 .text.DAC_StructInit
                0x08006808        0xc .\libstm32f072_8m.a(stm32f0xx_dac.o)
                0x08006808                DAC_StructInit
 .text.DAC_Cmd  0x08006814       0x20 .\libstm32f072_8m.a(stm32f0xx_dac.o)
                0x08006814                DAC_Cmd
 .text.DAC_SetDualChannelData
                0x08006834       0x18 .\libstm32f072_8m.a(stm32f0xx_dac.o)
                0x08006834                DAC_SetDualChannelData
 .text.DMA_DeInit
                0x0800684c       0xf0 .\libstm32f072_8m.a(stm32f0xx_dma.o)
                0x0800684c                DMA_DeInit
 .text.DMA_Init
                0x0800693c       0x3c .\libstm32f072_8m.a(stm32f0xx_dma.o)
                0x0800693c                DMA_Init
 .text.DMA_StructInit
                0x08006978       0x1a .\libstm32f072_8m.a(stm32f0xx_dma.o)
                0x08006978                DMA_StructInit
 *fill*         0x08006992        0x2 
 .text.DMA_Cmd  0x08006994       0x1c .\libstm32f072_8m.a(stm32f0xx_dma.o)
                0x08006994                DMA_Cmd
 .text.DMA_SetCurrDataCounter
                0x080069b0        0x4 .\libstm32f072_8m.a(stm32f0xx_dma.o)
                0x080069b0                DMA_SetCurrDataCounter
 .text.DMA_GetCurrDataCounter
                0x080069b4        0x6 .\libstm32f072_8m.a(stm32f0xx_dma.o)
                0x080069b4                DMA_GetCurrDataCounter
 *fill*         0x080069ba        0x2 
 .text.DMA_GetFlagStatus
                0x080069bc       0x20 .\libstm32f072_8m.a(stm32f0xx_dma.o)
                0x080069bc                DMA_GetFlagStatus
 .text.DMA_ClearFlag
                0x080069dc       0x18 .\libstm32f072_8m.a(stm32f0xx_dma.o)
                0x080069dc                DMA_ClearFlag
 .text.EXTI_GetITStatus
                0x080069f4       0x14 .\libstm32f072_8m.a(stm32f0xx_exti.o)
                0x080069f4                EXTI_GetITStatus
 .text.EXTI_ClearITPendingBit
                0x08006a08        0xc .\libstm32f072_8m.a(stm32f0xx_exti.o)
                0x08006a08                EXTI_ClearITPendingBit
 .text.FLASH_SetLatency
                0x08006a14       0x14 .\libstm32f072_8m.a(stm32f0xx_flash.o)
                0x08006a14                FLASH_SetLatency
 .text.FLASH_Unlock
                0x08006a28       0x20 .\libstm32f072_8m.a(stm32f0xx_flash.o)
                0x08006a28                FLASH_Unlock
 .text.FLASH_Lock
                0x08006a48       0x10 .\libstm32f072_8m.a(stm32f0xx_flash.o)
                0x08006a48                FLASH_Lock
 .text.FLASH_GetStatus
                0x08006a58       0x24 .\libstm32f072_8m.a(stm32f0xx_flash.o)
                0x08006a58                FLASH_GetStatus
 .text.FLASH_WaitForLastOperation
                0x08006a7c       0x24 .\libstm32f072_8m.a(stm32f0xx_flash.o)
                0x08006a7c                FLASH_WaitForLastOperation
 .text.FLASH_ErasePage
                0x08006aa0       0x38 .\libstm32f072_8m.a(stm32f0xx_flash.o)
                0x08006aa0                FLASH_ErasePage
 .text.FLASH_ProgramHalfWord
                0x08006ad8       0x34 .\libstm32f072_8m.a(stm32f0xx_flash.o)
                0x08006ad8                FLASH_ProgramHalfWord
 .text.GPIO_Init
                0x08006b0c       0x78 .\libstm32f072_8m.a(stm32f0xx_gpio.o)
                0x08006b0c                GPIO_Init
 .text.GPIO_ReadInputDataBit
                0x08006b84        0xc .\libstm32f072_8m.a(stm32f0xx_gpio.o)
                0x08006b84                GPIO_ReadInputDataBit
 .text.GPIO_PinAFConfig
                0x08006b90       0x24 .\libstm32f072_8m.a(stm32f0xx_gpio.o)
                0x08006b90                GPIO_PinAFConfig
 .text.NVIC_Init
                0x08006bb4       0x60 .\libstm32f072_8m.a(stm32f0xx_misc.o)
                0x08006bb4                NVIC_Init
 .text.RCC_DeInit
                0x08006c14       0x60 .\libstm32f072_8m.a(stm32f0xx_rcc.o)
                0x08006c14                RCC_DeInit
 .text.RCC_PLLConfig
                0x08006c74       0x20 .\libstm32f072_8m.a(stm32f0xx_rcc.o)
                0x08006c74                RCC_PLLConfig
 .text.RCC_PLLCmd
                0x08006c94       0x24 .\libstm32f072_8m.a(stm32f0xx_rcc.o)
                0x08006c94                RCC_PLLCmd
 .text.RCC_SYSCLKConfig
                0x08006cb8       0x14 .\libstm32f072_8m.a(stm32f0xx_rcc.o)
                0x08006cb8                RCC_SYSCLKConfig
 .text.RCC_GetSYSCLKSource
                0x08006ccc       0x10 .\libstm32f072_8m.a(stm32f0xx_rcc.o)
                0x08006ccc                RCC_GetSYSCLKSource
 .text.RCC_HCLKConfig
                0x08006cdc       0x14 .\libstm32f072_8m.a(stm32f0xx_rcc.o)
                0x08006cdc                RCC_HCLKConfig
 .text.RCC_PCLKConfig
                0x08006cf0       0x18 .\libstm32f072_8m.a(stm32f0xx_rcc.o)
                0x08006cf0                RCC_PCLKConfig
 .text.RCC_GetClocksFreq
                0x08006d08      0x188 .\libstm32f072_8m.a(stm32f0xx_rcc.o)
                0x08006d08                RCC_GetClocksFreq
 .text.RCC_AHBPeriphClockCmd
                0x08006e90       0x18 .\libstm32f072_8m.a(stm32f0xx_rcc.o)
                0x08006e90                RCC_AHBPeriphClockCmd
 .text.RCC_APB2PeriphClockCmd
                0x08006ea8       0x18 .\libstm32f072_8m.a(stm32f0xx_rcc.o)
                0x08006ea8                RCC_APB2PeriphClockCmd
 .text.RCC_APB1PeriphClockCmd
                0x08006ec0       0x18 .\libstm32f072_8m.a(stm32f0xx_rcc.o)
                0x08006ec0                RCC_APB1PeriphClockCmd
 .text.RCC_APB2PeriphResetCmd
                0x08006ed8       0x18 .\libstm32f072_8m.a(stm32f0xx_rcc.o)
                0x08006ed8                RCC_APB2PeriphResetCmd
 .text.RCC_APB1PeriphResetCmd
                0x08006ef0       0x18 .\libstm32f072_8m.a(stm32f0xx_rcc.o)
                0x08006ef0                RCC_APB1PeriphResetCmd
 .text.RCC_GetFlagStatus
                0x08006f08       0x2c .\libstm32f072_8m.a(stm32f0xx_rcc.o)
                0x08006f08                RCC_GetFlagStatus
 .text.SPI_StructInit
                0x08006f34       0x1c .\libstm32f072_8m.a(stm32f0xx_spi.o)
                0x08006f34                SPI_StructInit
 .text.SPI_Init
                0x08006f50       0x54 .\libstm32f072_8m.a(stm32f0xx_spi.o)
                0x08006f50                SPI_Init
 .text.SPI_Cmd  0x08006fa4       0x12 .\libstm32f072_8m.a(stm32f0xx_spi.o)
                0x08006fa4                SPI_Cmd
 *fill*         0x08006fb6        0x2 
 .text.SPI_RxFIFOThresholdConfig
                0x08006fb8       0x14 .\libstm32f072_8m.a(stm32f0xx_spi.o)
                0x08006fb8                SPI_RxFIFOThresholdConfig
 .text.SPI_ReceiveData8
                0x08006fcc        0x6 .\libstm32f072_8m.a(stm32f0xx_spi.o)
                0x08006fcc                SPI_ReceiveData8
 .text.SPI_I2S_DMACmd
                0x08006fd2       0x12 .\libstm32f072_8m.a(stm32f0xx_spi.o)
                0x08006fd2                SPI_I2S_DMACmd
 .text.SPI_I2S_GetFlagStatus
                0x08006fe4        0xc .\libstm32f072_8m.a(stm32f0xx_spi.o)
                0x08006fe4                SPI_I2S_GetFlagStatus
 .text.SYSCFG_MemoryRemapConfig
                0x08006ff0       0x14 .\libstm32f072_8m.a(stm32f0xx_syscfg.o)
                0x08006ff0                SYSCFG_MemoryRemapConfig
 .text.TIM_TimeBaseInit
                0x08007004       0x78 .\libstm32f072_8m.a(stm32f0xx_tim.o)
                0x08007004                TIM_TimeBaseInit
 .text.TIM_ARRPreloadConfig
                0x0800707c       0x12 .\libstm32f072_8m.a(stm32f0xx_tim.o)
                0x0800707c                TIM_ARRPreloadConfig
 .text.TIM_Cmd  0x0800708e       0x12 .\libstm32f072_8m.a(stm32f0xx_tim.o)
                0x0800708e                TIM_Cmd
 .text.TIM_CtrlPWMOutputs
                0x080070a0       0x1a .\libstm32f072_8m.a(stm32f0xx_tim.o)
                0x080070a0                TIM_CtrlPWMOutputs
 *fill*         0x080070ba        0x2 
 .text.TIM_OC4Init
                0x080070bc       0x64 .\libstm32f072_8m.a(stm32f0xx_tim.o)
                0x080070bc                TIM_OC4Init
 .text.TIM_SetCompare4
                0x08007120        0x4 .\libstm32f072_8m.a(stm32f0xx_tim.o)
                0x08007120                TIM_SetCompare4
 .text.TIM_OC4PreloadConfig
                0x08007124       0x14 .\libstm32f072_8m.a(stm32f0xx_tim.o)
                0x08007124                TIM_OC4PreloadConfig
 .text.USART_DeInit
                0x08007138       0xd4 .\libstm32f072_8m.a(stm32f0xx_usart.o)
                0x08007138                USART_DeInit
 .text.USART_Init
                0x0800720c       0xb8 .\libstm32f072_8m.a(stm32f0xx_usart.o)
                0x0800720c                USART_Init
 .text.USART_StructInit
                0x080072c4       0x16 .\libstm32f072_8m.a(stm32f0xx_usart.o)
                0x080072c4                USART_StructInit
 .text.USART_Cmd
                0x080072da       0x12 .\libstm32f072_8m.a(stm32f0xx_usart.o)
                0x080072da                USART_Cmd
 .text.USART_SWAPPinCmd
                0x080072ec       0x1c .\libstm32f072_8m.a(stm32f0xx_usart.o)
                0x080072ec                USART_SWAPPinCmd
 .text.USART_SendData
                0x08007308        0x8 .\libstm32f072_8m.a(stm32f0xx_usart.o)
                0x08007308                USART_SendData
 .text.USART_DMACmd
                0x08007310       0x12 .\libstm32f072_8m.a(stm32f0xx_usart.o)
                0x08007310                USART_DMACmd
 .text.USART_ITConfig
                0x08007322       0x2e .\libstm32f072_8m.a(stm32f0xx_usart.o)
                0x08007322                USART_ITConfig
 .text.USART_GetFlagStatus
                0x08007350        0xc .\libstm32f072_8m.a(stm32f0xx_usart.o)
                0x08007350                USART_GetFlagStatus
 .text.USART_GetITStatus
                0x0800735c       0x3a .\libstm32f072_8m.a(stm32f0xx_usart.o)
                0x0800735c                USART_GetITStatus
 .text.USART_ClearITPendingBit
                0x08007396        0xa .\libstm32f072_8m.a(stm32f0xx_usart.o)
                0x08007396                USART_ClearITPendingBit
 .text.malloc   0x080073a0       0x14 c:/yagarto/bin/../lib/gcc/arm-none-eabi/4.9.3/../../../../arm-none-eabi/lib/armv6-m\libc_nano.a(lib_a-malloc.o)
                0x080073a0                malloc
 .text.free     0x080073b4       0x14 c:/yagarto/bin/../lib/gcc/arm-none-eabi/4.9.3/../../../../arm-none-eabi/lib/armv6-m\libc_nano.a(lib_a-malloc.o)
                0x080073b4                free
 .text.memcmp   0x080073c8       0x1e c:/yagarto/bin/../lib/gcc/arm-none-eabi/4.9.3/../../../../arm-none-eabi/lib/armv6-m\libc_nano.a(lib_a-memcmp.o)
                0x080073c8                memcmp
 .text.memcpy   0x080073e6       0x12 c:/yagarto/bin/../lib/gcc/arm-none-eabi/4.9.3/../../../../arm-none-eabi/lib/armv6-m\libc_nano.a(lib_a-memcpy.o)
                0x080073e6                memcpy
 .text.memset   0x080073f8       0x10 c:/yagarto/bin/../lib/gcc/arm-none-eabi/4.9.3/../../../../arm-none-eabi/lib/armv6-m\libc_nano.a(lib_a-memset.o)
                0x080073f8                memset
 .text._free_r  0x08007408       0x8c c:/yagarto/bin/../lib/gcc/arm-none-eabi/4.9.3/../../../../arm-none-eabi/lib/armv6-m\libc_nano.a(lib_a-nano-freer.o)
                0x08007408                _free_r
 .text._malloc_r
                0x08007494       0xb0 c:/yagarto/bin/../lib/gcc/arm-none-eabi/4.9.3/../../../../arm-none-eabi/lib/armv6-m\libc_nano.a(lib_a-nano-mallocr.o)
                0x08007494                _malloc_r
 .text.__cvt    0x08007544       0xc8 c:/yagarto/bin/../lib/gcc/arm-none-eabi/4.9.3/../../../../arm-none-eabi/lib/armv6-m\libc_nano.a(lib_a-nano-vfprintf_float.o)
                0x08007544                __cvt
 .text.__exponent
                0x0800760c       0x62 c:/yagarto/bin/../lib/gcc/arm-none-eabi/4.9.3/../../../../arm-none-eabi/lib/armv6-m\libc_nano.a(lib_a-nano-vfprintf_float.o)
                0x0800760c                __exponent
 *fill*         0x0800766e        0x2 
 .text._printf_float
                0x08007670      0x47c c:/yagarto/bin/../lib/gcc/arm-none-eabi/4.9.3/../../../../arm-none-eabi/lib/armv6-m\libc_nano.a(lib_a-nano-vfprintf_float.o)
                0x08007670                _printf_float
 .text._printf_common
                0x08007aec       0xdc c:/yagarto/bin/../lib/gcc/arm-none-eabi/4.9.3/../../../../arm-none-eabi/lib/armv6-m\libc_nano.a(lib_a-nano-vfprintf_i.o)
                0x08007aec                _printf_common
 .text._printf_i
                0x08007bc8      0x230 c:/yagarto/bin/../lib/gcc/arm-none-eabi/4.9.3/../../../../arm-none-eabi/lib/armv6-m\libc_nano.a(lib_a-nano-vfprintf_i.o)
                0x08007bc8                _printf_i
 .text._puts_r  0x08007df8       0xc2 c:/yagarto/bin/../lib/gcc/arm-none-eabi/4.9.3/../../../../arm-none-eabi/lib/armv6-m\libc_nano.a(lib_a-puts.o)
                0x08007df8                _puts_r
 *fill*         0x08007eba        0x2 
 .text.puts     0x08007ebc       0x14 c:/yagarto/bin/../lib/gcc/arm-none-eabi/4.9.3/../../../../arm-none-eabi/lib/armv6-m\libc_nano.a(lib_a-puts.o)
                0x08007ebc                puts
 .text.__fpclassifyd
                0x08007ed0       0x50 c:/yagarto/bin/../lib/gcc/arm-none-eabi/4.9.3/../../../../arm-none-eabi/lib/armv6-m\libc_nano.a(lib_a-s_fpclassify.o)
                0x08007ed0                __fpclassifyd
 .text._sbrk_r  0x08007f20       0x24 c:/yagarto/bin/../lib/gcc/arm-none-eabi/4.9.3/../../../../arm-none-eabi/lib/armv6-m\libc_nano.a(lib_a-sbrkr.o)
                0x08007f20                _sbrk_r
 .text.sprintf  0x08007f44       0x44 c:/yagarto/bin/../lib/gcc/arm-none-eabi/4.9.3/../../../../arm-none-eabi/lib/armv6-m\libc_nano.a(lib_a-sprintf.o)
                0x08007f44                siprintf
                0x08007f44                sprintf
 .text.strcasecmp
                0x08007f88       0x3c c:/yagarto/bin/../lib/gcc/arm-none-eabi/4.9.3/../../../../arm-none-eabi/lib/armv6-m\libc_nano.a(lib_a-strcasecmp.o)
                0x08007f88                strcasecmp
 .text.strcat   0x08007fc4       0x1a c:/yagarto/bin/../lib/gcc/arm-none-eabi/4.9.3/../../../../arm-none-eabi/lib/armv6-m\libc_nano.a(lib_a-strcat.o)
                0x08007fc4                strcat
 .text.strlen   0x08007fde        0xe c:/yagarto/bin/../lib/gcc/arm-none-eabi/4.9.3/../../../../arm-none-eabi/lib/armv6-m\libc_nano.a(lib_a-strlen.o)
                0x08007fde                strlen
 .text.strncpy  0x08007fec       0x28 c:/yagarto/bin/../lib/gcc/arm-none-eabi/4.9.3/../../../../arm-none-eabi/lib/armv6-m\libc_nano.a(lib_a-strncpy.o)
                0x08007fec                strncpy
 .text.strtok   0x08008014       0x64 c:/yagarto/bin/../lib/gcc/arm-none-eabi/4.9.3/../../../../arm-none-eabi/lib/armv6-m\libc_nano.a(lib_a-strtok.o)
                0x08008014                strtok
 .text.__strtok_r
                0x08008078       0x5e c:/yagarto/bin/../lib/gcc/arm-none-eabi/4.9.3/../../../../arm-none-eabi/lib/armv6-m\libc_nano.a(lib_a-strtok_r.o)
                0x08008078                __strtok_r
 *fill*         0x080080d6        0x2 
 .text.__swbuf_r
                0x080080d8       0xb0 c:/yagarto/bin/../lib/gcc/arm-none-eabi/4.9.3/../../../../arm-none-eabi/lib/armv6-m\libc_nano.a(lib_a-wbuf.o)
                0x080080d8                __swbuf_r
 .text.__swsetup_r
                0x08008188       0xe8 c:/yagarto/bin/../lib/gcc/arm-none-eabi/4.9.3/../../../../arm-none-eabi/lib/armv6-m\libc_nano.a(lib_a-wsetup.o)
                0x08008188                __swsetup_r
 .text.quorem   0x08008270      0x10e c:/yagarto/bin/../lib/gcc/arm-none-eabi/4.9.3/../../../../arm-none-eabi/lib/armv6-m\libc_nano.a(lib_a-dtoa.o)
 *fill*         0x0800837e        0x2 
 .text._dtoa_r  0x08008380      0xc00 c:/yagarto/bin/../lib/gcc/arm-none-eabi/4.9.3/../../../../arm-none-eabi/lib/armv6-m\libc_nano.a(lib_a-dtoa.o)
                0x08008380                _dtoa_r
 .text.__sflush_r
                0x08008f80      0x112 c:/yagarto/bin/../lib/gcc/arm-none-eabi/4.9.3/../../../../arm-none-eabi/lib/armv6-m\libc_nano.a(lib_a-fflush.o)
                0x08008f80                __sflush_r
 *fill*         0x08009092        0x2 
 .text._fflush_r
                0x08009094       0x58 c:/yagarto/bin/../lib/gcc/arm-none-eabi/4.9.3/../../../../arm-none-eabi/lib/armv6-m\libc_nano.a(lib_a-fflush.o)
                0x08009094                _fflush_r
 .text._cleanup_r
                0x080090ec       0x10 c:/yagarto/bin/../lib/gcc/arm-none-eabi/4.9.3/../../../../arm-none-eabi/lib/armv6-m\libc_nano.a(lib_a-findfp.o)
                0x080090ec                _cleanup_r
 .text.std.isra.0
                0x080090fc       0x48 c:/yagarto/bin/../lib/gcc/arm-none-eabi/4.9.3/../../../../arm-none-eabi/lib/armv6-m\libc_nano.a(lib_a-findfp.o)
 .text.__sfmoreglue
                0x08009144       0x2c c:/yagarto/bin/../lib/gcc/arm-none-eabi/4.9.3/../../../../arm-none-eabi/lib/armv6-m\libc_nano.a(lib_a-findfp.o)
                0x08009144                __sfmoreglue
 .text.__sinit  0x08009170       0x64 c:/yagarto/bin/../lib/gcc/arm-none-eabi/4.9.3/../../../../arm-none-eabi/lib/armv6-m\libc_nano.a(lib_a-findfp.o)
                0x08009170                __sinit
 .text.__sfp    0x080091d4       0x7c c:/yagarto/bin/../lib/gcc/arm-none-eabi/4.9.3/../../../../arm-none-eabi/lib/armv6-m\libc_nano.a(lib_a-findfp.o)
                0x080091d4                __sfp
 .text._fwalk_reent
                0x08009250       0x42 c:/yagarto/bin/../lib/gcc/arm-none-eabi/4.9.3/../../../../arm-none-eabi/lib/armv6-m\libc_nano.a(lib_a-fwalk.o)
                0x08009250                _fwalk_reent
 *fill*         0x08009292        0x2 
 .text._localeconv_r
                0x08009294        0x8 c:/yagarto/bin/../lib/gcc/arm-none-eabi/4.9.3/../../../../arm-none-eabi/lib/armv6-m\libc_nano.a(lib_a-locale.o)
                0x08009294                _localeconv_r
 .text.__smakebuf_r
                0x0800929c       0xb0 c:/yagarto/bin/../lib/gcc/arm-none-eabi/4.9.3/../../../../arm-none-eabi/lib/armv6-m\libc_nano.a(lib_a-makebuf.o)
                0x0800929c                __smakebuf_r
 .text.memchr   0x0800934c       0x16 c:/yagarto/bin/../lib/gcc/arm-none-eabi/4.9.3/../../../../arm-none-eabi/lib/armv6-m\libc_nano.a(lib_a-memchr.o)
                0x0800934c                memchr
 .text._Balloc  0x08009362       0x70 c:/yagarto/bin/../lib/gcc/arm-none-eabi/4.9.3/../../../../arm-none-eabi/lib/armv6-m\libc_nano.a(lib_a-mprec.o)
                0x08009362                _Balloc
 .text._Bfree   0x080093d2       0x32 c:/yagarto/bin/../lib/gcc/arm-none-eabi/4.9.3/../../../../arm-none-eabi/lib/armv6-m\libc_nano.a(lib_a-mprec.o)
                0x080093d2                _Bfree
 .text.__multadd
                0x08009404       0x78 c:/yagarto/bin/../lib/gcc/arm-none-eabi/4.9.3/../../../../arm-none-eabi/lib/armv6-m\libc_nano.a(lib_a-mprec.o)
                0x08009404                __multadd
 .text.__hi0bits
                0x0800947c       0x36 c:/yagarto/bin/../lib/gcc/arm-none-eabi/4.9.3/../../../../arm-none-eabi/lib/armv6-m\libc_nano.a(lib_a-mprec.o)
                0x0800947c                __hi0bits
 .text.__lo0bits
                0x080094b2       0x5e c:/yagarto/bin/../lib/gcc/arm-none-eabi/4.9.3/../../../../arm-none-eabi/lib/armv6-m\libc_nano.a(lib_a-mprec.o)
                0x080094b2                __lo0bits
 .text.__i2b    0x08009510       0x12 c:/yagarto/bin/../lib/gcc/arm-none-eabi/4.9.3/../../../../arm-none-eabi/lib/armv6-m\libc_nano.a(lib_a-mprec.o)
                0x08009510                __i2b
 .text.__multiply
                0x08009522      0x11a c:/yagarto/bin/../lib/gcc/arm-none-eabi/4.9.3/../../../../arm-none-eabi/lib/armv6-m\libc_nano.a(lib_a-mprec.o)
                0x08009522                __multiply
 .text.__pow5mult
                0x0800963c       0xa4 c:/yagarto/bin/../lib/gcc/arm-none-eabi/4.9.3/../../../../arm-none-eabi/lib/armv6-m\libc_nano.a(lib_a-mprec.o)
                0x0800963c                __pow5mult
 .text.__lshift
                0x080096e0       0xa4 c:/yagarto/bin/../lib/gcc/arm-none-eabi/4.9.3/../../../../arm-none-eabi/lib/armv6-m\libc_nano.a(lib_a-mprec.o)
                0x080096e0                __lshift
 .text.__mcmp   0x08009784       0x36 c:/yagarto/bin/../lib/gcc/arm-none-eabi/4.9.3/../../../../arm-none-eabi/lib/armv6-m\libc_nano.a(lib_a-mprec.o)
                0x08009784                __mcmp
 .text.__mdiff  0x080097ba       0xd6 c:/yagarto/bin/../lib/gcc/arm-none-eabi/4.9.3/../../../../arm-none-eabi/lib/armv6-m\libc_nano.a(lib_a-mprec.o)
                0x080097ba                __mdiff
 .text.__d2b    0x08009890       0xa8 c:/yagarto/bin/../lib/gcc/arm-none-eabi/4.9.3/../../../../arm-none-eabi/lib/armv6-m\libc_nano.a(lib_a-mprec.o)
                0x08009890                __d2b
 .text._calloc_r
                0x08009938       0x1c c:/yagarto/bin/../lib/gcc/arm-none-eabi/4.9.3/../../../../arm-none-eabi/lib/armv6-m\libc_nano.a(lib_a-nano-callocr.o)
                0x08009938                _calloc_r
 .text.__ssputs_r
                0x08009954       0xc0 c:/yagarto/bin/../lib/gcc/arm-none-eabi/4.9.3/../../../../arm-none-eabi/lib/armv6-m\libc_nano.a(lib_a-nano-svfprintf.o)
                0x08009954                __ssputs_r
 .text._svfprintf_r
                0x08009a14      0x1ec c:/yagarto/bin/../lib/gcc/arm-none-eabi/4.9.3/../../../../arm-none-eabi/lib/armv6-m\libc_nano.a(lib_a-nano-svfprintf.o)
                0x08009a14                _svfiprintf_r
                0x08009a14                _svfprintf_r
 .text.__sread  0x08009c00       0x28 c:/yagarto/bin/../lib/gcc/arm-none-eabi/4.9.3/../../../../arm-none-eabi/lib/armv6-m\libc_nano.a(lib_a-stdio.o)
                0x08009c00                __sread
 .text.__swrite
                0x08009c28       0x38 c:/yagarto/bin/../lib/gcc/arm-none-eabi/4.9.3/../../../../arm-none-eabi/lib/armv6-m\libc_nano.a(lib_a-stdio.o)
                0x08009c28                __swrite
 .text.__sseek  0x08009c60       0x2c c:/yagarto/bin/../lib/gcc/arm-none-eabi/4.9.3/../../../../arm-none-eabi/lib/armv6-m\libc_nano.a(lib_a-stdio.o)
                0x08009c60                __sseek
 .text.__sclose
                0x08009c8c        0xc c:/yagarto/bin/../lib/gcc/arm-none-eabi/4.9.3/../../../../arm-none-eabi/lib/armv6-m\libc_nano.a(lib_a-stdio.o)
                0x08009c8c                __sclose
 .text._write_r
                0x08009c98       0x28 c:/yagarto/bin/../lib/gcc/arm-none-eabi/4.9.3/../../../../arm-none-eabi/lib/armv6-m\libc_nano.a(lib_a-writer.o)
                0x08009c98                _write_r
 .text._close_r
                0x08009cc0       0x24 c:/yagarto/bin/../lib/gcc/arm-none-eabi/4.9.3/../../../../arm-none-eabi/lib/armv6-m\libc_nano.a(lib_a-closer.o)
                0x08009cc0                _close_r
 .text._fstat_r
                0x08009ce4       0x24 c:/yagarto/bin/../lib/gcc/arm-none-eabi/4.9.3/../../../../arm-none-eabi/lib/armv6-m\libc_nano.a(lib_a-fstatr.o)
                0x08009ce4                _fstat_r
 .text._isatty_r
                0x08009d08       0x24 c:/yagarto/bin/../lib/gcc/arm-none-eabi/4.9.3/../../../../arm-none-eabi/lib/armv6-m\libc_nano.a(lib_a-isattyr.o)
                0x08009d08                _isatty_r
 .text._lseek_r
                0x08009d2c       0x28 c:/yagarto/bin/../lib/gcc/arm-none-eabi/4.9.3/../../../../arm-none-eabi/lib/armv6-m\libc_nano.a(lib_a-lseekr.o)
                0x08009d2c                _lseek_r
 .text.memmove  0x08009d54       0x28 c:/yagarto/bin/../lib/gcc/arm-none-eabi/4.9.3/../../../../arm-none-eabi/lib/armv6-m\libc_nano.a(lib_a-memmove.o)
                0x08009d54                memmove
 .text._realloc_r
                0x08009d7c       0x4c c:/yagarto/bin/../lib/gcc/arm-none-eabi/4.9.3/../../../../arm-none-eabi/lib/armv6-m\libc_nano.a(lib_a-nano-reallocr.o)
                0x08009d7c                _realloc_r
 .text._read_r  0x08009dc8       0x28 c:/yagarto/bin/../lib/gcc/arm-none-eabi/4.9.3/../../../../arm-none-eabi/lib/armv6-m\libc_nano.a(lib_a-readr.o)
                0x08009dc8                _read_r
 .text._malloc_usable_size_r
                0x08009df0       0x16 c:/yagarto/bin/../lib/gcc/arm-none-eabi/4.9.3/../../../../arm-none-eabi/lib/armv6-m\libc_nano.a(lib_a-nano-msizer.o)
                0x08009df0                _malloc_usable_size_r
 *(.rodata)
 *fill*         0x08009e06        0x2 
 .rodata        0x08009e08       0x4c app/disp.o
 .rodata        0x08009e54       0x40 c:/yagarto/bin/../lib/gcc/arm-none-eabi/4.9.3/armv6-m\libgcc.a(mulsf3.o)
 .rodata        0x08009e94       0x40 c:/yagarto/bin/../lib/gcc/arm-none-eabi/4.9.3/armv6-m\libgcc.a(divdf3.o)
 .rodata        0x08009ed4       0x40 c:/yagarto/bin/../lib/gcc/arm-none-eabi/4.9.3/armv6-m\libgcc.a(muldf3.o)
 *(.rodata*)
 .rodata.str1.1
                0x08009f14       0x26 app/cli.o
 .rodata.str1.1
                0x08009f3a       0x3a app/disp.o
 .rodata.key_pin
                0x08009f74        0x8 app/key.o
                0x08009f74                key_pin
 .rodata.str1.1
                0x08009f7c       0x3e app/menu.o
                                 0x40 (size before relaxing)
 .rodata.str1.1
                0x08009fba      0x11e app/strings.o
 .rodata.sr5    0x0800a0d8       0x14 bsp/current.o
                0x0800a0d8                sr5
 .rodata.s123   0x0800a0ec       0x2c bsp/current.o
                0x0800a0ec                s123
 .rodata.s125   0x0800a118        0xc bsp/current.o
                0x0800a118                s125
 .rodata.sr10   0x0800a124       0x28 bsp/current.o
                0x0800a124                sr10
 .rodata.str1.1
                0x0800a14c        0x3 bsp/usart_f0.o
 .rodata.font_8x12
                0x0800a14f      0xc00 thirdparty/ugui/ugui.o
                0x0800a14f                font_8x12
 .rodata.font_8x16
                0x0800ad4f     0x1000 thirdparty/ugui/ugui.o
                0x0800ad4f                font_8x16
 *fill*         0x0800bd4f        0x1 
 .rodata.FONT_8X12
                0x0800bd50       0x14 thirdparty/ugui/ugui.o
                0x0800bd50                FONT_8X12
 .rodata.FONT_8X16
                0x0800bd64       0x14 thirdparty/ugui/ugui.o
                0x0800bd64                FONT_8X16
 .rodata.str1.1
                0x0800bd78       0x10 c:/yagarto/bin/../lib/gcc/arm-none-eabi/4.9.3/../../../../arm-none-eabi/lib/armv6-m\libc_nano.a(lib_a-nano-vfprintf_float.o)
                                 0x12 (size before relaxing)
 .rodata.str1.1
                0x0800bd88       0x22 c:/yagarto/bin/../lib/gcc/arm-none-eabi/4.9.3/../../../../arm-none-eabi/lib/armv6-m\libc_nano.a(lib_a-nano-vfprintf_i.o)
 .rodata._ctype_
                0x0800bdaa      0x101 c:/yagarto/bin/../lib/gcc/arm-none-eabi/4.9.3/../../../../arm-none-eabi/lib/armv6-m\libc_nano.a(lib_a-ctype_.o)
                0x0800bdaa                _ctype_
 .rodata.str1.1
                0x0800beab        0xd c:/yagarto/bin/../lib/gcc/arm-none-eabi/4.9.3/../../../../arm-none-eabi/lib/armv6-m\libc_nano.a(lib_a-dtoa.o)
                                  0xf (size before relaxing)
 .rodata.__sf_fake_stdin
                0x0800beb8       0x20 c:/yagarto/bin/../lib/gcc/arm-none-eabi/4.9.3/../../../../arm-none-eabi/lib/armv6-m\libc_nano.a(lib_a-findfp.o)
                0x0800beb8                __sf_fake_stdin
 .rodata.__sf_fake_stdout
                0x0800bed8       0x20 c:/yagarto/bin/../lib/gcc/arm-none-eabi/4.9.3/../../../../arm-none-eabi/lib/armv6-m\libc_nano.a(lib_a-findfp.o)
                0x0800bed8                __sf_fake_stdout
 .rodata.__sf_fake_stderr
                0x0800bef8       0x20 c:/yagarto/bin/../lib/gcc/arm-none-eabi/4.9.3/../../../../arm-none-eabi/lib/armv6-m\libc_nano.a(lib_a-findfp.o)
                0x0800bef8                __sf_fake_stderr
 .rodata.str1.1
                0x0800bf18        0x2 c:/yagarto/bin/../lib/gcc/arm-none-eabi/4.9.3/../../../../arm-none-eabi/lib/armv6-m\libc_nano.a(lib_a-impure.o)
 *fill*         0x0800bf1a        0x2 
 .rodata._global_impure_ptr
                0x0800bf1c        0x4 c:/yagarto/bin/../lib/gcc/arm-none-eabi/4.9.3/../../../../arm-none-eabi/lib/armv6-m\libc_nano.a(lib_a-impure.o)
                0x0800bf1c                _global_impure_ptr
 .rodata.str1.1
                0x0800bf20        0x6 c:/yagarto/bin/../lib/gcc/arm-none-eabi/4.9.3/../../../../arm-none-eabi/lib/armv6-m\libc_nano.a(lib_a-locale.o)
                                  0xb (size before relaxing)
 *fill*         0x0800bf26        0x2 
 .rodata.__mprec_tens
                0x0800bf28       0xc8 c:/yagarto/bin/../lib/gcc/arm-none-eabi/4.9.3/../../../../arm-none-eabi/lib/armv6-m\libc_nano.a(lib_a-mprec.o)
                0x0800bf28                __mprec_tens
 .rodata.__mprec_bigtens
                0x0800bff0       0x28 c:/yagarto/bin/../lib/gcc/arm-none-eabi/4.9.3/../../../../arm-none-eabi/lib/armv6-m\libc_nano.a(lib_a-mprec.o)
                0x0800bff0                __mprec_bigtens
 .rodata.p05.5308
                0x0800c018        0xc c:/yagarto/bin/../lib/gcc/arm-none-eabi/4.9.3/../../../../arm-none-eabi/lib/armv6-m\libc_nano.a(lib_a-mprec.o)
 .rodata.str1.1
                0x0800c024       0x11 c:/yagarto/bin/../lib/gcc/arm-none-eabi/4.9.3/../../../../arm-none-eabi/lib/armv6-m\libc_nano.a(lib_a-nano-svfprintf.o)
 *(.glue_7)
 .glue_7        0x00000000        0x0 linker stubs
 *(.glue_7t)
 .glue_7t       0x00000000        0x0 linker stubs
 *(.eh_frame)
 *(.init)
 *(.fini)
                0x0800c038                . = ALIGN (0x4)
 *fill*         0x0800c035        0x3 
                0x0800c038                _etext = .

.vfp11_veneer   0x0800c038        0x0
 .vfp11_veneer  0x00000000        0x0 linker stubs

.v4_bx          0x0800c038        0x0
 .v4_bx         0x00000000        0x0 linker stubs

.iplt           0x0800c038        0x0
 .iplt          0x00000000        0x0 c:/yagarto/cmsis_cm0_v150/_startup/startup_stm32f072.o

.rel.dyn        0x0800c038        0x0
 .rel.iplt      0x00000000        0x0 c:/yagarto/cmsis_cm0_v150/_startup/startup_stm32f072.o

.ARM.extab
 *(.ARM.extab* .gnu.linkonce.armextab.*)

.ARM            0x0800c038        0x0
                0x0800c038                __exidx_start = .
 *(.ARM.exidx*)
                0x0800c038                __exidx_end = .

.preinit_array  0x0800c038        0x0
                0x0800c038                PROVIDE (__preinit_array_start, .)
 *(.preinit_array*)
                0x0800c038                PROVIDE (__preinit_array_end, .)

.init_array     0x0800c038        0x0
                0x0800c038                PROVIDE (__init_array_start, .)
 *(SORT(.init_array.*))
 *(.init_array*)
                0x0800c038                PROVIDE (__init_array_end, .)

.fini_array     0x0800c038        0x0
                0x0800c038                PROVIDE (__fini_array_start, .)
 *(.fini_array*)
 *(SORT(.fini_array.*))
                0x0800c038                PROVIDE (__fini_array_end, .)
                0x0800c038                _sidata = .

.data           0x20000100      0x120 load address 0x0800c038
                0x20000100                . = ALIGN (0x4)
                0x20000100                _sdata = .
 *(.data)
 *(.data*)
 .data.flag_conf_updated
                0x20000100        0x1 app/conf.o
                0x20000100                flag_conf_updated
 *fill*         0x20000101        0x3 
 .data.dirs     0x20000104       0x14 app/menu.o
 .data.old_pos.8701
                0x20000118        0x4 app/menu.o
 .data.old_group.8700
                0x2000011c        0x4 app/menu.o
 .data.g_string
                0x20000120       0x50 app/strings.o
                0x20000120                g_string
 .data.APBAHBPrescTable
                0x20000170       0x10 .\libstm32f072_8m.a(stm32f0xx_rcc.o)
 .data.__ctype_ptr__
                0x20000180        0x4 c:/yagarto/bin/../lib/gcc/arm-none-eabi/4.9.3/../../../../arm-none-eabi/lib/armv6-m\libc_nano.a(lib_a-ctype_.o)
                0x20000180                __ctype_ptr__
 .data.impure_data
                0x20000184       0x60 c:/yagarto/bin/../lib/gcc/arm-none-eabi/4.9.3/../../../../arm-none-eabi/lib/armv6-m\libc_nano.a(lib_a-impure.o)
 .data._impure_ptr
                0x200001e4        0x4 c:/yagarto/bin/../lib/gcc/arm-none-eabi/4.9.3/../../../../arm-none-eabi/lib/armv6-m\libc_nano.a(lib_a-impure.o)
                0x200001e4                _impure_ptr
 .data.lconv    0x200001e8       0x38 c:/yagarto/bin/../lib/gcc/arm-none-eabi/4.9.3/../../../../arm-none-eabi/lib/armv6-m\libc_nano.a(lib_a-locale.o)
                0x20000220                . = ALIGN (0x4)
                0x20000220                _edata = .

.igot.plt       0x20000220        0x0 load address 0x0800c158
 .igot.plt      0x00000000        0x0 c:/yagarto/cmsis_cm0_v150/_startup/startup_stm32f072.o
                0x20000220                . = ALIGN (0x4)

.bss            0x20000220      0xf10 load address 0x0800c158
                0x20000220                _sbss = .
                0x20000220                __bss_start__ = _sbss
 *(.bss)
 *(.bss*)
 .bss.count.7378
                0x20000220        0x4 stm32f0xx_it.o
 .bss.g_usart_idle_count
                0x20000224        0x4 stm32f0xx_it.o
 .bss.s_pHeapEnd.7479
                0x20000228        0x4 _libs/syscall.o
 .bss.g_conf    0x2000022c        0x8 app/conf.o
 .bss.gui       0x20000234       0x70 app/disp.o
 .bss.g         0x200002a4      0x303 app/disp.o
 *fill*         0x200005a7        0x1 
 .bss.g         0x200005a8        0x8 app/flash_eeprom.o
 .bss.key.7390  0x200005b0       0x10 app/key.o
 .bss.g         0x200005c0      0x20c app/menu.o
 .bss.buf.7491  0x200007cc       0x20 app/strings.o
 .bss.g         0x200007ec       0x10 bsp/current.o
 .bss.g         0x200007fc      0x48c bsp/usart_f0.o
 .bss.g         0x20000c88       0x10 drv/lcd12832.o
 .bss.gui       0x20000c98        0x4 thirdparty/ugui/ugui.o
 .bss.__malloc_sbrk_start
                0x20000c9c        0x4 c:/yagarto/bin/../lib/gcc/arm-none-eabi/4.9.3/../../../../arm-none-eabi/lib/armv6-m\libc_nano.a(lib_a-nano-mallocr.o)
                0x20000c9c                __malloc_sbrk_start
 .bss.__malloc_free_list
                0x20000ca0        0x4 c:/yagarto/bin/../lib/gcc/arm-none-eabi/4.9.3/../../../../arm-none-eabi/lib/armv6-m\libc_nano.a(lib_a-nano-mallocr.o)
                0x20000ca0                __malloc_free_list
 *(COMMON)
 COMMON         0x20000ca4        0x4 _libs/misc.o
                0x20000ca4                g_nms
 COMMON         0x20000ca8      0x484 bsp/usart_f0.o
                0x20000ca8                usart1_rx_buf
                0x20001128                g_usartx_rx_buf
 COMMON         0x2000112c        0x4 c:/yagarto/bin/../lib/gcc/arm-none-eabi/4.9.3/../../../../arm-none-eabi/lib/armv6-m\libc_nano.a(lib_a-reent.o)
                0x2000112c                errno
                0x20001130                . = ALIGN (0x4)
                0x20001130                _ebss = .
                0x20001130                __bss_end__ = _ebss

._user_heap_stack
                0x20001130      0x400 load address 0x0800d068
                0x20001130                . = ALIGN (0x4)
                0x20001130                PROVIDE (end, .)
                0x20001130                PROVIDE (_end, .)
                0x20001130                . = (. + _Min_Heap_Size)
                0x20001530                . = (. + _Min_Stack_Size)
 *fill*         0x20001130      0x400 
                0x20001530                . = ALIGN (0x4)

.memory_b1_text
 *(.mb1text)
 *(.mb1text*)
 *(.mb1rodata)
 *(.mb1rodata*)

/DISCARD/
 libc.a(*)
 libm.a(*)
 libgcc.a(*)

.ARM.attributes
                0x00000000       0x2d
 *(.ARM.attributes)
 .ARM.attributes
                0x00000000       0x21 c:/yagarto/cmsis_cm0_v150/_startup/startup_stm32f072.o
 .ARM.attributes
                0x00000021       0x31 main.o
 .ARM.attributes
                0x00000052       0x31 stm32f0xx_it.o
 .ARM.attributes
                0x00000083       0x31 _libs/misc.o
 .ARM.attributes
                0x000000b4       0x31 _libs/syscall.o
 .ARM.attributes
                0x000000e5       0x31 app/cli.o
 .ARM.attributes
                0x00000116       0x31 app/conf.o
 .ARM.attributes
                0x00000147       0x31 app/disp.o
 .ARM.attributes
                0x00000178       0x31 app/flash_eeprom.o
 .ARM.attributes
                0x000001a9       0x31 app/key.o
 .ARM.attributes
                0x000001da       0x31 app/menu.o
 .ARM.attributes
                0x0000020b       0x31 app/strings.o
 .ARM.attributes
                0x0000023c       0x31 bsp/current.o
 .ARM.attributes
                0x0000026d       0x31 bsp/dac_f0.o
 .ARM.attributes
                0x0000029e       0x31 bsp/gpio_f0.o
 .ARM.attributes
                0x000002cf       0x31 bsp/spi_f0.o
 .ARM.attributes
                0x00000300       0x31 bsp/timer_f0.o
 .ARM.attributes
                0x00000331       0x31 bsp/usart_f0.o
 .ARM.attributes
                0x00000362       0x31 drv/lcd12832.o
 .ARM.attributes
                0x00000393       0x31 thirdparty/ugui/ugui.o
 .ARM.attributes
                0x000003c4       0x31 .\libstm32f072_8m.a(stm32f0xx_dac.o)
 .ARM.attributes
                0x000003f5       0x31 .\libstm32f072_8m.a(stm32f0xx_dma.o)
 .ARM.attributes
                0x00000426       0x31 .\libstm32f072_8m.a(stm32f0xx_exti.o)
 .ARM.attributes
                0x00000457       0x31 .\libstm32f072_8m.a(stm32f0xx_flash.o)
 .ARM.attributes
                0x00000488       0x31 .\libstm32f072_8m.a(stm32f0xx_gpio.o)
 .ARM.attributes
                0x000004b9       0x31 .\libstm32f072_8m.a(stm32f0xx_misc.o)
 .ARM.attributes
                0x000004ea       0x31 .\libstm32f072_8m.a(stm32f0xx_rcc.o)
 .ARM.attributes
                0x0000051b       0x31 .\libstm32f072_8m.a(stm32f0xx_spi.o)
 .ARM.attributes
                0x0000054c       0x31 .\libstm32f072_8m.a(stm32f0xx_syscfg.o)
 .ARM.attributes
                0x0000057d       0x31 .\libstm32f072_8m.a(stm32f0xx_tim.o)
 .ARM.attributes
                0x000005ae       0x31 .\libstm32f072_8m.a(stm32f0xx_usart.o)
 .ARM.attributes
                0x000005df       0x1e c:/yagarto/bin/../lib/gcc/arm-none-eabi/4.9.3/armv6-m\libgcc.a(_thumb1_case_uqi.o)
 .ARM.attributes
                0x000005fd       0x1e c:/yagarto/bin/../lib/gcc/arm-none-eabi/4.9.3/armv6-m\libgcc.a(_udivsi3.o)
 .ARM.attributes
                0x0000061b       0x1e c:/yagarto/bin/../lib/gcc/arm-none-eabi/4.9.3/armv6-m\libgcc.a(_divsi3.o)
 .ARM.attributes
                0x00000639       0x1e c:/yagarto/bin/../lib/gcc/arm-none-eabi/4.9.3/armv6-m\libgcc.a(_dvmd_tls.o)
 .ARM.attributes
                0x00000657       0x1e c:/yagarto/bin/../lib/gcc/arm-none-eabi/4.9.3/armv6-m\libgcc.a(_arm_cmpdf2.o)
 .ARM.attributes
                0x00000675       0x1e c:/yagarto/bin/../lib/gcc/arm-none-eabi/4.9.3/armv6-m\libgcc.a(_arm_cmpsf2.o)
 .ARM.attributes
                0x00000693       0x2c c:/yagarto/bin/../lib/gcc/arm-none-eabi/4.9.3/armv6-m\libgcc.a(_fixunsdfsi.o)
 .ARM.attributes
                0x000006bf       0x2c c:/yagarto/bin/../lib/gcc/arm-none-eabi/4.9.3/armv6-m\libgcc.a(eqsf2.o)
 .ARM.attributes
                0x000006eb       0x2c c:/yagarto/bin/../lib/gcc/arm-none-eabi/4.9.3/armv6-m\libgcc.a(gesf2.o)
 .ARM.attributes
                0x00000717       0x2c c:/yagarto/bin/../lib/gcc/arm-none-eabi/4.9.3/armv6-m\libgcc.a(lesf2.o)
 .ARM.attributes
                0x00000743       0x2c c:/yagarto/bin/../lib/gcc/arm-none-eabi/4.9.3/armv6-m\libgcc.a(mulsf3.o)
 .ARM.attributes
                0x0000076f       0x2c c:/yagarto/bin/../lib/gcc/arm-none-eabi/4.9.3/armv6-m\libgcc.a(floatsisf.o)
 .ARM.attributes
                0x0000079b       0x2c c:/yagarto/bin/../lib/gcc/arm-none-eabi/4.9.3/armv6-m\libgcc.a(divdf3.o)
 .ARM.attributes
                0x000007c7       0x2c c:/yagarto/bin/../lib/gcc/arm-none-eabi/4.9.3/armv6-m\libgcc.a(eqdf2.o)
 .ARM.attributes
                0x000007f3       0x2c c:/yagarto/bin/../lib/gcc/arm-none-eabi/4.9.3/armv6-m\libgcc.a(gedf2.o)
 .ARM.attributes
                0x0000081f       0x2c c:/yagarto/bin/../lib/gcc/arm-none-eabi/4.9.3/armv6-m\libgcc.a(ledf2.o)
 .ARM.attributes
                0x0000084b       0x2c c:/yagarto/bin/../lib/gcc/arm-none-eabi/4.9.3/armv6-m\libgcc.a(muldf3.o)
 .ARM.attributes
                0x00000877       0x2c c:/yagarto/bin/../lib/gcc/arm-none-eabi/4.9.3/armv6-m\libgcc.a(subdf3.o)
 .ARM.attributes
                0x000008a3       0x2c c:/yagarto/bin/../lib/gcc/arm-none-eabi/4.9.3/armv6-m\libgcc.a(fixdfsi.o)
 .ARM.attributes
                0x000008cf       0x2c c:/yagarto/bin/../lib/gcc/arm-none-eabi/4.9.3/armv6-m\libgcc.a(extendsfdf2.o)
 .ARM.attributes
                0x000008fb       0x1e c:/yagarto/bin/../lib/gcc/arm-none-eabi/4.9.3/armv6-m\libgcc.a(_clzsi2.o)
 .ARM.attributes
                0x00000919       0x2c c:/yagarto/bin/../lib/gcc/arm-none-eabi/4.9.3/../../../../arm-none-eabi/lib/armv6-m\libc_nano.a(lib_a-malloc.o)
 .ARM.attributes
                0x00000945       0x2c c:/yagarto/bin/../lib/gcc/arm-none-eabi/4.9.3/../../../../arm-none-eabi/lib/armv6-m\libc_nano.a(lib_a-memcmp.o)
 .ARM.attributes
                0x00000971       0x2c c:/yagarto/bin/../lib/gcc/arm-none-eabi/4.9.3/../../../../arm-none-eabi/lib/armv6-m\libc_nano.a(lib_a-memcpy.o)
 .ARM.attributes
                0x0000099d       0x2c c:/yagarto/bin/../lib/gcc/arm-none-eabi/4.9.3/../../../../arm-none-eabi/lib/armv6-m\libc_nano.a(lib_a-memset.o)
 .ARM.attributes
                0x000009c9       0x2c c:/yagarto/bin/../lib/gcc/arm-none-eabi/4.9.3/../../../../arm-none-eabi/lib/armv6-m\libc_nano.a(lib_a-nano-freer.o)
 .ARM.attributes
                0x000009f5       0x2c c:/yagarto/bin/../lib/gcc/arm-none-eabi/4.9.3/../../../../arm-none-eabi/lib/armv6-m\libc_nano.a(lib_a-nano-mallocr.o)
 .ARM.attributes
                0x00000a21       0x2c c:/yagarto/bin/../lib/gcc/arm-none-eabi/4.9.3/../../../../arm-none-eabi/lib/armv6-m\libc_nano.a(lib_a-nano-vfprintf_float.o)
 .ARM.attributes
                0x00000a4d       0x2c c:/yagarto/bin/../lib/gcc/arm-none-eabi/4.9.3/../../../../arm-none-eabi/lib/armv6-m\libc_nano.a(lib_a-nano-vfprintf_i.o)
 .ARM.attributes
                0x00000a79       0x2c c:/yagarto/bin/../lib/gcc/arm-none-eabi/4.9.3/../../../../arm-none-eabi/lib/armv6-m\libc_nano.a(lib_a-puts.o)
 .ARM.attributes
                0x00000aa5       0x2c c:/yagarto/bin/../lib/gcc/arm-none-eabi/4.9.3/../../../../arm-none-eabi/lib/armv6-m\libc_nano.a(lib_a-s_fpclassify.o)
 .ARM.attributes
                0x00000ad1       0x2c c:/yagarto/bin/../lib/gcc/arm-none-eabi/4.9.3/../../../../arm-none-eabi/lib/armv6-m\libc_nano.a(lib_a-sbrkr.o)
 .ARM.attributes
                0x00000afd       0x2c c:/yagarto/bin/../lib/gcc/arm-none-eabi/4.9.3/../../../../arm-none-eabi/lib/armv6-m\libc_nano.a(lib_a-sprintf.o)
 .ARM.attributes
                0x00000b29       0x2c c:/yagarto/bin/../lib/gcc/arm-none-eabi/4.9.3/../../../../arm-none-eabi/lib/armv6-m\libc_nano.a(lib_a-strcasecmp.o)
 .ARM.attributes
                0x00000b55       0x2c c:/yagarto/bin/../lib/gcc/arm-none-eabi/4.9.3/../../../../arm-none-eabi/lib/armv6-m\libc_nano.a(lib_a-strcat.o)
 .ARM.attributes
                0x00000b81       0x1c c:/yagarto/bin/../lib/gcc/arm-none-eabi/4.9.3/../../../../arm-none-eabi/lib/armv6-m\libc_nano.a(lib_a-strcmp.o)
 .ARM.attributes
                0x00000b9d       0x2c c:/yagarto/bin/../lib/gcc/arm-none-eabi/4.9.3/../../../../arm-none-eabi/lib/armv6-m\libc_nano.a(lib_a-strlen.o)
 .ARM.attributes
                0x00000bc9       0x2c c:/yagarto/bin/../lib/gcc/arm-none-eabi/4.9.3/../../../../arm-none-eabi/lib/armv6-m\libc_nano.a(lib_a-strncpy.o)
 .ARM.attributes
                0x00000bf5       0x2c c:/yagarto/bin/../lib/gcc/arm-none-eabi/4.9.3/../../../../arm-none-eabi/lib/armv6-m\libc_nano.a(lib_a-strtok.o)
 .ARM.attributes
                0x00000c21       0x2c c:/yagarto/bin/../lib/gcc/arm-none-eabi/4.9.3/../../../../arm-none-eabi/lib/armv6-m\libc_nano.a(lib_a-strtok_r.o)
 .ARM.attributes
                0x00000c4d       0x2c c:/yagarto/bin/../lib/gcc/arm-none-eabi/4.9.3/../../../../arm-none-eabi/lib/armv6-m\libc_nano.a(lib_a-wbuf.o)
 .ARM.attributes
                0x00000c79       0x2c c:/yagarto/bin/../lib/gcc/arm-none-eabi/4.9.3/../../../../arm-none-eabi/lib/armv6-m\libc_nano.a(lib_a-wsetup.o)
 .ARM.attributes
                0x00000ca5       0x2c c:/yagarto/bin/../lib/gcc/arm-none-eabi/4.9.3/../../../../arm-none-eabi/lib/armv6-m\libc_nano.a(lib_a-ctype_.o)
 .ARM.attributes
                0x00000cd1       0x2c c:/yagarto/bin/../lib/gcc/arm-none-eabi/4.9.3/../../../../arm-none-eabi/lib/armv6-m\libc_nano.a(lib_a-dtoa.o)
 .ARM.attributes
                0x00000cfd       0x2c c:/yagarto/bin/../lib/gcc/arm-none-eabi/4.9.3/../../../../arm-none-eabi/lib/armv6-m\libc_nano.a(lib_a-fflush.o)
 .ARM.attributes
                0x00000d29       0x2c c:/yagarto/bin/../lib/gcc/arm-none-eabi/4.9.3/../../../../arm-none-eabi/lib/armv6-m\libc_nano.a(lib_a-findfp.o)
 .ARM.attributes
                0x00000d55       0x2c c:/yagarto/bin/../lib/gcc/arm-none-eabi/4.9.3/../../../../arm-none-eabi/lib/armv6-m\libc_nano.a(lib_a-fwalk.o)
 .ARM.attributes
                0x00000d81       0x2c c:/yagarto/bin/../lib/gcc/arm-none-eabi/4.9.3/../../../../arm-none-eabi/lib/armv6-m\libc_nano.a(lib_a-impure.o)
 .ARM.attributes
                0x00000dad       0x2c c:/yagarto/bin/../lib/gcc/arm-none-eabi/4.9.3/../../../../arm-none-eabi/lib/armv6-m\libc_nano.a(lib_a-locale.o)
 .ARM.attributes
                0x00000dd9       0x2c c:/yagarto/bin/../lib/gcc/arm-none-eabi/4.9.3/../../../../arm-none-eabi/lib/armv6-m\libc_nano.a(lib_a-makebuf.o)
 .ARM.attributes
                0x00000e05       0x2c c:/yagarto/bin/../lib/gcc/arm-none-eabi/4.9.3/../../../../arm-none-eabi/lib/armv6-m\libc_nano.a(lib_a-memchr.o)
 .ARM.attributes
                0x00000e31       0x2c c:/yagarto/bin/../lib/gcc/arm-none-eabi/4.9.3/../../../../arm-none-eabi/lib/armv6-m\libc_nano.a(lib_a-mprec.o)
 .ARM.attributes
                0x00000e5d       0x2c c:/yagarto/bin/../lib/gcc/arm-none-eabi/4.9.3/../../../../arm-none-eabi/lib/armv6-m\libc_nano.a(lib_a-nano-callocr.o)
 .ARM.attributes
                0x00000e89       0x2c c:/yagarto/bin/../lib/gcc/arm-none-eabi/4.9.3/../../../../arm-none-eabi/lib/armv6-m\libc_nano.a(lib_a-nano-svfprintf.o)
 .ARM.attributes
                0x00000eb5       0x2c c:/yagarto/bin/../lib/gcc/arm-none-eabi/4.9.3/../../../../arm-none-eabi/lib/armv6-m\libc_nano.a(lib_a-reent.o)
 .ARM.attributes
                0x00000ee1       0x2c c:/yagarto/bin/../lib/gcc/arm-none-eabi/4.9.3/../../../../arm-none-eabi/lib/armv6-m\libc_nano.a(lib_a-stdio.o)
 .ARM.attributes
                0x00000f0d       0x2c c:/yagarto/bin/../lib/gcc/arm-none-eabi/4.9.3/../../../../arm-none-eabi/lib/armv6-m\libc_nano.a(lib_a-writer.o)
 .ARM.attributes
                0x00000f39       0x2c c:/yagarto/bin/../lib/gcc/arm-none-eabi/4.9.3/../../../../arm-none-eabi/lib/armv6-m\libc_nano.a(lib_a-closer.o)
 .ARM.attributes
                0x00000f65       0x2c c:/yagarto/bin/../lib/gcc/arm-none-eabi/4.9.3/../../../../arm-none-eabi/lib/armv6-m\libc_nano.a(lib_a-fstatr.o)
 .ARM.attributes
                0x00000f91       0x2c c:/yagarto/bin/../lib/gcc/arm-none-eabi/4.9.3/../../../../arm-none-eabi/lib/armv6-m\libc_nano.a(lib_a-isattyr.o)
 .ARM.attributes
                0x00000fbd       0x2c c:/yagarto/bin/../lib/gcc/arm-none-eabi/4.9.3/../../../../arm-none-eabi/lib/armv6-m\libc_nano.a(lib_a-lseekr.o)
 .ARM.attributes
                0x00000fe9       0x2c c:/yagarto/bin/../lib/gcc/arm-none-eabi/4.9.3/../../../../arm-none-eabi/lib/armv6-m\libc_nano.a(lib_a-memmove.o)
 .ARM.attributes
                0x00001015       0x2c c:/yagarto/bin/../lib/gcc/arm-none-eabi/4.9.3/../../../../arm-none-eabi/lib/armv6-m\libc_nano.a(lib_a-nano-reallocr.o)
 .ARM.attributes
                0x00001041       0x2c c:/yagarto/bin/../lib/gcc/arm-none-eabi/4.9.3/../../../../arm-none-eabi/lib/armv6-m\libc_nano.a(lib_a-readr.o)
 .ARM.attributes
                0x0000106d       0x2c c:/yagarto/bin/../lib/gcc/arm-none-eabi/4.9.3/../../../../arm-none-eabi/lib/armv6-m\libc_nano.a(lib_a-nano-msizer.o)
 .ARM.attributes
                0x00001099       0x2c c:/yagarto/bin/../lib/gcc/arm-none-eabi/4.9.3/armv6-m\libgcc.a(adddf3.o)
 .ARM.attributes
                0x000010c5       0x2c c:/yagarto/bin/../lib/gcc/arm-none-eabi/4.9.3/armv6-m\libgcc.a(floatsidf.o)
 .ARM.attributes
                0x000010f1       0x2c c:/yagarto/bin/../lib/gcc/arm-none-eabi/4.9.3/armv6-m\libgcc.a(floatunsidf.o)
OUTPUT(main_rom.elf elf32-littlearm)

.debug_line     0x00000000     0x6514
 .debug_line    0x00000000       0xac c:/yagarto/cmsis_cm0_v150/_startup/startup_stm32f072.o
 .debug_line    0x000000ac      0x253 main.o
 .debug_line    0x000002ff      0x212 stm32f0xx_it.o
 .debug_line    0x00000511       0x96 _libs/misc.o
 .debug_line    0x000005a7      0x208 _libs/syscall.o
 .debug_line    0x000007af      0x1b9 app/cli.o
 .debug_line    0x00000968      0x123 app/conf.o
 .debug_line    0x00000a8b      0x27d app/disp.o
 .debug_line    0x00000d08      0x1d2 app/flash_eeprom.o
 .debug_line    0x00000eda      0x18c app/key.o
 .debug_line    0x00001066      0x27b app/menu.o
 .debug_line    0x000012e1       0xb8 app/strings.o
 .debug_line    0x00001399      0x1e1 bsp/current.o
 .debug_line    0x0000157a      0x13a bsp/dac_f0.o
 .debug_line    0x000016b4      0x1b5 bsp/gpio_f0.o
 .debug_line    0x00001869      0x1de bsp/spi_f0.o
 .debug_line    0x00001a47      0x14a bsp/timer_f0.o
 .debug_line    0x00001b91      0x2ae bsp/usart_f0.o
 .debug_line    0x00001e3f      0x173 drv/lcd12832.o
 .debug_line    0x00001fb2     0x1a4b thirdparty/ugui/ugui.o
 .debug_line    0x000039fd      0x2c7 .\libstm32f072_8m.a(stm32f0xx_dac.o)
 .debug_line    0x00003cc4      0x255 .\libstm32f072_8m.a(stm32f0xx_dma.o)
 .debug_line    0x00003f19      0x1d5 .\libstm32f072_8m.a(stm32f0xx_exti.o)
 .debug_line    0x000040ee      0x4af .\libstm32f072_8m.a(stm32f0xx_flash.o)
 .debug_line    0x0000459d      0x26c .\libstm32f072_8m.a(stm32f0xx_gpio.o)
 .debug_line    0x00004809      0x168 .\libstm32f072_8m.a(stm32f0xx_misc.o)
 .debug_line    0x00004971      0x534 .\libstm32f072_8m.a(stm32f0xx_rcc.o)
 .debug_line    0x00004ea5      0x42b .\libstm32f072_8m.a(stm32f0xx_spi.o)
 .debug_line    0x000052d0      0x1b9 .\libstm32f072_8m.a(stm32f0xx_syscfg.o)
 .debug_line    0x00005489      0xabe .\libstm32f072_8m.a(stm32f0xx_tim.o)
 .debug_line    0x00005f47      0x5cd .\libstm32f072_8m.a(stm32f0xx_usart.o)

.debug_info     0x00000000    0x148cb
 .debug_info    0x00000000       0x9a c:/yagarto/cmsis_cm0_v150/_startup/startup_stm32f072.o
 .debug_info    0x0000009a      0x856 main.o
 .debug_info    0x000008f0      0x3e4 stm32f0xx_it.o
 .debug_info    0x00000cd4      0x183 _libs/misc.o
 .debug_info    0x00000e57      0x624 _libs/syscall.o
 .debug_info    0x0000147b      0x4ea app/cli.o
 .debug_info    0x00001965      0x2b7 app/conf.o
 .debug_info    0x00001c1c     0x112f app/disp.o
 .debug_info    0x00002d4b      0x4c2 app/flash_eeprom.o
 .debug_info    0x0000320d      0x46f app/key.o
 .debug_info    0x0000367c      0xc7c app/menu.o
 .debug_info    0x000042f8      0x204 app/strings.o
 .debug_info    0x000044fc      0x4c7 bsp/current.o
 .debug_info    0x000049c3      0x273 bsp/dac_f0.o
 .debug_info    0x00004c36      0x572 bsp/gpio_f0.o
 .debug_info    0x000051a8      0x98e bsp/spi_f0.o
 .debug_info    0x00005b36      0x5a4 bsp/timer_f0.o
 .debug_info    0x000060da      0xd0d bsp/usart_f0.o
 .debug_info    0x00006de7      0x5f9 drv/lcd12832.o
 .debug_info    0x000073e0     0x60cd thirdparty/ugui/ugui.o
 .debug_info    0x0000d4ad      0x6e5 .\libstm32f072_8m.a(stm32f0xx_dac.o)
 .debug_info    0x0000db92      0x50d .\libstm32f072_8m.a(stm32f0xx_dma.o)
 .debug_info    0x0000e09f      0x34c .\libstm32f072_8m.a(stm32f0xx_exti.o)
 .debug_info    0x0000e3eb      0xc09 .\libstm32f072_8m.a(stm32f0xx_flash.o)
 .debug_info    0x0000eff4      0x709 .\libstm32f072_8m.a(stm32f0xx_gpio.o)
 .debug_info    0x0000f6fd      0x3b6 .\libstm32f072_8m.a(stm32f0xx_misc.o)
 .debug_info    0x0000fab3      0xb65 .\libstm32f072_8m.a(stm32f0xx_rcc.o)
 .debug_info    0x00010618      0xc57 .\libstm32f072_8m.a(stm32f0xx_spi.o)
 .debug_info    0x0001126f      0x382 .\libstm32f072_8m.a(stm32f0xx_syscfg.o)
 .debug_info    0x000115f1     0x222f .\libstm32f072_8m.a(stm32f0xx_tim.o)
 .debug_info    0x00013820     0x10ab .\libstm32f072_8m.a(stm32f0xx_usart.o)

.debug_abbrev   0x00000000     0x3b5c
 .debug_abbrev  0x00000000       0x12 c:/yagarto/cmsis_cm0_v150/_startup/startup_stm32f072.o
 .debug_abbrev  0x00000012      0x25f main.o
 .debug_abbrev  0x00000271      0x1a3 stm32f0xx_it.o
 .debug_abbrev  0x00000414       0xe0 _libs/misc.o
 .debug_abbrev  0x000004f4      0x1cd _libs/syscall.o
 .debug_abbrev  0x000006c1      0x1f2 app/cli.o
 .debug_abbrev  0x000008b3      0x161 app/conf.o
 .debug_abbrev  0x00000a14      0x365 app/disp.o
 .debug_abbrev  0x00000d79      0x233 app/flash_eeprom.o
 .debug_abbrev  0x00000fac      0x20e app/key.o
 .debug_abbrev  0x000011ba      0x33d app/menu.o
 .debug_abbrev  0x000014f7      0x132 app/strings.o
 .debug_abbrev  0x00001629      0x22d bsp/current.o
 .debug_abbrev  0x00001856       0xf9 bsp/dac_f0.o
 .debug_abbrev  0x0000194f      0x173 bsp/gpio_f0.o
 .debug_abbrev  0x00001ac2      0x1f6 bsp/spi_f0.o
 .debug_abbrev  0x00001cb8      0x13a bsp/timer_f0.o
 .debug_abbrev  0x00001df2      0x267 bsp/usart_f0.o
 .debug_abbrev  0x00002059      0x1b1 drv/lcd12832.o
 .debug_abbrev  0x0000220a      0x356 thirdparty/ugui/ugui.o
 .debug_abbrev  0x00002560      0x210 .\libstm32f072_8m.a(stm32f0xx_dac.o)
 .debug_abbrev  0x00002770      0x1b5 .\libstm32f072_8m.a(stm32f0xx_dma.o)
 .debug_abbrev  0x00002925      0x1ce .\libstm32f072_8m.a(stm32f0xx_exti.o)
 .debug_abbrev  0x00002af3      0x275 .\libstm32f072_8m.a(stm32f0xx_flash.o)
 .debug_abbrev  0x00002d68      0x20a .\libstm32f072_8m.a(stm32f0xx_gpio.o)
 .debug_abbrev  0x00002f72      0x152 .\libstm32f072_8m.a(stm32f0xx_misc.o)
 .debug_abbrev  0x000030c4      0x24c .\libstm32f072_8m.a(stm32f0xx_rcc.o)
 .debug_abbrev  0x00003310      0x21f .\libstm32f072_8m.a(stm32f0xx_spi.o)
 .debug_abbrev  0x0000352f      0x18e .\libstm32f072_8m.a(stm32f0xx_syscfg.o)
 .debug_abbrev  0x000036bd      0x29c .\libstm32f072_8m.a(stm32f0xx_tim.o)
 .debug_abbrev  0x00003959      0x203 .\libstm32f072_8m.a(stm32f0xx_usart.o)

.debug_aranges  0x00000000     0x1458
 .debug_aranges
                0x00000000       0x28 c:/yagarto/cmsis_cm0_v150/_startup/startup_stm32f072.o
 .debug_aranges
                0x00000028       0x28 main.o
 .debug_aranges
                0x00000050       0x58 stm32f0xx_it.o
 .debug_aranges
                0x000000a8       0x40 _libs/misc.o
 .debug_aranges
                0x000000e8       0x60 _libs/syscall.o
 .debug_aranges
                0x00000148       0x20 app/cli.o
 .debug_aranges
                0x00000168       0x28 app/conf.o
 .debug_aranges
                0x00000190       0x58 app/disp.o
 .debug_aranges
                0x000001e8       0x60 app/flash_eeprom.o
 .debug_aranges
                0x00000248       0x30 app/key.o
 .debug_aranges
                0x00000278       0x48 app/menu.o
 .debug_aranges
                0x000002c0       0x20 app/strings.o
 .debug_aranges
                0x000002e0       0x48 bsp/current.o
 .debug_aranges
                0x00000328       0x20 bsp/dac_f0.o
 .debug_aranges
                0x00000348       0x38 bsp/gpio_f0.o
 .debug_aranges
                0x00000380       0x38 bsp/spi_f0.o
 .debug_aranges
                0x000003b8       0x20 bsp/timer_f0.o
 .debug_aranges
                0x000003d8       0x48 bsp/usart_f0.o
 .debug_aranges
                0x00000420       0x40 drv/lcd12832.o
 .debug_aranges
                0x00000460      0x560 thirdparty/ugui/ugui.o
 .debug_aranges
                0x000009c0       0xa0 .\libstm32f072_8m.a(stm32f0xx_dac.o)
 .debug_aranges
                0x00000a60       0x78 .\libstm32f072_8m.a(stm32f0xx_dma.o)
 .debug_aranges
                0x00000ad8       0x58 .\libstm32f072_8m.a(stm32f0xx_exti.o)
 .debug_aranges
                0x00000b30      0x110 .\libstm32f072_8m.a(stm32f0xx_flash.o)
 .debug_aranges
                0x00000c40       0x80 .\libstm32f072_8m.a(stm32f0xx_gpio.o)
 .debug_aranges
                0x00000cc0       0x30 .\libstm32f072_8m.a(stm32f0xx_misc.o)
 .debug_aranges
                0x00000cf0      0x160 .\libstm32f072_8m.a(stm32f0xx_rcc.o)
 .debug_aranges
                0x00000e50      0x110 .\libstm32f072_8m.a(stm32f0xx_spi.o)
 .debug_aranges
                0x00000f60       0x68 .\libstm32f072_8m.a(stm32f0xx_syscfg.o)
 .debug_aranges
                0x00000fc8      0x2f0 .\libstm32f072_8m.a(stm32f0xx_tim.o)
 .debug_aranges
                0x000012b8      0x1a0 .\libstm32f072_8m.a(stm32f0xx_usart.o)

.debug_ranges   0x00000000     0x1380
 .debug_ranges  0x00000000       0x20 c:/yagarto/cmsis_cm0_v150/_startup/startup_stm32f072.o
 .debug_ranges  0x00000020       0x38 main.o
 .debug_ranges  0x00000058       0x48 stm32f0xx_it.o
 .debug_ranges  0x000000a0       0x30 _libs/misc.o
 .debug_ranges  0x000000d0       0x50 _libs/syscall.o
 .debug_ranges  0x00000120       0x10 app/cli.o
 .debug_ranges  0x00000130       0x18 app/conf.o
 .debug_ranges  0x00000148       0x48 app/disp.o
 .debug_ranges  0x00000190       0x50 app/flash_eeprom.o
 .debug_ranges  0x000001e0       0x20 app/key.o
 .debug_ranges  0x00000200       0x88 app/menu.o
 .debug_ranges  0x00000288       0x10 app/strings.o
 .debug_ranges  0x00000298       0x58 bsp/current.o
 .debug_ranges  0x000002f0       0x10 bsp/dac_f0.o
 .debug_ranges  0x00000300       0x28 bsp/gpio_f0.o
 .debug_ranges  0x00000328       0x28 bsp/spi_f0.o
 .debug_ranges  0x00000350       0x10 bsp/timer_f0.o
 .debug_ranges  0x00000360       0x38 bsp/usart_f0.o
 .debug_ranges  0x00000398       0x30 drv/lcd12832.o
 .debug_ranges  0x000003c8      0x580 thirdparty/ugui/ugui.o
 .debug_ranges  0x00000948       0x90 .\libstm32f072_8m.a(stm32f0xx_dac.o)
 .debug_ranges  0x000009d8       0x68 .\libstm32f072_8m.a(stm32f0xx_dma.o)
 .debug_ranges  0x00000a40       0x48 .\libstm32f072_8m.a(stm32f0xx_exti.o)
 .debug_ranges  0x00000a88      0x100 .\libstm32f072_8m.a(stm32f0xx_flash.o)
 .debug_ranges  0x00000b88       0x70 .\libstm32f072_8m.a(stm32f0xx_gpio.o)
 .debug_ranges  0x00000bf8       0x20 .\libstm32f072_8m.a(stm32f0xx_misc.o)
 .debug_ranges  0x00000c18      0x150 .\libstm32f072_8m.a(stm32f0xx_rcc.o)
 .debug_ranges  0x00000d68      0x100 .\libstm32f072_8m.a(stm32f0xx_spi.o)
 .debug_ranges  0x00000e68       0x58 .\libstm32f072_8m.a(stm32f0xx_syscfg.o)
 .debug_ranges  0x00000ec0      0x330 .\libstm32f072_8m.a(stm32f0xx_tim.o)
 .debug_ranges  0x000011f0      0x190 .\libstm32f072_8m.a(stm32f0xx_usart.o)

.debug_loc      0x00000000     0xe067
 .debug_loc     0x00000000       0x40 main.o
 .debug_loc     0x00000040       0x60 stm32f0xx_it.o
 .debug_loc     0x000000a0       0xa2 _libs/misc.o
 .debug_loc     0x00000142      0x1e0 _libs/syscall.o
 .debug_loc     0x00000322      0x132 app/cli.o
 .debug_loc     0x00000454       0x79 app/conf.o
 .debug_loc     0x000004cd      0x1f0 app/disp.o
 .debug_loc     0x000006bd      0x3c4 app/flash_eeprom.o
 .debug_loc     0x00000a81       0xdc app/key.o
 .debug_loc     0x00000b5d      0x4ca app/menu.o
 .debug_loc     0x00001027       0x90 app/strings.o
 .debug_loc     0x000010b7       0xe9 bsp/current.o
 .debug_loc     0x000011a0       0x20 bsp/dac_f0.o
 .debug_loc     0x000011c0       0x20 bsp/gpio_f0.o
 .debug_loc     0x000011e0      0x127 bsp/spi_f0.o
 .debug_loc     0x00001307       0x2c bsp/timer_f0.o
 .debug_loc     0x00001333      0x256 bsp/usart_f0.o
 .debug_loc     0x00001589      0x23f drv/lcd12832.o
 .debug_loc     0x000017c8     0x780d thirdparty/ugui/ugui.o
 .debug_loc     0x00008fd5      0x566 .\libstm32f072_8m.a(stm32f0xx_dac.o)
 .debug_loc     0x0000953b      0x238 .\libstm32f072_8m.a(stm32f0xx_dma.o)
 .debug_loc     0x00009773      0x169 .\libstm32f072_8m.a(stm32f0xx_exti.o)
 .debug_loc     0x000098dc      0xabc .\libstm32f072_8m.a(stm32f0xx_flash.o)
 .debug_loc     0x0000a398      0x3aa .\libstm32f072_8m.a(stm32f0xx_gpio.o)
 .debug_loc     0x0000a742       0xd9 .\libstm32f072_8m.a(stm32f0xx_misc.o)
 .debug_loc     0x0000a81b      0x920 .\libstm32f072_8m.a(stm32f0xx_rcc.o)
 .debug_loc     0x0000b13b      0x6b6 .\libstm32f072_8m.a(stm32f0xx_spi.o)
 .debug_loc     0x0000b7f1      0x21b .\libstm32f072_8m.a(stm32f0xx_syscfg.o)
 .debug_loc     0x0000ba0c     0x1cf0 .\libstm32f072_8m.a(stm32f0xx_tim.o)
 .debug_loc     0x0000d6fc      0x96b .\libstm32f072_8m.a(stm32f0xx_usart.o)

.debug_str      0x00000000     0x4b4c
 .debug_str     0x00000000      0x5a8 main.o
                                0x611 (size before relaxing)
 .debug_str     0x000005a8      0x14f stm32f0xx_it.o
                                0x32a (size before relaxing)
 .debug_str     0x000006f7       0x4c _libs/misc.o
                                0x1db (size before relaxing)
 .debug_str     0x00000743      0x16e _libs/syscall.o
                                0x38a (size before relaxing)
 .debug_str     0x000008b1       0x7b app/cli.o
                                0x284 (size before relaxing)
 .debug_str     0x0000092c      0x100 app/conf.o
                                0x2a4 (size before relaxing)
 .debug_str     0x00000a2c      0x4e3 app/disp.o
                                0x7d0 (size before relaxing)
 .debug_str     0x00000f0f      0x14a app/flash_eeprom.o
                                0x334 (size before relaxing)
 .debug_str     0x00001059      0x139 app/key.o
                                0x38a (size before relaxing)
 .debug_str     0x00001192      0x10c app/menu.o
                                0x4b5 (size before relaxing)
 .debug_str     0x0000129e       0x1d app/strings.o
                                0x228 (size before relaxing)
 .debug_str     0x000012bb       0x67 bsp/current.o
                                0x31c (size before relaxing)
 .debug_str     0x00001322       0xab bsp/dac_f0.o
                                0x286 (size before relaxing)
 .debug_str     0x000013cd      0x198 bsp/gpio_f0.o
                                0x3db (size before relaxing)
 .debug_str     0x00001565      0x2a3 bsp/spi_f0.o
                                0x55a (size before relaxing)
 .debug_str     0x00001808      0x167 bsp/timer_f0.o
                                0x438 (size before relaxing)
 .debug_str     0x0000196f      0x24a bsp/usart_f0.o
                                0x824 (size before relaxing)
 .debug_str     0x00001bb9       0x26 drv/lcd12832.o
                                0x276 (size before relaxing)
 .debug_str     0x00001bdf      0xdeb thirdparty/ugui/ugui.o
                               0x1266 (size before relaxing)
 .debug_str     0x000029ca      0x226 .\libstm32f072_8m.a(stm32f0xx_dac.o)
                                0x469 (size before relaxing)
 .debug_str     0x00002bf0       0xcd .\libstm32f072_8m.a(stm32f0xx_dma.o)
                                0x401 (size before relaxing)
 .debug_str     0x00002cbd      0x16c .\libstm32f072_8m.a(stm32f0xx_exti.o)
                                0x34b (size before relaxing)
 .debug_str     0x00002e29      0x340 .\libstm32f072_8m.a(stm32f0xx_flash.o)
                                0x5ea (size before relaxing)
 .debug_str     0x00003169      0x139 .\libstm32f072_8m.a(stm32f0xx_gpio.o)
                                0x4ce (size before relaxing)
 .debug_str     0x000032a2       0x78 .\libstm32f072_8m.a(stm32f0xx_misc.o)
                                0x312 (size before relaxing)
 .debug_str     0x0000331a      0x4ae .\libstm32f072_8m.a(stm32f0xx_rcc.o)
                                0x7bb (size before relaxing)
 .debug_str     0x000037c8      0x2f8 .\libstm32f072_8m.a(stm32f0xx_spi.o)
                                0x793 (size before relaxing)
 .debug_str     0x00003ac0      0x199 .\libstm32f072_8m.a(stm32f0xx_syscfg.o)
                                0x394 (size before relaxing)
 .debug_str     0x00003c59      0x97d .\libstm32f072_8m.a(stm32f0xx_tim.o)
                                0xe28 (size before relaxing)
 .debug_str     0x000045d6      0x576 .\libstm32f072_8m.a(stm32f0xx_usart.o)
                                0x9e8 (size before relaxing)

.comment        0x00000000       0x70
 .comment       0x00000000       0x70 main.o
                                 0x71 (size before relaxing)
 .comment       0x00000000       0x71 stm32f0xx_it.o
 .comment       0x00000000       0x71 _libs/misc.o
 .comment       0x00000000       0x71 _libs/syscall.o
 .comment       0x00000000       0x71 app/cli.o
 .comment       0x00000000       0x71 app/conf.o
 .comment       0x00000000       0x71 app/disp.o
 .comment       0x00000000       0x71 app/flash_eeprom.o
 .comment       0x00000000       0x71 app/key.o
 .comment       0x00000000       0x71 app/menu.o
 .comment       0x00000000       0x71 app/strings.o
 .comment       0x00000000       0x71 bsp/current.o
 .comment       0x00000000       0x71 bsp/dac_f0.o
 .comment       0x00000000       0x71 bsp/gpio_f0.o
 .comment       0x00000000       0x71 bsp/spi_f0.o
 .comment       0x00000000       0x71 bsp/timer_f0.o
 .comment       0x00000000       0x71 bsp/usart_f0.o
 .comment       0x00000000       0x71 drv/lcd12832.o
 .comment       0x00000000       0x71 thirdparty/ugui/ugui.o
 .comment       0x00000000       0x71 .\libstm32f072_8m.a(stm32f0xx_dac.o)
 .comment       0x00000000       0x71 .\libstm32f072_8m.a(stm32f0xx_dma.o)
 .comment       0x00000000       0x71 .\libstm32f072_8m.a(stm32f0xx_exti.o)
 .comment       0x00000000       0x71 .\libstm32f072_8m.a(stm32f0xx_flash.o)
 .comment       0x00000000       0x71 .\libstm32f072_8m.a(stm32f0xx_gpio.o)
 .comment       0x00000000       0x71 .\libstm32f072_8m.a(stm32f0xx_misc.o)
 .comment       0x00000000       0x71 .\libstm32f072_8m.a(stm32f0xx_rcc.o)
 .comment       0x00000000       0x71 .\libstm32f072_8m.a(stm32f0xx_spi.o)
 .comment       0x00000000       0x71 .\libstm32f072_8m.a(stm32f0xx_syscfg.o)
 .comment       0x00000000       0x71 .\libstm32f072_8m.a(stm32f0xx_tim.o)
 .comment       0x00000000       0x71 .\libstm32f072_8m.a(stm32f0xx_usart.o)

.debug_frame    0x00000000     0x4330
 .debug_frame   0x00000000       0x48 main.o
 .debug_frame   0x00000048       0xb8 stm32f0xx_it.o
 .debug_frame   0x00000100       0x78 _libs/misc.o
 .debug_frame   0x00000178       0xb0 _libs/syscall.o
 .debug_frame   0x00000228       0x34 app/cli.o
 .debug_frame   0x0000025c       0x50 app/conf.o
 .debug_frame   0x000002ac       0xec app/disp.o
 .debug_frame   0x00000398      0x118 app/flash_eeprom.o
 .debug_frame   0x000004b0       0x5c app/key.o
 .debug_frame   0x0000050c       0xd8 app/menu.o
 .debug_frame   0x000005e4       0x2c app/strings.o
 .debug_frame   0x00000610       0xa0 bsp/current.o
 .debug_frame   0x000006b0       0x38 bsp/dac_f0.o
 .debug_frame   0x000006e8       0x6c bsp/gpio_f0.o
 .debug_frame   0x00000754       0x8c bsp/spi_f0.o
 .debug_frame   0x000007e0       0x30 bsp/timer_f0.o
 .debug_frame   0x00000810       0xe0 bsp/usart_f0.o
 .debug_frame   0x000008f0       0xb8 drv/lcd12832.o
 .debug_frame   0x000009a8     0x12b0 thirdparty/ugui/ugui.o
 .debug_frame   0x00001c58      0x148 .\libstm32f072_8m.a(stm32f0xx_dac.o)
 .debug_frame   0x00001da0       0xe0 .\libstm32f072_8m.a(stm32f0xx_dma.o)
 .debug_frame   0x00001e80       0x98 .\libstm32f072_8m.a(stm32f0xx_exti.o)
 .debug_frame   0x00001f18      0x2d4 .\libstm32f072_8m.a(stm32f0xx_flash.o)
 .debug_frame   0x000021ec      0x108 .\libstm32f072_8m.a(stm32f0xx_gpio.o)
 .debug_frame   0x000022f4       0x4c .\libstm32f072_8m.a(stm32f0xx_misc.o)
 .debug_frame   0x00002340      0x2c4 .\libstm32f072_8m.a(stm32f0xx_rcc.o)
 .debug_frame   0x00002604      0x22c .\libstm32f072_8m.a(stm32f0xx_spi.o)
 .debug_frame   0x00002830       0xb8 .\libstm32f072_8m.a(stm32f0xx_syscfg.o)
 .debug_frame   0x000028e8      0x694 .\libstm32f072_8m.a(stm32f0xx_tim.o)
 .debug_frame   0x00002f7c      0x350 .\libstm32f072_8m.a(stm32f0xx_usart.o)
 .debug_frame   0x000032cc       0x20 c:/yagarto/bin/../lib/gcc/arm-none-eabi/4.9.3/armv6-m\libgcc.a(_udivsi3.o)
 .debug_frame   0x000032ec       0x20 c:/yagarto/bin/../lib/gcc/arm-none-eabi/4.9.3/armv6-m\libgcc.a(_divsi3.o)
 .debug_frame   0x0000330c       0x2c c:/yagarto/bin/../lib/gcc/arm-none-eabi/4.9.3/armv6-m\libgcc.a(_fixunsdfsi.o)
 .debug_frame   0x00003338       0x2c c:/yagarto/bin/../lib/gcc/arm-none-eabi/4.9.3/armv6-m\libgcc.a(eqsf2.o)
 .debug_frame   0x00003364       0x30 c:/yagarto/bin/../lib/gcc/arm-none-eabi/4.9.3/armv6-m\libgcc.a(gesf2.o)
 .debug_frame   0x00003394       0x30 c:/yagarto/bin/../lib/gcc/arm-none-eabi/4.9.3/armv6-m\libgcc.a(lesf2.o)
 .debug_frame   0x000033c4       0x3c c:/yagarto/bin/../lib/gcc/arm-none-eabi/4.9.3/armv6-m\libgcc.a(mulsf3.o)
 .debug_frame   0x00003400       0x2c c:/yagarto/bin/../lib/gcc/arm-none-eabi/4.9.3/armv6-m\libgcc.a(floatsisf.o)
 .debug_frame   0x0000342c       0x3c c:/yagarto/bin/../lib/gcc/arm-none-eabi/4.9.3/armv6-m\libgcc.a(divdf3.o)
 .debug_frame   0x00003468       0x38 c:/yagarto/bin/../lib/gcc/arm-none-eabi/4.9.3/armv6-m\libgcc.a(eqdf2.o)
 .debug_frame   0x000034a0       0x38 c:/yagarto/bin/../lib/gcc/arm-none-eabi/4.9.3/armv6-m\libgcc.a(gedf2.o)
 .debug_frame   0x000034d8       0x38 c:/yagarto/bin/../lib/gcc/arm-none-eabi/4.9.3/armv6-m\libgcc.a(ledf2.o)
 .debug_frame   0x00003510       0x3c c:/yagarto/bin/../lib/gcc/arm-none-eabi/4.9.3/armv6-m\libgcc.a(muldf3.o)
 .debug_frame   0x0000354c       0x3c c:/yagarto/bin/../lib/gcc/arm-none-eabi/4.9.3/armv6-m\libgcc.a(subdf3.o)
 .debug_frame   0x00003588       0x2c c:/yagarto/bin/../lib/gcc/arm-none-eabi/4.9.3/armv6-m\libgcc.a(fixdfsi.o)
 .debug_frame   0x000035b4       0x2c c:/yagarto/bin/../lib/gcc/arm-none-eabi/4.9.3/armv6-m\libgcc.a(extendsfdf2.o)
 .debug_frame   0x000035e0       0x40 c:/yagarto/bin/../lib/gcc/arm-none-eabi/4.9.3/../../../../arm-none-eabi/lib/armv6-m\libc_nano.a(lib_a-malloc.o)
 .debug_frame   0x00003620       0x2c c:/yagarto/bin/../lib/gcc/arm-none-eabi/4.9.3/../../../../arm-none-eabi/lib/armv6-m\libc_nano.a(lib_a-memcmp.o)
 .debug_frame   0x0000364c       0x28 c:/yagarto/bin/../lib/gcc/arm-none-eabi/4.9.3/../../../../arm-none-eabi/lib/armv6-m\libc_nano.a(lib_a-memcpy.o)
 .debug_frame   0x00003674       0x20 c:/yagarto/bin/../lib/gcc/arm-none-eabi/4.9.3/../../../../arm-none-eabi/lib/armv6-m\libc_nano.a(lib_a-memset.o)
 .debug_frame   0x00003694       0x2c c:/yagarto/bin/../lib/gcc/arm-none-eabi/4.9.3/../../../../arm-none-eabi/lib/armv6-m\libc_nano.a(lib_a-nano-freer.o)
 .debug_frame   0x000036c0       0x2c c:/yagarto/bin/../lib/gcc/arm-none-eabi/4.9.3/../../../../arm-none-eabi/lib/armv6-m\libc_nano.a(lib_a-nano-mallocr.o)
 .debug_frame   0x000036ec       0x74 c:/yagarto/bin/../lib/gcc/arm-none-eabi/4.9.3/../../../../arm-none-eabi/lib/armv6-m\libc_nano.a(lib_a-nano-vfprintf_float.o)
 .debug_frame   0x00003760       0x54 c:/yagarto/bin/../lib/gcc/arm-none-eabi/4.9.3/../../../../arm-none-eabi/lib/armv6-m\libc_nano.a(lib_a-nano-vfprintf_i.o)
 .debug_frame   0x000037b4       0x44 c:/yagarto/bin/../lib/gcc/arm-none-eabi/4.9.3/../../../../arm-none-eabi/lib/armv6-m\libc_nano.a(lib_a-puts.o)
 .debug_frame   0x000037f8       0x2c c:/yagarto/bin/../lib/gcc/arm-none-eabi/4.9.3/../../../../arm-none-eabi/lib/armv6-m\libc_nano.a(lib_a-s_fpclassify.o)
 .debug_frame   0x00003824       0x2c c:/yagarto/bin/../lib/gcc/arm-none-eabi/4.9.3/../../../../arm-none-eabi/lib/armv6-m\libc_nano.a(lib_a-sbrkr.o)
 .debug_frame   0x00003850       0x50 c:/yagarto/bin/../lib/gcc/arm-none-eabi/4.9.3/../../../../arm-none-eabi/lib/armv6-m\libc_nano.a(lib_a-sprintf.o)
 .debug_frame   0x000038a0       0x30 c:/yagarto/bin/../lib/gcc/arm-none-eabi/4.9.3/../../../../arm-none-eabi/lib/armv6-m\libc_nano.a(lib_a-strcasecmp.o)
 .debug_frame   0x000038d0       0x28 c:/yagarto/bin/../lib/gcc/arm-none-eabi/4.9.3/../../../../arm-none-eabi/lib/armv6-m\libc_nano.a(lib_a-strcat.o)
 .debug_frame   0x000038f8       0x20 c:/yagarto/bin/../lib/gcc/arm-none-eabi/4.9.3/../../../../arm-none-eabi/lib/armv6-m\libc_nano.a(lib_a-strlen.o)
 .debug_frame   0x00003918       0x2c c:/yagarto/bin/../lib/gcc/arm-none-eabi/4.9.3/../../../../arm-none-eabi/lib/armv6-m\libc_nano.a(lib_a-strncpy.o)
 .debug_frame   0x00003944       0x30 c:/yagarto/bin/../lib/gcc/arm-none-eabi/4.9.3/../../../../arm-none-eabi/lib/armv6-m\libc_nano.a(lib_a-strtok.o)
 .debug_frame   0x00003974       0x48 c:/yagarto/bin/../lib/gcc/arm-none-eabi/4.9.3/../../../../arm-none-eabi/lib/armv6-m\libc_nano.a(lib_a-strtok_r.o)
 .debug_frame   0x000039bc       0x44 c:/yagarto/bin/../lib/gcc/arm-none-eabi/4.9.3/../../../../arm-none-eabi/lib/armv6-m\libc_nano.a(lib_a-wbuf.o)
 .debug_frame   0x00003a00       0x2c c:/yagarto/bin/../lib/gcc/arm-none-eabi/4.9.3/../../../../arm-none-eabi/lib/armv6-m\libc_nano.a(lib_a-wsetup.o)
 .debug_frame   0x00003a2c       0x54 c:/yagarto/bin/../lib/gcc/arm-none-eabi/4.9.3/../../../../arm-none-eabi/lib/armv6-m\libc_nano.a(lib_a-dtoa.o)
 .debug_frame   0x00003a80       0x68 c:/yagarto/bin/../lib/gcc/arm-none-eabi/4.9.3/../../../../arm-none-eabi/lib/armv6-m\libc_nano.a(lib_a-fflush.o)
 .debug_frame   0x00003ae8      0x140 c:/yagarto/bin/../lib/gcc/arm-none-eabi/4.9.3/../../../../arm-none-eabi/lib/armv6-m\libc_nano.a(lib_a-findfp.o)